node.exe : npm warn Unknown cli config "--tb". This will stop working in the 
next major version of npm.
At line:1 char:1
+ & "C:\Program Files\nodejs/node.exe" "C:\Users\1wasi\AppData\Roaming\ ...
+ ~~~~~~~~~~~~~~~~~~~~~~~~~~~~~~~~~~~~~~~~~~~~~~~~~~~~~~~~~~~~~~~~~~~~~
    + CategoryInfo          : NotSpecified: (npm warn Unknow...version of npm. 
   :String) [], RemoteException
    + FullyQualifiedErrorId : NativeCommandError
 

> v-flow-ai-backend-workspace@0.0.0 pytest
> python -m pytest tests

============================= test session starts =============================
platform win32 -- Python 3.11.9, pytest-9.0.2, pluggy-1.6.0
rootdir: C:\Users\1wasi\OneDrive\Desktop\voice-Flow\backend
configfile: pytest.ini
plugins: anyio-4.12.1, hydra-core-1.3.2
collected 411 items / 1 skipped

tests\test_account_delete_contract.py FFF                                [  0%]
tests\test_admin_accounting.py FFFFFFFF                                  [  2%]
tests\test_admin_authz.py FFFFFFFFFFFFFFFFFFFFFF                         [  8%]
tests\test_admin_phase2_control_plane.py FFFFFFFFF.F                     [ 10%]
tests\test_admin_unlock_and_security.py ...FF..F....                     [ 13%]
tests\test_ai_director_billing.py EEE                                    [ 14%]
tests\test_ai_ops_guardian.py .F.........                                [ 17%]
tests\test_app_import_boot.py .                                          [ 17%]
tests\test_audio_compat.py ..F                                           [ 18%]
tests\test_billing_db_hardening.py FFFFFFFFFFFFFFFFFFFFFFFFFF            [ 24%]
tests\test_coupon_phase1.py .........                                    [ 26%]
tests\test_env_loader.py .                                               [ 26%]
tests\test_firebase_auth_and_quota.py ..FFFFFF.F.FF.FFFFF.FFFFFFF..F..FF [ 35%]
FFFFFFFFFFFFFFFFFFFFFF..                                                 [ 40%]
tests\test_firebase_seed_admins.py .....                                 [ 42%]
tests\test_gateway_endpoint_contracts.py .......F....FF..F.FFF.F         [ 47%]
tests\test_gemini_runtime_cloud_tts.py ...........                       [ 50%]
tests\test_gemini_runtime_single_speaker_segmentation.py F.              [ 50%]
tests\test_gemini_runtime_studio_pair_groups.py ...........              [ 53%]
tests\test_gemini_runtime_text_only.py .                                 [ 53%]
tests\test_media_health_readiness.py F                                   [ 54%]
tests\test_notifications_inbox.py ...ssssssFFFs..                        [ 57%]
tests\test_ocr_import_allocator_fallback.py ...                          [ 58%]
tests\test_openvoice_artifact_security.py .FFFFFFF.                      [ 60%]
tests\test_openvoice_benchmark_modal_split.py FFFFFFFFFFFFF              [ 63%]
tests\test_prepare_endpoint_present.py .                                 [ 63%]
tests\test_public_watermark_and_publisher_contracts.py FF                [ 64%]
tests\test_queue_api_and_openvoice_validation.py ....................... [ 70%]
................                                                         [ 73%]
tests\test_razorpay_billing.py ........                                  [ 75%]
tests\test_runtime_contracts_script.py FFFF                              [ 76%]
tests\test_runtime_http_circuit_breaker.py ...                           [ 77%]
tests\test_source_separation_runtime.py F                                [ 77%]
tests\test_support_ai_autoreply.py FFF                                   [ 78%]
tests\test_system_version_contract.py .                                  [ 78%]
tests\test_tts_chunk_scheduler.py ..                                     [ 79%]
tests\test_tts_cloud_tasks_drain.py .......F.                            [ 81%]
tests\test_tts_refresh_billing_v2.py FFFFFFF                             [ 83%]
tests\test_tts_v2_app_hardening.py .F..                                  [ 84%]
tests\test_tts_v2_contract.py ................................           [ 91%]
tests\test_tts_v2_lane_safety.py ..                                      [ 92%]
tests\test_usage_reservation_contention.py FFF                           [ 93%]
tests\test_voice_clone_async_jobs.py EEE                                 [ 93%]
tests\test_voice_clone_paid_access_and_vc_grants.py FFF                  [ 94%]
tests\test_voice_clone_provider_switch_api.py EE                         [ 95%]
tests\test_voice_clone_stress_api.py EEEEEEEE                            [ 97%]
tests\test_voice_mapping_resolution.py FFFF.FFFF.F.                      [100%]

=================================== ERRORS ====================================
_ ERROR at setup of test_ai_generate_text_bills_platform_usage_from_gemini_tokens _

monkeypatch = <_pytest.monkeypatch.MonkeyPatch object at 0x000002703ED740D0>

    @pytest.fixture(autouse=True)
    def _reset_ai_director_state(monkeypatch: pytest.MonkeyPatch):
        monkeypatch.setattr(backend_app, "VF_AUTH_ENFORCE", False)
        backend_app._INMEMORY_ENTITLEMENTS.clear()
        backend_app._INMEMORY_USAGE_MONTHLY.clear()
        backend_app._INMEMORY_USAGE_DAILY.clear()
        backend_app._INMEMORY_USAGE_EVENTS.clear()
        backend_app._INMEMORY_NOTIFICATION_INBOX.clear()
>       backend_app._EXPENSIVE_REQUEST_LIMITER.clear_all_local_state()
        ^^^^^^^^^^^^^^^^^^^^^^^^^^^^^^^^^^^^^^
E       AttributeError: module 'app' has no attribute '_EXPENSIVE_REQUEST_LIMITER'

tests\test_ai_director_billing.py:31: AttributeError
__ ERROR at setup of test_ai_generate_text_marks_user_key_requests_unbilled ___

monkeypatch = <_pytest.monkeypatch.MonkeyPatch object at 0x000002703ED84850>

    @pytest.fixture(autouse=True)
    def _reset_ai_director_state(monkeypatch: pytest.MonkeyPatch):
        monkeypatch.setattr(backend_app, "VF_AUTH_ENFORCE", False)
        backend_app._INMEMORY_ENTITLEMENTS.clear()
        backend_app._INMEMORY_USAGE_MONTHLY.clear()
        backend_app._INMEMORY_USAGE_DAILY.clear()
        backend_app._INMEMORY_USAGE_EVENTS.clear()
        backend_app._INMEMORY_NOTIFICATION_INBOX.clear()
>       backend_app._EXPENSIVE_REQUEST_LIMITER.clear_all_local_state()
        ^^^^^^^^^^^^^^^^^^^^^^^^^^^^^^^^^^^^^^
E       AttributeError: module 'app' has no attribute '_EXPENSIVE_REQUEST_LIMITER'

tests\test_ai_director_billing.py:31: AttributeError
_ ERROR at setup of test_ai_generate_text_settles_zero_and_alerts_when_usage_and_recount_are_missing _

monkeypatch = <_pytest.monkeypatch.MonkeyPatch object at 0x000002703ED6DE10>

    @pytest.fixture(autouse=True)
    def _reset_ai_director_state(monkeypatch: pytest.MonkeyPatch):
        monkeypatch.setattr(backend_app, "VF_AUTH_ENFORCE", False)
        backend_app._INMEMORY_ENTITLEMENTS.clear()
        backend_app._INMEMORY_USAGE_MONTHLY.clear()
        backend_app._INMEMORY_USAGE_DAILY.clear()
        backend_app._INMEMORY_USAGE_EVENTS.clear()
        backend_app._INMEMORY_NOTIFICATION_INBOX.clear()
>       backend_app._EXPENSIVE_REQUEST_LIMITER.clear_all_local_state()
        ^^^^^^^^^^^^^^^^^^^^^^^^^^^^^^^^^^^^^^
E       AttributeError: module 'app' has no attribute '_EXPENSIVE_REQUEST_LIMITER'

tests\test_ai_director_billing.py:31: AttributeError
_ ERROR at setup of test_openvoice_async_job_is_deduped_and_hides_audio_base64 _

monkeypatch = <_pytest.monkeypatch.MonkeyPatch object at 0x00000270459C9A50>

    @pytest.fixture(autouse=True)
    def _voice_clone_job_isolation(monkeypatch: pytest.MonkeyPatch):
>       _reset_voice_clone_jobs()

tests\test_voice_clone_async_jobs.py:25: 
_ _ _ _ _ _ _ _ _ _ _ _ _ _ _ _ _ _ _ _ _ _ _ _ _ _ _ _ _ _ _ _ _ _ _ _ _ _ _ _

    def _reset_voice_clone_jobs() -> None:
>       with backend_app._VOICE_CLONE_JOB_LOCK:
             ^^^^^^^^^^^^^^^^^^^^^^^^^^^^^^^^^
E       AttributeError: module 'app' has no attribute '_VOICE_CLONE_JOB_LOCK'

tests\test_voice_clone_async_jobs.py:18: AttributeError
_ ERROR at setup of test_openvoice_async_job_registry_survives_restart_and_dedupes_via_redis _

monkeypatch = <_pytest.monkeypatch.MonkeyPatch object at 0x0000027045958FD0>

    @pytest.fixture(autouse=True)
    def _voice_clone_job_isolation(monkeypatch: pytest.MonkeyPatch):
>       _reset_voice_clone_jobs()

tests\test_voice_clone_async_jobs.py:25: 
_ _ _ _ _ _ _ _ _ _ _ _ _ _ _ _ _ _ _ _ _ _ _ _ _ _ _ _ _ _ _ _ _ _ _ _ _ _ _ _

    def _reset_voice_clone_jobs() -> None:
>       with backend_app._VOICE_CLONE_JOB_LOCK:
             ^^^^^^^^^^^^^^^^^^^^^^^^^^^^^^^^^
E       AttributeError: module 'app' has no attribute '_VOICE_CLONE_JOB_LOCK'

tests\test_voice_clone_async_jobs.py:18: AttributeError
_ ERROR at setup of test_voice_clone_cancel_endpoint_wins_over_inflight_success _

monkeypatch = <_pytest.monkeypatch.MonkeyPatch object at 0x0000027045F15350>

    @pytest.fixture(autouse=True)
    def _voice_clone_job_isolation(monkeypatch: pytest.MonkeyPatch):
>       _reset_voice_clone_jobs()

tests\test_voice_clone_async_jobs.py:25: 
_ _ _ _ _ _ _ _ _ _ _ _ _ _ _ _ _ _ _ _ _ _ _ _ _ _ _ _ _ _ _ _ _ _ _ _ _ _ _ _

    def _reset_voice_clone_jobs() -> None:
>       with backend_app._VOICE_CLONE_JOB_LOCK:
             ^^^^^^^^^^^^^^^^^^^^^^^^^^^^^^^^^
E       AttributeError: module 'app' has no attribute '_VOICE_CLONE_JOB_LOCK'

tests\test_voice_clone_async_jobs.py:18: AttributeError
_ ERROR at setup of test_provider_get_requires_ops_read_and_returns_modal_only_status _

monkeypatch = <_pytest.monkeypatch.MonkeyPatch object at 0x0000027045F1EA10>

    @pytest.fixture(autouse=True)
    def _provider_switch_isolation(monkeypatch: pytest.MonkeyPatch):
>       _reset_state()

tests\test_voice_clone_provider_switch_api.py:24: 
_ _ _ _ _ _ _ _ _ _ _ _ _ _ _ _ _ _ _ _ _ _ _ _ _ _ _ _ _ _ _ _ _ _ _ _ _ _ _ _

    def _reset_state() -> None:
>       backend_app._INMEMORY_OPENVOICE_RUNTIME_CONFIG.clear()
        ^^^^^^^^^^^^^^^^^^^^^^^^^^^^^^^^^^^^^^^^^^^^^^
E       AttributeError: module 'app' has no attribute '_INMEMORY_OPENVOICE_RUNTIME_CONFIG'

tests\test_voice_clone_provider_switch_api.py:13: AttributeError
_ ERROR at setup of test_provider_patch_requires_unlock_and_is_terminally_unsupported _

monkeypatch = <_pytest.monkeypatch.MonkeyPatch object at 0x000002704515F890>

    @pytest.fixture(autouse=True)
    def _provider_switch_isolation(monkeypatch: pytest.MonkeyPatch):
>       _reset_state()

tests\test_voice_clone_provider_switch_api.py:24: 
_ _ _ _ _ _ _ _ _ _ _ _ _ _ _ _ _ _ _ _ _ _ _ _ _ _ _ _ _ _ _ _ _ _ _ _ _ _ _ _

    def _reset_state() -> None:
>       backend_app._INMEMORY_OPENVOICE_RUNTIME_CONFIG.clear()
        ^^^^^^^^^^^^^^^^^^^^^^^^^^^^^^^^^^^^^^^^^^^^^^
E       AttributeError: module 'app' has no attribute '_INMEMORY_OPENVOICE_RUNTIME_CONFIG'

tests\test_voice_clone_provider_switch_api.py:13: AttributeError
__ ERROR at setup of test_voice_clone_stress_admin_routes_require_ops_mutate __

monkeypatch = <_pytest.monkeypatch.MonkeyPatch object at 0x0000027045F1EFD0>

    @pytest.fixture(autouse=True)
    def _stress_test_isolation(monkeypatch: pytest.MonkeyPatch):
>       _reset_stress_state()

tests\test_voice_clone_stress_api.py:27: 
_ _ _ _ _ _ _ _ _ _ _ _ _ _ _ _ _ _ _ _ _ _ _ _ _ _ _ _ _ _ _ _ _ _ _ _ _ _ _ _

    def _reset_stress_state() -> None:
>       backend_app._VOICE_CLONE_STRESS_JOBS.clear()
        ^^^^^^^^^^^^^^^^^^^^^^^^^^^^^^^^^^^^
E       AttributeError: module 'app' has no attribute '_VOICE_CLONE_STRESS_JOBS'

tests\test_voice_clone_stress_api.py:17: AttributeError
_ ERROR at setup of test_voice_clone_stress_start_and_cancel_enforce_admin_unlock _

monkeypatch = <_pytest.monkeypatch.MonkeyPatch object at 0x0000027045ED4890>

    @pytest.fixture(autouse=True)
    def _stress_test_isolation(monkeypatch: pytest.MonkeyPatch):
>       _reset_stress_state()

tests\test_voice_clone_stress_api.py:27: 
_ _ _ _ _ _ _ _ _ _ _ _ _ _ _ _ _ _ _ _ _ _ _ _ _ _ _ _ _ _ _ _ _ _ _ _ _ _ _ _

    def _reset_stress_state() -> None:
>       backend_app._VOICE_CLONE_STRESS_JOBS.clear()
        ^^^^^^^^^^^^^^^^^^^^^^^^^^^^^^^^^^^^
E       AttributeError: module 'app' has no attribute '_VOICE_CLONE_STRESS_JOBS'

tests\test_voice_clone_stress_api.py:17: AttributeError
_ ERROR at setup of test_voice_clone_stress_start_rejects_invalid_ramp_bounds _

monkeypatch = <_pytest.monkeypatch.MonkeyPatch object at 0x000002704593AC50>

    @pytest.fixture(autouse=True)
    def _stress_test_isolation(monkeypatch: pytest.MonkeyPatch):
>       _reset_stress_state()

tests\test_voice_clone_stress_api.py:27: 
_ _ _ _ _ _ _ _ _ _ _ _ _ _ _ _ _ _ _ _ _ _ _ _ _ _ _ _ _ _ _ _ _ _ _ _ _ _ _ _

    def _reset_stress_state() -> None:
>       backend_app._VOICE_CLONE_STRESS_JOBS.clear()
        ^^^^^^^^^^^^^^^^^^^^^^^^^^^^^^^^^^^^
E       AttributeError: module 'app' has no attribute '_VOICE_CLONE_STRESS_JOBS'

tests\test_voice_clone_stress_api.py:17: AttributeError
____ ERROR at setup of test_voice_clone_stress_v1_admin_route_aliases_work ____

monkeypatch = <_pytest.monkeypatch.MonkeyPatch object at 0x000002702DCFBA50>

    @pytest.fixture(autouse=True)
    def _stress_test_isolation(monkeypatch: pytest.MonkeyPatch):
>       _reset_stress_state()

tests\test_voice_clone_stress_api.py:27: 
_ _ _ _ _ _ _ _ _ _ _ _ _ _ _ _ _ _ _ _ _ _ _ _ _ _ _ _ _ _ _ _ _ _ _ _ _ _ _ _

    def _reset_stress_state() -> None:
>       backend_app._VOICE_CLONE_STRESS_JOBS.clear()
        ^^^^^^^^^^^^^^^^^^^^^^^^^^^^^^^^^^^^
E       AttributeError: module 'app' has no attribute '_VOICE_CLONE_STRESS_JOBS'

tests\test_voice_clone_stress_api.py:17: AttributeError
_ ERROR at setup of test_voice_clone_stress_defaults_use_two_way_concurrency __

monkeypatch = <_pytest.monkeypatch.MonkeyPatch object at 0x0000027045F5B7D0>

    @pytest.fixture(autouse=True)
    def _stress_test_isolation(monkeypatch: pytest.MonkeyPatch):
>       _reset_stress_state()

tests\test_voice_clone_stress_api.py:27: 
_ _ _ _ _ _ _ _ _ _ _ _ _ _ _ _ _ _ _ _ _ _ _ _ _ _ _ _ _ _ _ _ _ _ _ _ _ _ _ _

    def _reset_stress_state() -> None:
>       backend_app._VOICE_CLONE_STRESS_JOBS.clear()
        ^^^^^^^^^^^^^^^^^^^^^^^^^^^^^^^^^^^^
E       AttributeError: module 'app' has no attribute '_VOICE_CLONE_STRESS_JOBS'

tests\test_voice_clone_stress_api.py:17: AttributeError
_ ERROR at setup of test_voice_clone_stress_voice_clone_ramp_stops_on_failure_and_stays_no_billing _

monkeypatch = <_pytest.monkeypatch.MonkeyPatch object at 0x000002702DC88390>

    @pytest.fixture(autouse=True)
    def _stress_test_isolation(monkeypatch: pytest.MonkeyPatch):
>       _reset_stress_state()

tests\test_voice_clone_stress_api.py:27: 
_ _ _ _ _ _ _ _ _ _ _ _ _ _ _ _ _ _ _ _ _ _ _ _ _ _ _ _ _ _ _ _ _ _ _ _ _ _ _ _

    def _reset_stress_state() -> None:
>       backend_app._VOICE_CLONE_STRESS_JOBS.clear()
        ^^^^^^^^^^^^^^^^^^^^^^^^^^^^^^^^^^^^
E       AttributeError: module 'app' has no attribute '_VOICE_CLONE_STRESS_JOBS'

tests\test_voice_clone_stress_api.py:17: AttributeError
_ ERROR at setup of test_voice_clone_stress_cancel_transitions_to_cancelled_and_halts_dispatch _

monkeypatch = <_pytest.monkeypatch.MonkeyPatch object at 0x0000027045914050>

    @pytest.fixture(autouse=True)
    def _stress_test_isolation(monkeypatch: pytest.MonkeyPatch):
>       _reset_stress_state()

tests\test_voice_clone_stress_api.py:27: 
_ _ _ _ _ _ _ _ _ _ _ _ _ _ _ _ _ _ _ _ _ _ _ _ _ _ _ _ _ _ _ _ _ _ _ _ _ _ _ _

    def _reset_stress_state() -> None:
>       backend_app._VOICE_CLONE_STRESS_JOBS.clear()
        ^^^^^^^^^^^^^^^^^^^^^^^^^^^^^^^^^^^^
E       AttributeError: module 'app' has no attribute '_VOICE_CLONE_STRESS_JOBS'

tests\test_voice_clone_stress_api.py:17: AttributeError
_ ERROR at setup of test_voice_clone_stress_gemini_flash_pins_prime_and_reports_throughput _

monkeypatch = <_pytest.monkeypatch.MonkeyPatch object at 0x0000027045916D50>

    @pytest.fixture(autouse=True)
    def _stress_test_isolation(monkeypatch: pytest.MonkeyPatch):
>       _reset_stress_state()

tests\test_voice_clone_stress_api.py:27: 
_ _ _ _ _ _ _ _ _ _ _ _ _ _ _ _ _ _ _ _ _ _ _ _ _ _ _ _ _ _ _ _ _ _ _ _ _ _ _ _

    def _reset_stress_state() -> None:
>       backend_app._VOICE_CLONE_STRESS_JOBS.clear()
        ^^^^^^^^^^^^^^^^^^^^^^^^^^^^^^^^^^^^
E       AttributeError: module 'app' has no attribute '_VOICE_CLONE_STRESS_JOBS'

tests\test_voice_clone_stress_api.py:17: AttributeError
================================== FAILURES ===================================
___________ test_account_delete_accepts_backend_confirmation_phrase ___________

monkeypatch = <_pytest.monkeypatch.MonkeyPatch object at 0x000002703E2B8E10>

    def test_account_delete_accepts_backend_confirmation_phrase(monkeypatch) -> None:
        monkeypatch.setattr(backend_app, "VF_AUTH_ENFORCE", False)
    
        captured: dict[str, object] = {}
    
        def _fake_cleanup(uid: str, *, delete_auth_user: bool = True):
            captured["uid"] = uid
            captured["delete_auth_user"] = delete_auth_user
            return {
                "uid": uid,
                "profileBefore": {"uid": uid, "userId": "self_user"},
                "userIdBefore": "self_user",
                "deletionSummary": {
                    "deletedCount": 2,
                    "failedCount": 0,
                    "collections": {"users": {"deletedCount": 1, "failedCount": 0}, "user_id_index": {"deletedCount": 1, "failedCount": 0}},
                },
            }
    
>       monkeypatch.setattr(backend_app, "_delete_user_account_cleanup", _fake_cleanup)
E       AttributeError: <module 'app' from 'C:\\Users\\1wasi\\OneDrive\\Desktop\\voice-Flow\\backend\\app.py'> has no attribute '_delete_user_account_cleanup'

tests\test_account_delete_contract.py:27: AttributeError
___________ test_account_delete_rejects_spaced_confirmation_phrase ____________

monkeypatch = <_pytest.monkeypatch.MonkeyPatch object at 0x000002703EBF41D0>

    def test_account_delete_rejects_spaced_confirmation_phrase(monkeypatch) -> None:
        monkeypatch.setattr(backend_app, "VF_AUTH_ENFORCE", False)
    
        cleanup_called = False
    
        def _fake_cleanup(*args, **kwargs):
            nonlocal cleanup_called
            cleanup_called = True
            return {"uid": "self_user", "profileBefore": {}, "userIdBefore": ""}
    
>       monkeypatch.setattr(backend_app, "_delete_user_account_cleanup", _fake_cleanup)
E       AttributeError: <module 'app' from 'C:\\Users\\1wasi\\OneDrive\\Desktop\\voice-Flow\\backend\\app.py'> has no attribute '_delete_user_account_cleanup'

tests\test_account_delete_contract.py:62: AttributeError
_______ test_delete_user_account_cleanup_returns_per_collection_summary _______

monkeypatch = <_pytest.monkeypatch.MonkeyPatch object at 0x000002703E843AD0>

    def test_delete_user_account_cleanup_returns_per_collection_summary(monkeypatch) -> None:
        monkeypatch.setattr(backend_app, "_FIRESTORE_DB", None)
    
        uid = "delete_summary_user"
        backend_app._INMEMORY_ENTITLEMENTS[uid] = {"uid": uid, "vffBalance": 0, "paidVfBalance": 0}
        backend_app._INMEMORY_USER_PROFILES[uid] = {"uid": uid, "userId": "delete_summary_user"}
        backend_app._INMEMORY_GENERATION_HISTORY[uid] = {"uid": uid, "requestId": "gen_1"}
        backend_app._INMEMORY_USAGE_MONTHLY[f"{uid}_month_1"] = {"uid": uid}
        backend_app._INMEMORY_USAGE_DAILY[f"{uid}_day_1"] = {"uid": uid}
        backend_app._INMEMORY_USAGE_EVENTS[f"{uid}_req_1"] = {"uid": uid, "requestId": "req_1"}
        backend_app._INMEMORY_WALLET_DAILY[f"{uid}_wallet_day_1"] = {"uid": uid}
        backend_app._INMEMORY_WALLET_TRANSACTIONS["wallet_tx_1"] = {"uid": uid, "amount": 99}
        backend_app._INMEMORY_COUPON_REDEMPTIONS["coupon_redemption_1"] = {"uid": uid, "couponId": "c1"}
        backend_app._INMEMORY_NOTIFICATION_PREFERENCES[uid] = {"uid": uid, "emailAdminAlerts": True}
        backend_app._INMEMORY_NOTIFICATION_EMAIL_OUTBOX["email_1"] = {"uid": uid, "status": "pending"}
        backend_app._INMEMORY_NOTIFICATION_INBOX[uid] = {"notice_1": {"uid": uid, "id": "notice_1"}}
        backend_app._INMEMORY_SUPPORT_CONVERSATIONS["conv_1"] = {"uid": uid}
        backend_app._INMEMORY_SUPPORT_MESSAGES["msg_1"] = {"uid": uid}
        backend_app._INMEMORY_READER_LEGAL_ACK[uid] = {"uid": uid}
>       backend_app._INMEMORY_READER_PREFERENCES[uid] = {"uid": uid}
        ^^^^^^^^^^^^^^^^^^^^^^^^^^^^^^^^^^^^^^^^
E       AttributeError: module 'app' has no attribute '_INMEMORY_READER_PREFERENCES'

tests\test_account_delete_contract.py:96: AttributeError
__________ test_admin_accounting_read_endpoints_require_billing_read __________

monkeypatch = <_pytest.monkeypatch.MonkeyPatch object at 0x000002703E854150>

    def test_admin_accounting_read_endpoints_require_billing_read(monkeypatch) -> None:
>       _reset_accounting_state()

tests\test_admin_accounting.py:29: 
_ _ _ _ _ _ _ _ _ _ _ _ _ _ _ _ _ _ _ _ _ _ _ _ _ _ _ _ _ _ _ _ _ _ _ _ _ _ _ _

    def _reset_accounting_state() -> None:
        backend_app._INMEMORY_ADMIN_ROLES.clear()
        backend_app._RBAC_ACTOR_CACHE.clear()
        backend_app._INMEMORY_AUDIT_LEDGER_EVENTS.clear()
        backend_app._INMEMORY_AUDIT_LEDGER_ORDER.clear()
        backend_app._INMEMORY_AUDIT_LEDGER_STATE.clear()
        backend_app._INMEMORY_ALERT_EVENTS.clear()
        backend_app._INMEMORY_ALERT_POLICIES.clear()
        backend_app._INMEMORY_ALERT_DESTINATIONS.clear()
>       backend_app._INMEMORY_ACCOUNTING_DAILY_ROLLUP.clear()
        ^^^^^^^^^^^^^^^^^^^^^^^^^^^^^^^^^^^^^^^^^^^^^
E       AttributeError: module 'app' has no attribute '_INMEMORY_ACCOUNTING_DAILY_ROLLUP'

tests\test_admin_accounting.py:21: AttributeError
_____ test_admin_accounting_monitor_run_requires_billing_write_and_unlock _____

monkeypatch = <_pytest.monkeypatch.MonkeyPatch object at 0x000002703EBF7790>

    def test_admin_accounting_monitor_run_requires_billing_write_and_unlock(monkeypatch) -> None:
>       _reset_accounting_state()

tests\test_admin_accounting.py:65: 
_ _ _ _ _ _ _ _ _ _ _ _ _ _ _ _ _ _ _ _ _ _ _ _ _ _ _ _ _ _ _ _ _ _ _ _ _ _ _ _

    def _reset_accounting_state() -> None:
        backend_app._INMEMORY_ADMIN_ROLES.clear()
        backend_app._RBAC_ACTOR_CACHE.clear()
        backend_app._INMEMORY_AUDIT_LEDGER_EVENTS.clear()
        backend_app._INMEMORY_AUDIT_LEDGER_ORDER.clear()
        backend_app._INMEMORY_AUDIT_LEDGER_STATE.clear()
        backend_app._INMEMORY_ALERT_EVENTS.clear()
        backend_app._INMEMORY_ALERT_POLICIES.clear()
        backend_app._INMEMORY_ALERT_DESTINATIONS.clear()
>       backend_app._INMEMORY_ACCOUNTING_DAILY_ROLLUP.clear()
        ^^^^^^^^^^^^^^^^^^^^^^^^^^^^^^^^^^^^^^^^^^^^^
E       AttributeError: module 'app' has no attribute '_INMEMORY_ACCOUNTING_DAILY_ROLLUP'

tests\test_admin_accounting.py:21: AttributeError
________ test_runtime_usage_header_parsing_and_usage_event_attachment _________

    def test_runtime_usage_header_parsing_and_usage_event_attachment() -> None:
>       _reset_accounting_state()

tests\test_admin_accounting.py:110: 
_ _ _ _ _ _ _ _ _ _ _ _ _ _ _ _ _ _ _ _ _ _ _ _ _ _ _ _ _ _ _ _ _ _ _ _ _ _ _ _

    def _reset_accounting_state() -> None:
        backend_app._INMEMORY_ADMIN_ROLES.clear()
        backend_app._RBAC_ACTOR_CACHE.clear()
        backend_app._INMEMORY_AUDIT_LEDGER_EVENTS.clear()
        backend_app._INMEMORY_AUDIT_LEDGER_ORDER.clear()
        backend_app._INMEMORY_AUDIT_LEDGER_STATE.clear()
        backend_app._INMEMORY_ALERT_EVENTS.clear()
        backend_app._INMEMORY_ALERT_POLICIES.clear()
        backend_app._INMEMORY_ALERT_DESTINATIONS.clear()
>       backend_app._INMEMORY_ACCOUNTING_DAILY_ROLLUP.clear()
        ^^^^^^^^^^^^^^^^^^^^^^^^^^^^^^^^^^^^^^^^^^^^^
E       AttributeError: module 'app' has no attribute '_INMEMORY_ACCOUNTING_DAILY_ROLLUP'

tests\test_admin_accounting.py:21: AttributeError
_ test_accounting_usage_events_skip_fallback_token_estimates_without_provider_usage _

    def test_accounting_usage_events_skip_fallback_token_estimates_without_provider_usage() -> None:
>       _reset_accounting_state()

tests\test_admin_accounting.py:133: 
_ _ _ _ _ _ _ _ _ _ _ _ _ _ _ _ _ _ _ _ _ _ _ _ _ _ _ _ _ _ _ _ _ _ _ _ _ _ _ _

    def _reset_accounting_state() -> None:
        backend_app._INMEMORY_ADMIN_ROLES.clear()
        backend_app._RBAC_ACTOR_CACHE.clear()
        backend_app._INMEMORY_AUDIT_LEDGER_EVENTS.clear()
        backend_app._INMEMORY_AUDIT_LEDGER_ORDER.clear()
        backend_app._INMEMORY_AUDIT_LEDGER_STATE.clear()
        backend_app._INMEMORY_ALERT_EVENTS.clear()
        backend_app._INMEMORY_ALERT_POLICIES.clear()
        backend_app._INMEMORY_ALERT_DESTINATIONS.clear()
>       backend_app._INMEMORY_ACCOUNTING_DAILY_ROLLUP.clear()
        ^^^^^^^^^^^^^^^^^^^^^^^^^^^^^^^^^^^^^^^^^^^^^
E       AttributeError: module 'app' has no attribute '_INMEMORY_ACCOUNTING_DAILY_ROLLUP'

tests\test_admin_accounting.py:21: AttributeError
_______________ test_scheduler_executes_accounting_monitor_task _______________

monkeypatch = <_pytest.monkeypatch.MonkeyPatch object at 0x000002703E889E10>

    def test_scheduler_executes_accounting_monitor_task(monkeypatch) -> None:
>       _reset_accounting_state()

tests\test_admin_accounting.py:159: 
_ _ _ _ _ _ _ _ _ _ _ _ _ _ _ _ _ _ _ _ _ _ _ _ _ _ _ _ _ _ _ _ _ _ _ _ _ _ _ _

    def _reset_accounting_state() -> None:
        backend_app._INMEMORY_ADMIN_ROLES.clear()
        backend_app._RBAC_ACTOR_CACHE.clear()
        backend_app._INMEMORY_AUDIT_LEDGER_EVENTS.clear()
        backend_app._INMEMORY_AUDIT_LEDGER_ORDER.clear()
        backend_app._INMEMORY_AUDIT_LEDGER_STATE.clear()
        backend_app._INMEMORY_ALERT_EVENTS.clear()
        backend_app._INMEMORY_ALERT_POLICIES.clear()
        backend_app._INMEMORY_ALERT_DESTINATIONS.clear()
>       backend_app._INMEMORY_ACCOUNTING_DAILY_ROLLUP.clear()
        ^^^^^^^^^^^^^^^^^^^^^^^^^^^^^^^^^^^^^^^^^^^^^
E       AttributeError: module 'app' has no attribute '_INMEMORY_ACCOUNTING_DAILY_ROLLUP'

tests\test_admin_accounting.py:21: AttributeError
_____________ test_scheduler_executes_billing_reconciliation_task _____________

monkeypatch = <_pytest.monkeypatch.MonkeyPatch object at 0x000002703E7BED90>

    def test_scheduler_executes_billing_reconciliation_task(monkeypatch) -> None:
>       _reset_accounting_state()

tests\test_admin_accounting.py:172: 
_ _ _ _ _ _ _ _ _ _ _ _ _ _ _ _ _ _ _ _ _ _ _ _ _ _ _ _ _ _ _ _ _ _ _ _ _ _ _ _

    def _reset_accounting_state() -> None:
        backend_app._INMEMORY_ADMIN_ROLES.clear()
        backend_app._RBAC_ACTOR_CACHE.clear()
        backend_app._INMEMORY_AUDIT_LEDGER_EVENTS.clear()
        backend_app._INMEMORY_AUDIT_LEDGER_ORDER.clear()
        backend_app._INMEMORY_AUDIT_LEDGER_STATE.clear()
        backend_app._INMEMORY_ALERT_EVENTS.clear()
        backend_app._INMEMORY_ALERT_POLICIES.clear()
        backend_app._INMEMORY_ALERT_DESTINATIONS.clear()
>       backend_app._INMEMORY_ACCOUNTING_DAILY_ROLLUP.clear()
        ^^^^^^^^^^^^^^^^^^^^^^^^^^^^^^^^^^^^^^^^^^^^^
E       AttributeError: module 'app' has no attribute '_INMEMORY_ACCOUNTING_DAILY_ROLLUP'

tests\test_admin_accounting.py:21: AttributeError
_ test_billing_usage_reconciliation_uses_finalize_helper_for_stale_reserved_events _

monkeypatch = <_pytest.monkeypatch.MonkeyPatch object at 0x000002703EC450D0>

    def test_billing_usage_reconciliation_uses_finalize_helper_for_stale_reserved_events(monkeypatch) -> None:
>       _reset_accounting_state()

tests\test_admin_accounting.py:192: 
_ _ _ _ _ _ _ _ _ _ _ _ _ _ _ _ _ _ _ _ _ _ _ _ _ _ _ _ _ _ _ _ _ _ _ _ _ _ _ _

    def _reset_accounting_state() -> None:
        backend_app._INMEMORY_ADMIN_ROLES.clear()
        backend_app._RBAC_ACTOR_CACHE.clear()
        backend_app._INMEMORY_AUDIT_LEDGER_EVENTS.clear()
        backend_app._INMEMORY_AUDIT_LEDGER_ORDER.clear()
        backend_app._INMEMORY_AUDIT_LEDGER_STATE.clear()
        backend_app._INMEMORY_ALERT_EVENTS.clear()
        backend_app._INMEMORY_ALERT_POLICIES.clear()
        backend_app._INMEMORY_ALERT_DESTINATIONS.clear()
>       backend_app._INMEMORY_ACCOUNTING_DAILY_ROLLUP.clear()
        ^^^^^^^^^^^^^^^^^^^^^^^^^^^^^^^^^^^^^^^^^^^^^
E       AttributeError: module 'app' has no attribute '_INMEMORY_ACCOUNTING_DAILY_ROLLUP'

tests\test_admin_accounting.py:21: AttributeError
_ test_accounting_summary_exposes_cloud_run_source_warning_when_bigquery_unconfigured _

monkeypatch = <_pytest.monkeypatch.MonkeyPatch object at 0x000002703E888A50>

    def test_accounting_summary_exposes_cloud_run_source_warning_when_bigquery_unconfigured(monkeypatch) -> None:
>       _reset_accounting_state()

tests\test_admin_accounting.py:249: 
_ _ _ _ _ _ _ _ _ _ _ _ _ _ _ _ _ _ _ _ _ _ _ _ _ _ _ _ _ _ _ _ _ _ _ _ _ _ _ _

    def _reset_accounting_state() -> None:
        backend_app._INMEMORY_ADMIN_ROLES.clear()
        backend_app._RBAC_ACTOR_CACHE.clear()
        backend_app._INMEMORY_AUDIT_LEDGER_EVENTS.clear()
        backend_app._INMEMORY_AUDIT_LEDGER_ORDER.clear()
        backend_app._INMEMORY_AUDIT_LEDGER_STATE.clear()
        backend_app._INMEMORY_ALERT_EVENTS.clear()
        backend_app._INMEMORY_ALERT_POLICIES.clear()
        backend_app._INMEMORY_ALERT_DESTINATIONS.clear()
>       backend_app._INMEMORY_ACCOUNTING_DAILY_ROLLUP.clear()
        ^^^^^^^^^^^^^^^^^^^^^^^^^^^^^^^^^^^^^^^^^^^^^
E       AttributeError: module 'app' has no attribute '_INMEMORY_ACCOUNTING_DAILY_ROLLUP'

tests\test_admin_accounting.py:21: AttributeError
___________ test_admin_endpoint_requires_bearer_when_auth_enforced ____________

monkeypatch = <_pytest.monkeypatch.MonkeyPatch object at 0x000002702BDE7E90>

    def test_admin_endpoint_requires_bearer_when_auth_enforced(monkeypatch) -> None:
>       _reset_inmemory_state()

tests\test_admin_authz.py:28: 
_ _ _ _ _ _ _ _ _ _ _ _ _ _ _ _ _ _ _ _ _ _ _ _ _ _ _ _ _ _ _ _ _ _ _ _ _ _ _ _

    def _reset_inmemory_state() -> None:
        backend_app._INMEMORY_ENTITLEMENTS.clear()
        backend_app._INMEMORY_USAGE_MONTHLY.clear()
        backend_app._INMEMORY_USAGE_DAILY.clear()
        backend_app._INMEMORY_USAGE_EVENTS.clear()
        backend_app._INMEMORY_STRIPE_CUSTOMERS.clear()
        backend_app._INMEMORY_WALLET_DAILY.clear()
        backend_app._INMEMORY_WALLET_TRANSACTIONS.clear()
        backend_app._INMEMORY_COUPONS.clear()
        backend_app._INMEMORY_COUPON_REDEMPTIONS.clear()
>       backend_app._INMEMORY_ACCOUNTING_DAILY_ROLLUP.clear()
        ^^^^^^^^^^^^^^^^^^^^^^^^^^^^^^^^^^^^^^^^^^^^^
E       AttributeError: module 'app' has no attribute '_INMEMORY_ACCOUNTING_DAILY_ROLLUP'

tests\test_admin_authz.py:20: AttributeError
________________ test_admin_endpoint_rejects_non_admin_bearer _________________

monkeypatch = <_pytest.monkeypatch.MonkeyPatch object at 0x000002703EC30910>

    def test_admin_endpoint_rejects_non_admin_bearer(monkeypatch) -> None:
>       _reset_inmemory_state()

tests\test_admin_authz.py:37: 
_ _ _ _ _ _ _ _ _ _ _ _ _ _ _ _ _ _ _ _ _ _ _ _ _ _ _ _ _ _ _ _ _ _ _ _ _ _ _ _

    def _reset_inmemory_state() -> None:
        backend_app._INMEMORY_ENTITLEMENTS.clear()
        backend_app._INMEMORY_USAGE_MONTHLY.clear()
        backend_app._INMEMORY_USAGE_DAILY.clear()
        backend_app._INMEMORY_USAGE_EVENTS.clear()
        backend_app._INMEMORY_STRIPE_CUSTOMERS.clear()
        backend_app._INMEMORY_WALLET_DAILY.clear()
        backend_app._INMEMORY_WALLET_TRANSACTIONS.clear()
        backend_app._INMEMORY_COUPONS.clear()
        backend_app._INMEMORY_COUPON_REDEMPTIONS.clear()
>       backend_app._INMEMORY_ACCOUNTING_DAILY_ROLLUP.clear()
        ^^^^^^^^^^^^^^^^^^^^^^^^^^^^^^^^^^^^^^^^^^^^^
E       AttributeError: module 'app' has no attribute '_INMEMORY_ACCOUNTING_DAILY_ROLLUP'

tests\test_admin_authz.py:20: AttributeError
_______________ test_admin_endpoint_accepts_admin_claim_bearer ________________

monkeypatch = <_pytest.monkeypatch.MonkeyPatch object at 0x000002703EC46090>

    def test_admin_endpoint_accepts_admin_claim_bearer(monkeypatch) -> None:
>       _reset_inmemory_state()

tests\test_admin_authz.py:49: 
_ _ _ _ _ _ _ _ _ _ _ _ _ _ _ _ _ _ _ _ _ _ _ _ _ _ _ _ _ _ _ _ _ _ _ _ _ _ _ _

    def _reset_inmemory_state() -> None:
        backend_app._INMEMORY_ENTITLEMENTS.clear()
        backend_app._INMEMORY_USAGE_MONTHLY.clear()
        backend_app._INMEMORY_USAGE_DAILY.clear()
        backend_app._INMEMORY_USAGE_EVENTS.clear()
        backend_app._INMEMORY_STRIPE_CUSTOMERS.clear()
        backend_app._INMEMORY_WALLET_DAILY.clear()
        backend_app._INMEMORY_WALLET_TRANSACTIONS.clear()
        backend_app._INMEMORY_COUPONS.clear()
        backend_app._INMEMORY_COUPON_REDEMPTIONS.clear()
>       backend_app._INMEMORY_ACCOUNTING_DAILY_ROLLUP.clear()
        ^^^^^^^^^^^^^^^^^^^^^^^^^^^^^^^^^^^^^^^^^^^^^
E       AttributeError: module 'app' has no attribute '_INMEMORY_ACCOUNTING_DAILY_ROLLUP'

tests\test_admin_authz.py:20: AttributeError
__________ test_admin_endpoint_accepts_firestore_admin_without_claim __________

monkeypatch = <_pytest.monkeypatch.MonkeyPatch object at 0x000002703E854490>

    def test_admin_endpoint_accepts_firestore_admin_without_claim(monkeypatch) -> None:
>       _reset_inmemory_state()

tests\test_admin_authz.py:70: 
_ _ _ _ _ _ _ _ _ _ _ _ _ _ _ _ _ _ _ _ _ _ _ _ _ _ _ _ _ _ _ _ _ _ _ _ _ _ _ _

    def _reset_inmemory_state() -> None:
        backend_app._INMEMORY_ENTITLEMENTS.clear()
        backend_app._INMEMORY_USAGE_MONTHLY.clear()
        backend_app._INMEMORY_USAGE_DAILY.clear()
        backend_app._INMEMORY_USAGE_EVENTS.clear()
        backend_app._INMEMORY_STRIPE_CUSTOMERS.clear()
        backend_app._INMEMORY_WALLET_DAILY.clear()
        backend_app._INMEMORY_WALLET_TRANSACTIONS.clear()
        backend_app._INMEMORY_COUPONS.clear()
        backend_app._INMEMORY_COUPON_REDEMPTIONS.clear()
>       backend_app._INMEMORY_ACCOUNTING_DAILY_ROLLUP.clear()
        ^^^^^^^^^^^^^^^^^^^^^^^^^^^^^^^^^^^^^^^^^^^^^
E       AttributeError: module 'app' has no attribute '_INMEMORY_ACCOUNTING_DAILY_ROLLUP'

tests\test_admin_authz.py:20: AttributeError
__________ test_admin_endpoint_requires_allowlisted_uid_in_dev_mode ___________

monkeypatch = <_pytest.monkeypatch.MonkeyPatch object at 0x000002703EC3D3D0>

    def test_admin_endpoint_requires_allowlisted_uid_in_dev_mode(monkeypatch) -> None:
>       _reset_inmemory_state()

tests\test_admin_authz.py:86: 
_ _ _ _ _ _ _ _ _ _ _ _ _ _ _ _ _ _ _ _ _ _ _ _ _ _ _ _ _ _ _ _ _ _ _ _ _ _ _ _

    def _reset_inmemory_state() -> None:
        backend_app._INMEMORY_ENTITLEMENTS.clear()
        backend_app._INMEMORY_USAGE_MONTHLY.clear()
        backend_app._INMEMORY_USAGE_DAILY.clear()
        backend_app._INMEMORY_USAGE_EVENTS.clear()
        backend_app._INMEMORY_STRIPE_CUSTOMERS.clear()
        backend_app._INMEMORY_WALLET_DAILY.clear()
        backend_app._INMEMORY_WALLET_TRANSACTIONS.clear()
        backend_app._INMEMORY_COUPONS.clear()
        backend_app._INMEMORY_COUPON_REDEMPTIONS.clear()
>       backend_app._INMEMORY_ACCOUNTING_DAILY_ROLLUP.clear()
        ^^^^^^^^^^^^^^^^^^^^^^^^^^^^^^^^^^^^^^^^^^^^^
E       AttributeError: module 'app' has no attribute '_INMEMORY_ACCOUNTING_DAILY_ROLLUP'

tests\test_admin_authz.py:20: AttributeError
__________ test_admin_allowlist_env_helper_ignores_public_fallbacks ___________

monkeypatch = <_pytest.monkeypatch.MonkeyPatch object at 0x000002703ED35A50>

    def test_admin_allowlist_env_helper_ignores_public_fallbacks(monkeypatch) -> None:
        monkeypatch.delenv("VF_ADMIN_APPROVER_UIDS", raising=False)
        monkeypatch.delenv("VF_ADMIN_APPROVER_EMAILS", raising=False)
        monkeypatch.setenv("NEXT_PUBLIC_VF_ADMIN_APPROVER_UIDS", "public_admin")
        monkeypatch.setenv("NEXT_PUBLIC_VF_ADMIN_APPROVER_EMAILS", "public@example.com")
        monkeypatch.setenv("VITE_VF_ADMIN_APPROVER_UIDS", "vite_admin")
        monkeypatch.setenv("VITE_VF_ADMIN_APPROVER_EMAILS", "vite@example.com")
    
>       assert backend_app._server_only_allowlist_env("VF_ADMIN_APPROVER_UIDS") == frozenset()
               ^^^^^^^^^^^^^^^^^^^^^^^^^^^^^^^^^^^^^^
E       AttributeError: module 'app' has no attribute '_server_only_allowlist_env'

tests\test_admin_authz.py:107: AttributeError
________________ test_admin_actor_requires_ops_read_permission ________________

monkeypatch = <_pytest.monkeypatch.MonkeyPatch object at 0x000002703ED48A90>

    def test_admin_actor_requires_ops_read_permission(monkeypatch) -> None:
>       _reset_inmemory_state()

tests\test_admin_authz.py:118: 
_ _ _ _ _ _ _ _ _ _ _ _ _ _ _ _ _ _ _ _ _ _ _ _ _ _ _ _ _ _ _ _ _ _ _ _ _ _ _ _

    def _reset_inmemory_state() -> None:
        backend_app._INMEMORY_ENTITLEMENTS.clear()
        backend_app._INMEMORY_USAGE_MONTHLY.clear()
        backend_app._INMEMORY_USAGE_DAILY.clear()
        backend_app._INMEMORY_USAGE_EVENTS.clear()
        backend_app._INMEMORY_STRIPE_CUSTOMERS.clear()
        backend_app._INMEMORY_WALLET_DAILY.clear()
        backend_app._INMEMORY_WALLET_TRANSACTIONS.clear()
        backend_app._INMEMORY_COUPONS.clear()
        backend_app._INMEMORY_COUPON_REDEMPTIONS.clear()
>       backend_app._INMEMORY_ACCOUNTING_DAILY_ROLLUP.clear()
        ^^^^^^^^^^^^^^^^^^^^^^^^^^^^^^^^^^^^^^^^^^^^^
E       AttributeError: module 'app' has no attribute '_INMEMORY_ACCOUNTING_DAILY_ROLLUP'

tests\test_admin_authz.py:20: AttributeError
___________________ test_auth_token_without_uid_is_rejected ___________________

monkeypatch = <_pytest.monkeypatch.MonkeyPatch object at 0x000002703ED3AA90>

    def test_auth_token_without_uid_is_rejected(monkeypatch) -> None:
>       _reset_inmemory_state()

tests\test_admin_authz.py:157: 
_ _ _ _ _ _ _ _ _ _ _ _ _ _ _ _ _ _ _ _ _ _ _ _ _ _ _ _ _ _ _ _ _ _ _ _ _ _ _ _

    def _reset_inmemory_state() -> None:
        backend_app._INMEMORY_ENTITLEMENTS.clear()
        backend_app._INMEMORY_USAGE_MONTHLY.clear()
        backend_app._INMEMORY_USAGE_DAILY.clear()
        backend_app._INMEMORY_USAGE_EVENTS.clear()
        backend_app._INMEMORY_STRIPE_CUSTOMERS.clear()
        backend_app._INMEMORY_WALLET_DAILY.clear()
        backend_app._INMEMORY_WALLET_TRANSACTIONS.clear()
        backend_app._INMEMORY_COUPONS.clear()
        backend_app._INMEMORY_COUPON_REDEMPTIONS.clear()
>       backend_app._INMEMORY_ACCOUNTING_DAILY_ROLLUP.clear()
        ^^^^^^^^^^^^^^^^^^^^^^^^^^^^^^^^^^^^^^^^^^^^^
E       AttributeError: module 'app' has no attribute '_INMEMORY_ACCOUNTING_DAILY_ROLLUP'

tests\test_admin_authz.py:20: AttributeError
__ test_admin_queue_metrics_permission_path_does_not_trigger_profile_writes ___

monkeypatch = <_pytest.monkeypatch.MonkeyPatch object at 0x000002703EBE11D0>

    def test_admin_queue_metrics_permission_path_does_not_trigger_profile_writes(monkeypatch) -> None:
>       _reset_inmemory_state()

tests\test_admin_authz.py:167: 
_ _ _ _ _ _ _ _ _ _ _ _ _ _ _ _ _ _ _ _ _ _ _ _ _ _ _ _ _ _ _ _ _ _ _ _ _ _ _ _

    def _reset_inmemory_state() -> None:
        backend_app._INMEMORY_ENTITLEMENTS.clear()
        backend_app._INMEMORY_USAGE_MONTHLY.clear()
        backend_app._INMEMORY_USAGE_DAILY.clear()
        backend_app._INMEMORY_USAGE_EVENTS.clear()
        backend_app._INMEMORY_STRIPE_CUSTOMERS.clear()
        backend_app._INMEMORY_WALLET_DAILY.clear()
        backend_app._INMEMORY_WALLET_TRANSACTIONS.clear()
        backend_app._INMEMORY_COUPONS.clear()
        backend_app._INMEMORY_COUPON_REDEMPTIONS.clear()
>       backend_app._INMEMORY_ACCOUNTING_DAILY_ROLLUP.clear()
        ^^^^^^^^^^^^^^^^^^^^^^^^^^^^^^^^^^^^^^^^^^^^^
E       AttributeError: module 'app' has no attribute '_INMEMORY_ACCOUNTING_DAILY_ROLLUP'

tests\test_admin_authz.py:20: AttributeError
___ test_admin_gemini_pools_permission_path_does_not_trigger_profile_writes ___

monkeypatch = <_pytest.monkeypatch.MonkeyPatch object at 0x000002703ED30450>

    def test_admin_gemini_pools_permission_path_does_not_trigger_profile_writes(monkeypatch) -> None:
>       _reset_inmemory_state()

tests\test_admin_authz.py:187: 
_ _ _ _ _ _ _ _ _ _ _ _ _ _ _ _ _ _ _ _ _ _ _ _ _ _ _ _ _ _ _ _ _ _ _ _ _ _ _ _

    def _reset_inmemory_state() -> None:
        backend_app._INMEMORY_ENTITLEMENTS.clear()
        backend_app._INMEMORY_USAGE_MONTHLY.clear()
        backend_app._INMEMORY_USAGE_DAILY.clear()
        backend_app._INMEMORY_USAGE_EVENTS.clear()
        backend_app._INMEMORY_STRIPE_CUSTOMERS.clear()
        backend_app._INMEMORY_WALLET_DAILY.clear()
        backend_app._INMEMORY_WALLET_TRANSACTIONS.clear()
        backend_app._INMEMORY_COUPONS.clear()
        backend_app._INMEMORY_COUPON_REDEMPTIONS.clear()
>       backend_app._INMEMORY_ACCOUNTING_DAILY_ROLLUP.clear()
        ^^^^^^^^^^^^^^^^^^^^^^^^^^^^^^^^^^^^^^^^^^^^^
E       AttributeError: module 'app' has no attribute '_INMEMORY_ACCOUNTING_DAILY_ROLLUP'

tests\test_admin_authz.py:20: AttributeError
__________ test_admin_db_mutation_routes_reject_non_super_admin_role __________

monkeypatch = <_pytest.monkeypatch.MonkeyPatch object at 0x000002703EC61190>

    def test_admin_db_mutation_routes_reject_non_super_admin_role(monkeypatch) -> None:
>       _reset_inmemory_state()

tests\test_admin_authz.py:222: 
_ _ _ _ _ _ _ _ _ _ _ _ _ _ _ _ _ _ _ _ _ _ _ _ _ _ _ _ _ _ _ _ _ _ _ _ _ _ _ _

    def _reset_inmemory_state() -> None:
        backend_app._INMEMORY_ENTITLEMENTS.clear()
        backend_app._INMEMORY_USAGE_MONTHLY.clear()
        backend_app._INMEMORY_USAGE_DAILY.clear()
        backend_app._INMEMORY_USAGE_EVENTS.clear()
        backend_app._INMEMORY_STRIPE_CUSTOMERS.clear()
        backend_app._INMEMORY_WALLET_DAILY.clear()
        backend_app._INMEMORY_WALLET_TRANSACTIONS.clear()
        backend_app._INMEMORY_COUPONS.clear()
        backend_app._INMEMORY_COUPON_REDEMPTIONS.clear()
>       backend_app._INMEMORY_ACCOUNTING_DAILY_ROLLUP.clear()
        ^^^^^^^^^^^^^^^^^^^^^^^^^^^^^^^^^^^^^^^^^^^^^
E       AttributeError: module 'app' has no attribute '_INMEMORY_ACCOUNTING_DAILY_ROLLUP'

tests\test_admin_authz.py:20: AttributeError
____________ test_admin_db_mutation_routes_allow_super_admin_role _____________

monkeypatch = <_pytest.monkeypatch.MonkeyPatch object at 0x000002703EBF7F50>

    def test_admin_db_mutation_routes_allow_super_admin_role(monkeypatch) -> None:
>       _reset_inmemory_state()

tests\test_admin_authz.py:254: 
_ _ _ _ _ _ _ _ _ _ _ _ _ _ _ _ _ _ _ _ _ _ _ _ _ _ _ _ _ _ _ _ _ _ _ _ _ _ _ _

    def _reset_inmemory_state() -> None:
        backend_app._INMEMORY_ENTITLEMENTS.clear()
        backend_app._INMEMORY_USAGE_MONTHLY.clear()
        backend_app._INMEMORY_USAGE_DAILY.clear()
        backend_app._INMEMORY_USAGE_EVENTS.clear()
        backend_app._INMEMORY_STRIPE_CUSTOMERS.clear()
        backend_app._INMEMORY_WALLET_DAILY.clear()
        backend_app._INMEMORY_WALLET_TRANSACTIONS.clear()
        backend_app._INMEMORY_COUPONS.clear()
        backend_app._INMEMORY_COUPON_REDEMPTIONS.clear()
>       backend_app._INMEMORY_ACCOUNTING_DAILY_ROLLUP.clear()
        ^^^^^^^^^^^^^^^^^^^^^^^^^^^^^^^^^^^^^^^^^^^^^
E       AttributeError: module 'app' has no attribute '_INMEMORY_ACCOUNTING_DAILY_ROLLUP'

tests\test_admin_authz.py:20: AttributeError
___ test_user_profile_upsert_falls_back_on_firestore_transaction_id_failure ___

monkeypatch = <_pytest.monkeypatch.MonkeyPatch object at 0x000002703EC33BD0>

    def test_user_profile_upsert_falls_back_on_firestore_transaction_id_failure(monkeypatch) -> None:
>       _reset_inmemory_state()

tests\test_admin_authz.py:399: 
_ _ _ _ _ _ _ _ _ _ _ _ _ _ _ _ _ _ _ _ _ _ _ _ _ _ _ _ _ _ _ _ _ _ _ _ _ _ _ _

    def _reset_inmemory_state() -> None:
        backend_app._INMEMORY_ENTITLEMENTS.clear()
        backend_app._INMEMORY_USAGE_MONTHLY.clear()
        backend_app._INMEMORY_USAGE_DAILY.clear()
        backend_app._INMEMORY_USAGE_EVENTS.clear()
        backend_app._INMEMORY_STRIPE_CUSTOMERS.clear()
        backend_app._INMEMORY_WALLET_DAILY.clear()
        backend_app._INMEMORY_WALLET_TRANSACTIONS.clear()
        backend_app._INMEMORY_COUPONS.clear()
        backend_app._INMEMORY_COUPON_REDEMPTIONS.clear()
>       backend_app._INMEMORY_ACCOUNTING_DAILY_ROLLUP.clear()
        ^^^^^^^^^^^^^^^^^^^^^^^^^^^^^^^^^^^^^^^^^^^^^
E       AttributeError: module 'app' has no attribute '_INMEMORY_ACCOUNTING_DAILY_ROLLUP'

tests\test_admin_authz.py:20: AttributeError
______ test_user_profile_upsert_fallback_preserves_user_id_collision_409 ______

monkeypatch = <_pytest.monkeypatch.MonkeyPatch object at 0x000002703EBE1D90>

    def test_user_profile_upsert_fallback_preserves_user_id_collision_409(monkeypatch) -> None:
>       _reset_inmemory_state()

tests\test_admin_authz.py:425: 
_ _ _ _ _ _ _ _ _ _ _ _ _ _ _ _ _ _ _ _ _ _ _ _ _ _ _ _ _ _ _ _ _ _ _ _ _ _ _ _

    def _reset_inmemory_state() -> None:
        backend_app._INMEMORY_ENTITLEMENTS.clear()
        backend_app._INMEMORY_USAGE_MONTHLY.clear()
        backend_app._INMEMORY_USAGE_DAILY.clear()
        backend_app._INMEMORY_USAGE_EVENTS.clear()
        backend_app._INMEMORY_STRIPE_CUSTOMERS.clear()
        backend_app._INMEMORY_WALLET_DAILY.clear()
        backend_app._INMEMORY_WALLET_TRANSACTIONS.clear()
        backend_app._INMEMORY_COUPONS.clear()
        backend_app._INMEMORY_COUPON_REDEMPTIONS.clear()
>       backend_app._INMEMORY_ACCOUNTING_DAILY_ROLLUP.clear()
        ^^^^^^^^^^^^^^^^^^^^^^^^^^^^^^^^^^^^^^^^^^^^^
E       AttributeError: module 'app' has no attribute '_INMEMORY_ACCOUNTING_DAILY_ROLLUP'

tests\test_admin_authz.py:20: AttributeError
________ test_user_profile_upsert_service_disabled_error_is_sanitized _________

monkeypatch = <_pytest.monkeypatch.MonkeyPatch object at 0x000002703ED2E710>

    def test_user_profile_upsert_service_disabled_error_is_sanitized(monkeypatch) -> None:
>       _reset_inmemory_state()

tests\test_admin_authz.py:455: 
_ _ _ _ _ _ _ _ _ _ _ _ _ _ _ _ _ _ _ _ _ _ _ _ _ _ _ _ _ _ _ _ _ _ _ _ _ _ _ _

    def _reset_inmemory_state() -> None:
        backend_app._INMEMORY_ENTITLEMENTS.clear()
        backend_app._INMEMORY_USAGE_MONTHLY.clear()
        backend_app._INMEMORY_USAGE_DAILY.clear()
        backend_app._INMEMORY_USAGE_EVENTS.clear()
        backend_app._INMEMORY_STRIPE_CUSTOMERS.clear()
        backend_app._INMEMORY_WALLET_DAILY.clear()
        backend_app._INMEMORY_WALLET_TRANSACTIONS.clear()
        backend_app._INMEMORY_COUPONS.clear()
        backend_app._INMEMORY_COUPON_REDEMPTIONS.clear()
>       backend_app._INMEMORY_ACCOUNTING_DAILY_ROLLUP.clear()
        ^^^^^^^^^^^^^^^^^^^^^^^^^^^^^^^^^^^^^^^^^^^^^
E       AttributeError: module 'app' has no attribute '_INMEMORY_ACCOUNTING_DAILY_ROLLUP'

tests\test_admin_authz.py:20: AttributeError
__ test_account_profile_routes_allow_userid_when_firestore_service_disabled ___

monkeypatch = <_pytest.monkeypatch.MonkeyPatch object at 0x000002703ED25D50>

    def test_account_profile_routes_allow_userid_when_firestore_service_disabled(monkeypatch) -> None:
>       _reset_inmemory_state()

tests\test_admin_authz.py:475: 
_ _ _ _ _ _ _ _ _ _ _ _ _ _ _ _ _ _ _ _ _ _ _ _ _ _ _ _ _ _ _ _ _ _ _ _ _ _ _ _

    def _reset_inmemory_state() -> None:
        backend_app._INMEMORY_ENTITLEMENTS.clear()
        backend_app._INMEMORY_USAGE_MONTHLY.clear()
        backend_app._INMEMORY_USAGE_DAILY.clear()
        backend_app._INMEMORY_USAGE_EVENTS.clear()
        backend_app._INMEMORY_STRIPE_CUSTOMERS.clear()
        backend_app._INMEMORY_WALLET_DAILY.clear()
        backend_app._INMEMORY_WALLET_TRANSACTIONS.clear()
        backend_app._INMEMORY_COUPONS.clear()
        backend_app._INMEMORY_COUPON_REDEMPTIONS.clear()
>       backend_app._INMEMORY_ACCOUNTING_DAILY_ROLLUP.clear()
        ^^^^^^^^^^^^^^^^^^^^^^^^^^^^^^^^^^^^^^^^^^^^^
E       AttributeError: module 'app' has no attribute '_INMEMORY_ACCOUNTING_DAILY_ROLLUP'

tests\test_admin_authz.py:20: AttributeError
________ test_admin_users_endpoint_repairs_colliding_backfill_user_ids ________

monkeypatch = <_pytest.monkeypatch.MonkeyPatch object at 0x000002703EC556D0>

    def test_admin_users_endpoint_repairs_colliding_backfill_user_ids(monkeypatch) -> None:
>       _reset_inmemory_state()

tests\test_admin_authz.py:526: 
_ _ _ _ _ _ _ _ _ _ _ _ _ _ _ _ _ _ _ _ _ _ _ _ _ _ _ _ _ _ _ _ _ _ _ _ _ _ _ _

    def _reset_inmemory_state() -> None:
        backend_app._INMEMORY_ENTITLEMENTS.clear()
        backend_app._INMEMORY_USAGE_MONTHLY.clear()
        backend_app._INMEMORY_USAGE_DAILY.clear()
        backend_app._INMEMORY_USAGE_EVENTS.clear()
        backend_app._INMEMORY_STRIPE_CUSTOMERS.clear()
        backend_app._INMEMORY_WALLET_DAILY.clear()
        backend_app._INMEMORY_WALLET_TRANSACTIONS.clear()
        backend_app._INMEMORY_COUPONS.clear()
        backend_app._INMEMORY_COUPON_REDEMPTIONS.clear()
>       backend_app._INMEMORY_ACCOUNTING_DAILY_ROLLUP.clear()
        ^^^^^^^^^^^^^^^^^^^^^^^^^^^^^^^^^^^^^^^^^^^^^
E       AttributeError: module 'app' has no attribute '_INMEMORY_ACCOUNTING_DAILY_ROLLUP'

tests\test_admin_authz.py:20: AttributeError
_ test_admin_users_endpoint_does_not_create_default_entitlement_or_usage_docs _

monkeypatch = <_pytest.monkeypatch.MonkeyPatch object at 0x000002703ED3BA90>

    def test_admin_users_endpoint_does_not_create_default_entitlement_or_usage_docs(monkeypatch) -> None:
>       _reset_inmemory_state()

tests\test_admin_authz.py:571: 
_ _ _ _ _ _ _ _ _ _ _ _ _ _ _ _ _ _ _ _ _ _ _ _ _ _ _ _ _ _ _ _ _ _ _ _ _ _ _ _

    def _reset_inmemory_state() -> None:
        backend_app._INMEMORY_ENTITLEMENTS.clear()
        backend_app._INMEMORY_USAGE_MONTHLY.clear()
        backend_app._INMEMORY_USAGE_DAILY.clear()
        backend_app._INMEMORY_USAGE_EVENTS.clear()
        backend_app._INMEMORY_STRIPE_CUSTOMERS.clear()
        backend_app._INMEMORY_WALLET_DAILY.clear()
        backend_app._INMEMORY_WALLET_TRANSACTIONS.clear()
        backend_app._INMEMORY_COUPONS.clear()
        backend_app._INMEMORY_COUPON_REDEMPTIONS.clear()
>       backend_app._INMEMORY_ACCOUNTING_DAILY_ROLLUP.clear()
        ^^^^^^^^^^^^^^^^^^^^^^^^^^^^^^^^^^^^^^^^^^^^^
E       AttributeError: module 'app' has no attribute '_INMEMORY_ACCOUNTING_DAILY_ROLLUP'

tests\test_admin_authz.py:20: AttributeError
___ test_admin_users_search_handles_missing_profiles_from_firebase_listing ____

monkeypatch = <_pytest.monkeypatch.MonkeyPatch object at 0x000002703EC3C290>

    def test_admin_users_search_handles_missing_profiles_from_firebase_listing(monkeypatch) -> None:
>       _reset_inmemory_state()

tests\test_admin_authz.py:599: 
_ _ _ _ _ _ _ _ _ _ _ _ _ _ _ _ _ _ _ _ _ _ _ _ _ _ _ _ _ _ _ _ _ _ _ _ _ _ _ _

    def _reset_inmemory_state() -> None:
        backend_app._INMEMORY_ENTITLEMENTS.clear()
        backend_app._INMEMORY_USAGE_MONTHLY.clear()
        backend_app._INMEMORY_USAGE_DAILY.clear()
        backend_app._INMEMORY_USAGE_EVENTS.clear()
        backend_app._INMEMORY_STRIPE_CUSTOMERS.clear()
        backend_app._INMEMORY_WALLET_DAILY.clear()
        backend_app._INMEMORY_WALLET_TRANSACTIONS.clear()
        backend_app._INMEMORY_COUPONS.clear()
        backend_app._INMEMORY_COUPON_REDEMPTIONS.clear()
>       backend_app._INMEMORY_ACCOUNTING_DAILY_ROLLUP.clear()
        ^^^^^^^^^^^^^^^^^^^^^^^^^^^^^^^^^^^^^^^^^^^^^
E       AttributeError: module 'app' has no attribute '_INMEMORY_ACCOUNTING_DAILY_ROLLUP'

tests\test_admin_authz.py:20: AttributeError
_____________ test_account_profile_admin_does_not_require_userid ______________

monkeypatch = <_pytest.monkeypatch.MonkeyPatch object at 0x000002703EBE1A50>

    def test_account_profile_admin_does_not_require_userid(monkeypatch) -> None:
>       _reset_inmemory_state()

tests\test_admin_authz.py:641: 
_ _ _ _ _ _ _ _ _ _ _ _ _ _ _ _ _ _ _ _ _ _ _ _ _ _ _ _ _ _ _ _ _ _ _ _ _ _ _ _

    def _reset_inmemory_state() -> None:
        backend_app._INMEMORY_ENTITLEMENTS.clear()
        backend_app._INMEMORY_USAGE_MONTHLY.clear()
        backend_app._INMEMORY_USAGE_DAILY.clear()
        backend_app._INMEMORY_USAGE_EVENTS.clear()
        backend_app._INMEMORY_STRIPE_CUSTOMERS.clear()
        backend_app._INMEMORY_WALLET_DAILY.clear()
        backend_app._INMEMORY_WALLET_TRANSACTIONS.clear()
        backend_app._INMEMORY_COUPONS.clear()
        backend_app._INMEMORY_COUPON_REDEMPTIONS.clear()
>       backend_app._INMEMORY_ACCOUNTING_DAILY_ROLLUP.clear()
        ^^^^^^^^^^^^^^^^^^^^^^^^^^^^^^^^^^^^^^^^^^^^^
E       AttributeError: module 'app' has no attribute '_INMEMORY_ACCOUNTING_DAILY_ROLLUP'

tests\test_admin_authz.py:20: AttributeError
__________________ test_account_profile_upsert_rejects_admin __________________

monkeypatch = <_pytest.monkeypatch.MonkeyPatch object at 0x000002703ED2E9D0>

    def test_account_profile_upsert_rejects_admin(monkeypatch) -> None:
>       _reset_inmemory_state()

tests\test_admin_authz.py:659: 
_ _ _ _ _ _ _ _ _ _ _ _ _ _ _ _ _ _ _ _ _ _ _ _ _ _ _ _ _ _ _ _ _ _ _ _ _ _ _ _

    def _reset_inmemory_state() -> None:
        backend_app._INMEMORY_ENTITLEMENTS.clear()
        backend_app._INMEMORY_USAGE_MONTHLY.clear()
        backend_app._INMEMORY_USAGE_DAILY.clear()
        backend_app._INMEMORY_USAGE_EVENTS.clear()
        backend_app._INMEMORY_STRIPE_CUSTOMERS.clear()
        backend_app._INMEMORY_WALLET_DAILY.clear()
        backend_app._INMEMORY_WALLET_TRANSACTIONS.clear()
        backend_app._INMEMORY_COUPONS.clear()
        backend_app._INMEMORY_COUPON_REDEMPTIONS.clear()
>       backend_app._INMEMORY_ACCOUNTING_DAILY_ROLLUP.clear()
        ^^^^^^^^^^^^^^^^^^^^^^^^^^^^^^^^^^^^^^^^^^^^^
E       AttributeError: module 'app' has no attribute '_INMEMORY_ACCOUNTING_DAILY_ROLLUP'

tests\test_admin_authz.py:20: AttributeError
______________ test_admin_can_submit_tts_without_userid_profile _______________

monkeypatch = <_pytest.monkeypatch.MonkeyPatch object at 0x000002703EC47410>

    def test_admin_can_submit_tts_without_userid_profile(monkeypatch) -> None:
>       _reset_inmemory_state()

tests\test_admin_authz.py:678: 
_ _ _ _ _ _ _ _ _ _ _ _ _ _ _ _ _ _ _ _ _ _ _ _ _ _ _ _ _ _ _ _ _ _ _ _ _ _ _ _

    def _reset_inmemory_state() -> None:
        backend_app._INMEMORY_ENTITLEMENTS.clear()
        backend_app._INMEMORY_USAGE_MONTHLY.clear()
        backend_app._INMEMORY_USAGE_DAILY.clear()
        backend_app._INMEMORY_USAGE_EVENTS.clear()
        backend_app._INMEMORY_STRIPE_CUSTOMERS.clear()
        backend_app._INMEMORY_WALLET_DAILY.clear()
        backend_app._INMEMORY_WALLET_TRANSACTIONS.clear()
        backend_app._INMEMORY_COUPONS.clear()
        backend_app._INMEMORY_COUPON_REDEMPTIONS.clear()
>       backend_app._INMEMORY_ACCOUNTING_DAILY_ROLLUP.clear()
        ^^^^^^^^^^^^^^^^^^^^^^^^^^^^^^^^^^^^^^^^^^^^^
E       AttributeError: module 'app' has no attribute '_INMEMORY_ACCOUNTING_DAILY_ROLLUP'

tests\test_admin_authz.py:20: AttributeError
___________ test_rbac_assignment_resolution_and_override_precedence ___________

monkeypatch = <_pytest.monkeypatch.MonkeyPatch object at 0x000002703E89FF90>

    def test_rbac_assignment_resolution_and_override_precedence(monkeypatch) -> None:
>       _reset_phase2_state()

tests\test_admin_phase2_control_plane.py:59: 
_ _ _ _ _ _ _ _ _ _ _ _ _ _ _ _ _ _ _ _ _ _ _ _ _ _ _ _ _ _ _ _ _ _ _ _ _ _ _ _

    def _reset_phase2_state() -> None:
        backend_app._INMEMORY_ADMIN_ROLES.clear()
        backend_app._RBAC_ACTOR_CACHE.clear()
    
        backend_app._INMEMORY_AUDIT_LEDGER_EVENTS.clear()
        backend_app._INMEMORY_AUDIT_LEDGER_ORDER.clear()
        backend_app._INMEMORY_AUDIT_LEDGER_STATE.clear()
    
        backend_app._INMEMORY_ALERT_POLICIES.clear()
        backend_app._INMEMORY_ALERT_DESTINATIONS.clear()
        backend_app._INMEMORY_ALERT_EVENTS.clear()
    
        backend_app._INMEMORY_SCHEDULER_TASKS.clear()
        backend_app._INMEMORY_SCHEDULER_RUNS.clear()
        backend_app._INMEMORY_SCHEDULER_LOCK.clear()
        backend_app._INMEMORY_AUDIO_GENERATION_AUDIT.clear()
    
        backend_app._INMEMORY_COUPON_ANALYTICS_DAILY.clear()
        backend_app._INMEMORY_COUPON_SUB_ATTRIBUTIONS.clear()
>       backend_app._INMEMORY_ACCOUNTING_DAILY_ROLLUP.clear()
        ^^^^^^^^^^^^^^^^^^^^^^^^^^^^^^^^^^^^^^^^^^^^^
E       AttributeError: module 'app' has no attribute '_INMEMORY_ACCOUNTING_DAILY_ROLLUP'

tests\test_admin_phase2_control_plane.py:28: AttributeError
______________ test_rbac_bootstrap_fallback_for_legacy_admin_uid ______________

monkeypatch = <_pytest.monkeypatch.MonkeyPatch object at 0x000002703ED55E90>

    def test_rbac_bootstrap_fallback_for_legacy_admin_uid(monkeypatch) -> None:
>       _reset_phase2_state()

tests\test_admin_phase2_control_plane.py:93: 
_ _ _ _ _ _ _ _ _ _ _ _ _ _ _ _ _ _ _ _ _ _ _ _ _ _ _ _ _ _ _ _ _ _ _ _ _ _ _ _

    def _reset_phase2_state() -> None:
        backend_app._INMEMORY_ADMIN_ROLES.clear()
        backend_app._RBAC_ACTOR_CACHE.clear()
    
        backend_app._INMEMORY_AUDIT_LEDGER_EVENTS.clear()
        backend_app._INMEMORY_AUDIT_LEDGER_ORDER.clear()
        backend_app._INMEMORY_AUDIT_LEDGER_STATE.clear()
    
        backend_app._INMEMORY_ALERT_POLICIES.clear()
        backend_app._INMEMORY_ALERT_DESTINATIONS.clear()
        backend_app._INMEMORY_ALERT_EVENTS.clear()
    
        backend_app._INMEMORY_SCHEDULER_TASKS.clear()
        backend_app._INMEMORY_SCHEDULER_RUNS.clear()
        backend_app._INMEMORY_SCHEDULER_LOCK.clear()
        backend_app._INMEMORY_AUDIO_GENERATION_AUDIT.clear()
    
        backend_app._INMEMORY_COUPON_ANALYTICS_DAILY.clear()
        backend_app._INMEMORY_COUPON_SUB_ATTRIBUTIONS.clear()
>       backend_app._INMEMORY_ACCOUNTING_DAILY_ROLLUP.clear()
        ^^^^^^^^^^^^^^^^^^^^^^^^^^^^^^^^^^^^^^^^^^^^^
E       AttributeError: module 'app' has no attribute '_INMEMORY_ACCOUNTING_DAILY_ROLLUP'

tests\test_admin_phase2_control_plane.py:28: AttributeError
________________ test_rbac_endpoint_gating_with_read_only_role ________________

monkeypatch = <_pytest.monkeypatch.MonkeyPatch object at 0x000002703ED466D0>

    def test_rbac_endpoint_gating_with_read_only_role(monkeypatch) -> None:
>       _reset_phase2_state()

tests\test_admin_phase2_control_plane.py:107: 
_ _ _ _ _ _ _ _ _ _ _ _ _ _ _ _ _ _ _ _ _ _ _ _ _ _ _ _ _ _ _ _ _ _ _ _ _ _ _ _

    def _reset_phase2_state() -> None:
        backend_app._INMEMORY_ADMIN_ROLES.clear()
        backend_app._RBAC_ACTOR_CACHE.clear()
    
        backend_app._INMEMORY_AUDIT_LEDGER_EVENTS.clear()
        backend_app._INMEMORY_AUDIT_LEDGER_ORDER.clear()
        backend_app._INMEMORY_AUDIT_LEDGER_STATE.clear()
    
        backend_app._INMEMORY_ALERT_POLICIES.clear()
        backend_app._INMEMORY_ALERT_DESTINATIONS.clear()
        backend_app._INMEMORY_ALERT_EVENTS.clear()
    
        backend_app._INMEMORY_SCHEDULER_TASKS.clear()
        backend_app._INMEMORY_SCHEDULER_RUNS.clear()
        backend_app._INMEMORY_SCHEDULER_LOCK.clear()
        backend_app._INMEMORY_AUDIO_GENERATION_AUDIT.clear()
    
        backend_app._INMEMORY_COUPON_ANALYTICS_DAILY.clear()
        backend_app._INMEMORY_COUPON_SUB_ATTRIBUTIONS.clear()
>       backend_app._INMEMORY_ACCOUNTING_DAILY_ROLLUP.clear()
        ^^^^^^^^^^^^^^^^^^^^^^^^^^^^^^^^^^^^^^^^^^^^^
E       AttributeError: module 'app' has no attribute '_INMEMORY_ACCOUNTING_DAILY_ROLLUP'

tests\test_admin_phase2_control_plane.py:28: AttributeError
________________ test_audit_chain_append_and_tamper_detection _________________

monkeypatch = <_pytest.monkeypatch.MonkeyPatch object at 0x000002703ED49350>

    def test_audit_chain_append_and_tamper_detection(monkeypatch) -> None:
>       _reset_phase2_state()

tests\test_admin_phase2_control_plane.py:143: 
_ _ _ _ _ _ _ _ _ _ _ _ _ _ _ _ _ _ _ _ _ _ _ _ _ _ _ _ _ _ _ _ _ _ _ _ _ _ _ _

    def _reset_phase2_state() -> None:
        backend_app._INMEMORY_ADMIN_ROLES.clear()
        backend_app._RBAC_ACTOR_CACHE.clear()
    
        backend_app._INMEMORY_AUDIT_LEDGER_EVENTS.clear()
        backend_app._INMEMORY_AUDIT_LEDGER_ORDER.clear()
        backend_app._INMEMORY_AUDIT_LEDGER_STATE.clear()
    
        backend_app._INMEMORY_ALERT_POLICIES.clear()
        backend_app._INMEMORY_ALERT_DESTINATIONS.clear()
        backend_app._INMEMORY_ALERT_EVENTS.clear()
    
        backend_app._INMEMORY_SCHEDULER_TASKS.clear()
        backend_app._INMEMORY_SCHEDULER_RUNS.clear()
        backend_app._INMEMORY_SCHEDULER_LOCK.clear()
        backend_app._INMEMORY_AUDIO_GENERATION_AUDIT.clear()
    
        backend_app._INMEMORY_COUPON_ANALYTICS_DAILY.clear()
        backend_app._INMEMORY_COUPON_SUB_ATTRIBUTIONS.clear()
>       backend_app._INMEMORY_ACCOUNTING_DAILY_ROLLUP.clear()
        ^^^^^^^^^^^^^^^^^^^^^^^^^^^^^^^^^^^^^^^^^^^^^
E       AttributeError: module 'app' has no attribute '_INMEMORY_ACCOUNTING_DAILY_ROLLUP'

tests\test_admin_phase2_control_plane.py:28: AttributeError
___________________ test_alert_evaluator_respects_cooldown ____________________

monkeypatch = <_pytest.monkeypatch.MonkeyPatch object at 0x000002703EC32110>

    def test_alert_evaluator_respects_cooldown(monkeypatch) -> None:
>       _reset_phase2_state()

tests\test_admin_phase2_control_plane.py:175: 
_ _ _ _ _ _ _ _ _ _ _ _ _ _ _ _ _ _ _ _ _ _ _ _ _ _ _ _ _ _ _ _ _ _ _ _ _ _ _ _

    def _reset_phase2_state() -> None:
        backend_app._INMEMORY_ADMIN_ROLES.clear()
        backend_app._RBAC_ACTOR_CACHE.clear()
    
        backend_app._INMEMORY_AUDIT_LEDGER_EVENTS.clear()
        backend_app._INMEMORY_AUDIT_LEDGER_ORDER.clear()
        backend_app._INMEMORY_AUDIT_LEDGER_STATE.clear()
    
        backend_app._INMEMORY_ALERT_POLICIES.clear()
        backend_app._INMEMORY_ALERT_DESTINATIONS.clear()
        backend_app._INMEMORY_ALERT_EVENTS.clear()
    
        backend_app._INMEMORY_SCHEDULER_TASKS.clear()
        backend_app._INMEMORY_SCHEDULER_RUNS.clear()
        backend_app._INMEMORY_SCHEDULER_LOCK.clear()
        backend_app._INMEMORY_AUDIO_GENERATION_AUDIT.clear()
    
        backend_app._INMEMORY_COUPON_ANALYTICS_DAILY.clear()
        backend_app._INMEMORY_COUPON_SUB_ATTRIBUTIONS.clear()
>       backend_app._INMEMORY_ACCOUNTING_DAILY_ROLLUP.clear()
        ^^^^^^^^^^^^^^^^^^^^^^^^^^^^^^^^^^^^^^^^^^^^^
E       AttributeError: module 'app' has no attribute '_INMEMORY_ACCOUNTING_DAILY_ROLLUP'

tests\test_admin_phase2_control_plane.py:28: AttributeError
_________ test_scheduler_manual_run_records_runs_and_idempotency_key __________

monkeypatch = <_pytest.monkeypatch.MonkeyPatch object at 0x000002703EC3E050>

    def test_scheduler_manual_run_records_runs_and_idempotency_key(monkeypatch) -> None:
>       _reset_phase2_state()

tests\test_admin_phase2_control_plane.py:205: 
_ _ _ _ _ _ _ _ _ _ _ _ _ _ _ _ _ _ _ _ _ _ _ _ _ _ _ _ _ _ _ _ _ _ _ _ _ _ _ _

    def _reset_phase2_state() -> None:
        backend_app._INMEMORY_ADMIN_ROLES.clear()
        backend_app._RBAC_ACTOR_CACHE.clear()
    
        backend_app._INMEMORY_AUDIT_LEDGER_EVENTS.clear()
        backend_app._INMEMORY_AUDIT_LEDGER_ORDER.clear()
        backend_app._INMEMORY_AUDIT_LEDGER_STATE.clear()
    
        backend_app._INMEMORY_ALERT_POLICIES.clear()
        backend_app._INMEMORY_ALERT_DESTINATIONS.clear()
        backend_app._INMEMORY_ALERT_EVENTS.clear()
    
        backend_app._INMEMORY_SCHEDULER_TASKS.clear()
        backend_app._INMEMORY_SCHEDULER_RUNS.clear()
        backend_app._INMEMORY_SCHEDULER_LOCK.clear()
        backend_app._INMEMORY_AUDIO_GENERATION_AUDIT.clear()
    
        backend_app._INMEMORY_COUPON_ANALYTICS_DAILY.clear()
        backend_app._INMEMORY_COUPON_SUB_ATTRIBUTIONS.clear()
>       backend_app._INMEMORY_ACCOUNTING_DAILY_ROLLUP.clear()
        ^^^^^^^^^^^^^^^^^^^^^^^^^^^^^^^^^^^^^^^^^^^^^
E       AttributeError: module 'app' has no attribute '_INMEMORY_ACCOUNTING_DAILY_ROLLUP'

tests\test_admin_phase2_control_plane.py:28: AttributeError
___ test_audio_metadata_admin_endpoints_require_audit_read_and_log_exports ____

monkeypatch = <_pytest.monkeypatch.MonkeyPatch object at 0x000002703EBDD850>

    def test_audio_metadata_admin_endpoints_require_audit_read_and_log_exports(monkeypatch) -> None:
>       _reset_phase2_state()

tests\test_admin_phase2_control_plane.py:233: 
_ _ _ _ _ _ _ _ _ _ _ _ _ _ _ _ _ _ _ _ _ _ _ _ _ _ _ _ _ _ _ _ _ _ _ _ _ _ _ _

    def _reset_phase2_state() -> None:
        backend_app._INMEMORY_ADMIN_ROLES.clear()
        backend_app._RBAC_ACTOR_CACHE.clear()
    
        backend_app._INMEMORY_AUDIT_LEDGER_EVENTS.clear()
        backend_app._INMEMORY_AUDIT_LEDGER_ORDER.clear()
        backend_app._INMEMORY_AUDIT_LEDGER_STATE.clear()
    
        backend_app._INMEMORY_ALERT_POLICIES.clear()
        backend_app._INMEMORY_ALERT_DESTINATIONS.clear()
        backend_app._INMEMORY_ALERT_EVENTS.clear()
    
        backend_app._INMEMORY_SCHEDULER_TASKS.clear()
        backend_app._INMEMORY_SCHEDULER_RUNS.clear()
        backend_app._INMEMORY_SCHEDULER_LOCK.clear()
        backend_app._INMEMORY_AUDIO_GENERATION_AUDIT.clear()
    
        backend_app._INMEMORY_COUPON_ANALYTICS_DAILY.clear()
        backend_app._INMEMORY_COUPON_SUB_ATTRIBUTIONS.clear()
>       backend_app._INMEMORY_ACCOUNTING_DAILY_ROLLUP.clear()
        ^^^^^^^^^^^^^^^^^^^^^^^^^^^^^^^^^^^^^^^^^^^^^
E       AttributeError: module 'app' has no attribute '_INMEMORY_ACCOUNTING_DAILY_ROLLUP'

tests\test_admin_phase2_control_plane.py:28: AttributeError
_ test_audio_metadata_repair_migration_dry_run_apply_verify_logs_audit_events _

monkeypatch = <_pytest.monkeypatch.MonkeyPatch object at 0x000002703ED57D50>

    def test_audio_metadata_repair_migration_dry_run_apply_verify_logs_audit_events(monkeypatch) -> None:
>       _reset_phase2_state()

tests\test_admin_phase2_control_plane.py:295: 
_ _ _ _ _ _ _ _ _ _ _ _ _ _ _ _ _ _ _ _ _ _ _ _ _ _ _ _ _ _ _ _ _ _ _ _ _ _ _ _

    def _reset_phase2_state() -> None:
        backend_app._INMEMORY_ADMIN_ROLES.clear()
        backend_app._RBAC_ACTOR_CACHE.clear()
    
        backend_app._INMEMORY_AUDIT_LEDGER_EVENTS.clear()
        backend_app._INMEMORY_AUDIT_LEDGER_ORDER.clear()
        backend_app._INMEMORY_AUDIT_LEDGER_STATE.clear()
    
        backend_app._INMEMORY_ALERT_POLICIES.clear()
        backend_app._INMEMORY_ALERT_DESTINATIONS.clear()
        backend_app._INMEMORY_ALERT_EVENTS.clear()
    
        backend_app._INMEMORY_SCHEDULER_TASKS.clear()
        backend_app._INMEMORY_SCHEDULER_RUNS.clear()
        backend_app._INMEMORY_SCHEDULER_LOCK.clear()
        backend_app._INMEMORY_AUDIO_GENERATION_AUDIT.clear()
    
        backend_app._INMEMORY_COUPON_ANALYTICS_DAILY.clear()
        backend_app._INMEMORY_COUPON_SUB_ATTRIBUTIONS.clear()
>       backend_app._INMEMORY_ACCOUNTING_DAILY_ROLLUP.clear()
        ^^^^^^^^^^^^^^^^^^^^^^^^^^^^^^^^^^^^^^^^^^^^^
E       AttributeError: module 'app' has no attribute '_INMEMORY_ACCOUNTING_DAILY_ROLLUP'

tests\test_admin_phase2_control_plane.py:28: AttributeError
_____ test_audio_metadata_retention_cleanup_removes_only_expired_records ______

monkeypatch = <_pytest.monkeypatch.MonkeyPatch object at 0x000002703E89E050>

    def test_audio_metadata_retention_cleanup_removes_only_expired_records(monkeypatch) -> None:
>       _reset_phase2_state()

tests\test_admin_phase2_control_plane.py:346: 
_ _ _ _ _ _ _ _ _ _ _ _ _ _ _ _ _ _ _ _ _ _ _ _ _ _ _ _ _ _ _ _ _ _ _ _ _ _ _ _

    def _reset_phase2_state() -> None:
        backend_app._INMEMORY_ADMIN_ROLES.clear()
        backend_app._RBAC_ACTOR_CACHE.clear()
    
        backend_app._INMEMORY_AUDIT_LEDGER_EVENTS.clear()
        backend_app._INMEMORY_AUDIT_LEDGER_ORDER.clear()
        backend_app._INMEMORY_AUDIT_LEDGER_STATE.clear()
    
        backend_app._INMEMORY_ALERT_POLICIES.clear()
        backend_app._INMEMORY_ALERT_DESTINATIONS.clear()
        backend_app._INMEMORY_ALERT_EVENTS.clear()
    
        backend_app._INMEMORY_SCHEDULER_TASKS.clear()
        backend_app._INMEMORY_SCHEDULER_RUNS.clear()
        backend_app._INMEMORY_SCHEDULER_LOCK.clear()
        backend_app._INMEMORY_AUDIO_GENERATION_AUDIT.clear()
    
        backend_app._INMEMORY_COUPON_ANALYTICS_DAILY.clear()
        backend_app._INMEMORY_COUPON_SUB_ATTRIBUTIONS.clear()
>       backend_app._INMEMORY_ACCOUNTING_DAILY_ROLLUP.clear()
        ^^^^^^^^^^^^^^^^^^^^^^^^^^^^^^^^^^^^^^^^^^^^^
E       AttributeError: module 'app' has no attribute '_INMEMORY_ACCOUNTING_DAILY_ROLLUP'

tests\test_admin_phase2_control_plane.py:28: AttributeError
_____ test_subscription_coupon_plan_specific_discount_checkout_selection ______

monkeypatch = <_pytest.monkeypatch.MonkeyPatch object at 0x000002703ED87010>

    def test_subscription_coupon_plan_specific_discount_checkout_selection(monkeypatch) -> None:
>       _reset_phase2_state()

tests\test_admin_phase2_control_plane.py:403: 
_ _ _ _ _ _ _ _ _ _ _ _ _ _ _ _ _ _ _ _ _ _ _ _ _ _ _ _ _ _ _ _ _ _ _ _ _ _ _ _

    def _reset_phase2_state() -> None:
        backend_app._INMEMORY_ADMIN_ROLES.clear()
        backend_app._RBAC_ACTOR_CACHE.clear()
    
        backend_app._INMEMORY_AUDIT_LEDGER_EVENTS.clear()
        backend_app._INMEMORY_AUDIT_LEDGER_ORDER.clear()
        backend_app._INMEMORY_AUDIT_LEDGER_STATE.clear()
    
        backend_app._INMEMORY_ALERT_POLICIES.clear()
        backend_app._INMEMORY_ALERT_DESTINATIONS.clear()
        backend_app._INMEMORY_ALERT_EVENTS.clear()
    
        backend_app._INMEMORY_SCHEDULER_TASKS.clear()
        backend_app._INMEMORY_SCHEDULER_RUNS.clear()
        backend_app._INMEMORY_SCHEDULER_LOCK.clear()
        backend_app._INMEMORY_AUDIO_GENERATION_AUDIT.clear()
    
        backend_app._INMEMORY_COUPON_ANALYTICS_DAILY.clear()
        backend_app._INMEMORY_COUPON_SUB_ATTRIBUTIONS.clear()
>       backend_app._INMEMORY_ACCOUNTING_DAILY_ROLLUP.clear()
        ^^^^^^^^^^^^^^^^^^^^^^^^^^^^^^^^^^^^^^^^^^^^^
E       AttributeError: module 'app' has no attribute '_INMEMORY_ACCOUNTING_DAILY_ROLLUP'

tests\test_admin_phase2_control_plane.py:28: AttributeError
____________ test_billing_webhook_security_enforced_in_production _____________

monkeypatch = <_pytest.monkeypatch.MonkeyPatch object at 0x000002703ED41910>

    def test_billing_webhook_security_enforced_in_production(monkeypatch) -> None:
        monkeypatch.setattr(backend_app, "VF_IS_PRODUCTION", True)
>       monkeypatch.setattr(backend_app, "_razorpay_available", lambda: True)
E       AttributeError: <module 'app' from 'C:\\Users\\1wasi\\OneDrive\\Desktop\\voice-Flow\\backend\\app.py'> has no attribute '_razorpay_available'

tests\test_admin_unlock_and_security.py:176: AttributeError
_______ test_billing_webhook_unsigned_requires_explicit_local_dev_mode ________

monkeypatch = <_pytest.monkeypatch.MonkeyPatch object at 0x000002703ED1D4D0>

    def test_billing_webhook_unsigned_requires_explicit_local_dev_mode(monkeypatch) -> None:
>       monkeypatch.setattr(backend_app, "_razorpay_available", lambda: True)
E       AttributeError: <module 'app' from 'C:\\Users\\1wasi\\OneDrive\\Desktop\\voice-Flow\\backend\\app.py'> has no attribute '_razorpay_available'

tests\test_admin_unlock_and_security.py:190: AttributeError
__________________ test_tts_engine_status_paths_require_auth __________________

monkeypatch = <_pytest.monkeypatch.MonkeyPatch object at 0x000002703DFAD310>

    def test_tts_engine_status_paths_require_auth(monkeypatch) -> None:
        monkeypatch.setattr(backend_app, "VF_AUTH_ENFORCE", True)
>       assert backend_app._auth_exempt_path("/tts/engines/status") is False
E       AssertionError: assert True is False
E        +  where True = <function _auth_exempt_path at 0x000002703DF11E40>('/tts/engines/status')
E        +    where <function _auth_exempt_path at 0x000002703DF11E40> = backend_app._auth_exempt_path

tests\test_admin_unlock_and_security.py:228: AssertionError
____________ test_guardian_scan_auto_fixes_single_offline_runtime _____________

monkeypatch = <_pytest.monkeypatch.MonkeyPatch object at 0x000002703EBF43D0>

    def test_guardian_scan_auto_fixes_single_offline_runtime(monkeypatch) -> None:
        _reset_ai_ops_state()
        monkeypatch.setattr(backend_app, "VF_AUTH_ENFORCE", False)
        monkeypatch.setattr(backend_app, "VF_AI_OPS_ENABLE_AUTOFIX_MINOR", True)
    
        health_map = _health_engines_by_url()
        call_counts: dict[str, int] = {}
        switch_calls: list[str] = []
        switched: set[str] = set()
    
        def _probe(url: str, timeout_sec: float = 2.5):
            _ = timeout_sec
            engine = _next_engine_for_health_url(health_map, call_counts, url)
            if engine == "PRIME" and engine not in switched:
                return False, "offline"
            return True, "Runtime online"
    
        def _switch(engine: str, gpu: bool, retries: int = 2, keep_others: bool = True):
            _ = gpu, retries, keep_others
            switch_calls.append(engine)
            switched.add(engine)
            return f"switched:{engine}"
    
        monkeypatch.setattr(backend_app, "_probe_runtime_health", _probe)
        monkeypatch.setattr(backend_app, "_run_tts_switch_with_retry", _switch)
    
        client = TestClient(backend_app.app)
        response = client.post(
            "/ops/guardian/scan",
            json={"autoFixMinor": True, "gpu": False},
            headers={"x-dev-uid": "local_admin"},
        )
        assert response.status_code == 200
        payload = response.json()
        assert any(item.get("id") == "runtime_single_offline" for item in payload.get("detectedIssues", []))
        assert any(item.get("action") == "restart_runtime" for item in payload.get("autoFixActions", []))
>       assert switch_calls == ["PRIME"]
E       AssertionError: assert ['GEM'] == ['PRIME']
E         
E         At index 0 diff: 'GEM' != 'PRIME'
E         Use -v to get more diff

tests\test_ai_ops_guardian.py:103: AssertionError
________ test_normalize_wav_for_stitch_rewrites_channel_count_and_rate ________

    def test_normalize_wav_for_stitch_rewrites_channel_count_and_rate() -> None:
        wav_bytes = _build_wav_bytes(samples=[(1000, 1000), (1000, 1000), (1000, 1000), (1000, 1000)], sample_rate=24_000)
        stitched, params, stitched_rms = _normalize_wav_for_stitch(wav_bytes, target_params=(1, 2, 12_000), target_rms=1000)
        assert params == (1, 2, 12_000)
        assert stitched_rms > 0
>       channels, width, rate, frame_count = _read_wav_header(stitched)
                                             ^^^^^^^^^^^^^^^^^^^^^^^^^^

tests\test_audio_compat.py:63: 
_ _ _ _ _ _ _ _ _ _ _ _ _ _ _ _ _ _ _ _ _ _ _ _ _ _ _ _ _ _ _ _ _ _ _ _ _ _ _ _
tests\test_audio_compat.py:31: in _read_wav_header
    with wave.open(BytesIO(wav_bytes), "rb") as wav_file:
         ^^^^^^^^^^^^^^^^^^^^^^^^^^^^^^^^^^^
..\..\..\..\AppData\Local\Programs\Python\Python311\Lib\wave.py:631: in open
    return Wave_read(f)
           ^^^^^^^^^^^^
..\..\..\..\AppData\Local\Programs\Python\Python311\Lib\wave.py:283: in __init__
    self.initfp(f)
..\..\..\..\AppData\Local\Programs\Python\Python311\Lib\wave.py:248: in initfp
    self._file = _Chunk(file, bigendian = 0)
                 ^^^^^^^^^^^^^^^^^^^^^^^^^^^
_ _ _ _ _ _ _ _ _ _ _ _ _ _ _ _ _ _ _ _ _ _ _ _ _ _ _ _ _ _ _ _ _ _ _ _ _ _ _ _

self = <wave._Chunk object at 0x000002703ED43010>
file = <_io.BytesIO object at 0x000002703EC52890>, align = True, bigendian = 0
inclheader = False

    def __init__(self, file, align=True, bigendian=True, inclheader=False):
        self.closed = False
        self.align = align      # whether to align to word (2-byte) boundaries
        if bigendian:
            strflag = '>'
        else:
            strflag = '<'
        self.file = file
        self.chunkname = file.read(4)
        if len(self.chunkname) < 4:
            raise EOFError
        try:
            self.chunksize = struct.unpack_from(strflag+'L', file.read(4))[0]
        except struct.error:
>           raise EOFError from None
E           EOFError

..\..\..\..\AppData\Local\Programs\Python\Python311\Lib\wave.py:118: EOFError
____ test_firestore_collection_retries_init_when_app_exists_and_db_missing ____

monkeypatch = <_pytest.monkeypatch.MonkeyPatch object at 0x000002703ED31150>

    def test_firestore_collection_retries_init_when_app_exists_and_db_missing(monkeypatch) -> None:
>       _reset_inmemory_state()

tests\test_billing_db_hardening.py:51: 
_ _ _ _ _ _ _ _ _ _ _ _ _ _ _ _ _ _ _ _ _ _ _ _ _ _ _ _ _ _ _ _ _ _ _ _ _ _ _ _

    def _reset_inmemory_state() -> None:
        backend_app._INMEMORY_ENTITLEMENTS.clear()
        backend_app._INMEMORY_USAGE_MONTHLY.clear()
        backend_app._INMEMORY_USAGE_DAILY.clear()
        backend_app._INMEMORY_USAGE_EVENTS.clear()
        backend_app._INMEMORY_STRIPE_CUSTOMERS.clear()
        backend_app._INMEMORY_WALLET_DAILY.clear()
        backend_app._INMEMORY_WALLET_TRANSACTIONS.clear()
        backend_app._INMEMORY_COUPONS.clear()
        backend_app._INMEMORY_COUPON_CODE_INDEX.clear()
        backend_app._INMEMORY_COUPON_REDEMPTIONS.clear()
>       backend_app._INMEMORY_STRIPE_WEBHOOK_EVENTS.clear()
        ^^^^^^^^^^^^^^^^^^^^^^^^^^^^^^^^^^^^^^^^^^^
E       AttributeError: module 'app' has no attribute '_INMEMORY_STRIPE_WEBHOOK_EVENTS'

tests\test_billing_db_hardening.py:23: AttributeError
_ test_user_profile_read_does_not_resurrect_local_fallback_when_firestore_missing _

    def test_user_profile_read_does_not_resurrect_local_fallback_when_firestore_missing() -> None:
>       _reset_inmemory_state()

tests\test_billing_db_hardening.py:73: 
_ _ _ _ _ _ _ _ _ _ _ _ _ _ _ _ _ _ _ _ _ _ _ _ _ _ _ _ _ _ _ _ _ _ _ _ _ _ _ _

    def _reset_inmemory_state() -> None:
        backend_app._INMEMORY_ENTITLEMENTS.clear()
        backend_app._INMEMORY_USAGE_MONTHLY.clear()
        backend_app._INMEMORY_USAGE_DAILY.clear()
        backend_app._INMEMORY_USAGE_EVENTS.clear()
        backend_app._INMEMORY_STRIPE_CUSTOMERS.clear()
        backend_app._INMEMORY_WALLET_DAILY.clear()
        backend_app._INMEMORY_WALLET_TRANSACTIONS.clear()
        backend_app._INMEMORY_COUPONS.clear()
        backend_app._INMEMORY_COUPON_CODE_INDEX.clear()
        backend_app._INMEMORY_COUPON_REDEMPTIONS.clear()
>       backend_app._INMEMORY_STRIPE_WEBHOOK_EVENTS.clear()
        ^^^^^^^^^^^^^^^^^^^^^^^^^^^^^^^^^^^^^^^^^^^
E       AttributeError: module 'app' has no attribute '_INMEMORY_STRIPE_WEBHOOK_EVENTS'

tests\test_billing_db_hardening.py:23: AttributeError
_________ test_user_profile_upsert_failfast_on_firestore_unavailable __________

monkeypatch = <_pytest.monkeypatch.MonkeyPatch object at 0x000002703EC3CC10>

    def test_user_profile_upsert_failfast_on_firestore_unavailable(monkeypatch) -> None:
>       _reset_inmemory_state()

tests\test_billing_db_hardening.py:83: 
_ _ _ _ _ _ _ _ _ _ _ _ _ _ _ _ _ _ _ _ _ _ _ _ _ _ _ _ _ _ _ _ _ _ _ _ _ _ _ _

    def _reset_inmemory_state() -> None:
        backend_app._INMEMORY_ENTITLEMENTS.clear()
        backend_app._INMEMORY_USAGE_MONTHLY.clear()
        backend_app._INMEMORY_USAGE_DAILY.clear()
        backend_app._INMEMORY_USAGE_EVENTS.clear()
        backend_app._INMEMORY_STRIPE_CUSTOMERS.clear()
        backend_app._INMEMORY_WALLET_DAILY.clear()
        backend_app._INMEMORY_WALLET_TRANSACTIONS.clear()
        backend_app._INMEMORY_COUPONS.clear()
        backend_app._INMEMORY_COUPON_CODE_INDEX.clear()
        backend_app._INMEMORY_COUPON_REDEMPTIONS.clear()
>       backend_app._INMEMORY_STRIPE_WEBHOOK_EVENTS.clear()
        ^^^^^^^^^^^^^^^^^^^^^^^^^^^^^^^^^^^^^^^^^^^
E       AttributeError: module 'app' has no attribute '_INMEMORY_STRIPE_WEBHOOK_EVENTS'

tests\test_billing_db_hardening.py:23: AttributeError
_________ test_checkout_returns_502_when_stripe_customer_create_fails _________

monkeypatch = <_pytest.monkeypatch.MonkeyPatch object at 0x000002703F178550>

    def test_checkout_returns_502_when_stripe_customer_create_fails(monkeypatch) -> None:
>       _reset_inmemory_state()

tests\test_billing_db_hardening.py:97: 
_ _ _ _ _ _ _ _ _ _ _ _ _ _ _ _ _ _ _ _ _ _ _ _ _ _ _ _ _ _ _ _ _ _ _ _ _ _ _ _

    def _reset_inmemory_state() -> None:
        backend_app._INMEMORY_ENTITLEMENTS.clear()
        backend_app._INMEMORY_USAGE_MONTHLY.clear()
        backend_app._INMEMORY_USAGE_DAILY.clear()
        backend_app._INMEMORY_USAGE_EVENTS.clear()
        backend_app._INMEMORY_STRIPE_CUSTOMERS.clear()
        backend_app._INMEMORY_WALLET_DAILY.clear()
        backend_app._INMEMORY_WALLET_TRANSACTIONS.clear()
        backend_app._INMEMORY_COUPONS.clear()
        backend_app._INMEMORY_COUPON_CODE_INDEX.clear()
        backend_app._INMEMORY_COUPON_REDEMPTIONS.clear()
>       backend_app._INMEMORY_STRIPE_WEBHOOK_EVENTS.clear()
        ^^^^^^^^^^^^^^^^^^^^^^^^^^^^^^^^^^^^^^^^^^^
E       AttributeError: module 'app' has no attribute '_INMEMORY_STRIPE_WEBHOOK_EVENTS'

tests\test_billing_db_hardening.py:23: AttributeError
_____________ test_stripe_checkout_session_honors_idempotency_key _____________

monkeypatch = <_pytest.monkeypatch.MonkeyPatch object at 0x000002703EC62010>

    def test_stripe_checkout_session_honors_idempotency_key(monkeypatch) -> None:
>       _reset_inmemory_state()

tests\test_billing_db_hardening.py:127: 
_ _ _ _ _ _ _ _ _ _ _ _ _ _ _ _ _ _ _ _ _ _ _ _ _ _ _ _ _ _ _ _ _ _ _ _ _ _ _ _

    def _reset_inmemory_state() -> None:
        backend_app._INMEMORY_ENTITLEMENTS.clear()
        backend_app._INMEMORY_USAGE_MONTHLY.clear()
        backend_app._INMEMORY_USAGE_DAILY.clear()
        backend_app._INMEMORY_USAGE_EVENTS.clear()
        backend_app._INMEMORY_STRIPE_CUSTOMERS.clear()
        backend_app._INMEMORY_WALLET_DAILY.clear()
        backend_app._INMEMORY_WALLET_TRANSACTIONS.clear()
        backend_app._INMEMORY_COUPONS.clear()
        backend_app._INMEMORY_COUPON_CODE_INDEX.clear()
        backend_app._INMEMORY_COUPON_REDEMPTIONS.clear()
>       backend_app._INMEMORY_STRIPE_WEBHOOK_EVENTS.clear()
        ^^^^^^^^^^^^^^^^^^^^^^^^^^^^^^^^^^^^^^^^^^^
E       AttributeError: module 'app' has no attribute '_INMEMORY_STRIPE_WEBHOOK_EVENTS'

tests\test_billing_db_hardening.py:23: AttributeError
___________ test_token_pack_checkout_session_honors_idempotency_key ___________

monkeypatch = <_pytest.monkeypatch.MonkeyPatch object at 0x000002703ED75010>

    def test_token_pack_checkout_session_honors_idempotency_key(monkeypatch) -> None:
>       _reset_inmemory_state()

tests\test_billing_db_hardening.py:166: 
_ _ _ _ _ _ _ _ _ _ _ _ _ _ _ _ _ _ _ _ _ _ _ _ _ _ _ _ _ _ _ _ _ _ _ _ _ _ _ _

    def _reset_inmemory_state() -> None:
        backend_app._INMEMORY_ENTITLEMENTS.clear()
        backend_app._INMEMORY_USAGE_MONTHLY.clear()
        backend_app._INMEMORY_USAGE_DAILY.clear()
        backend_app._INMEMORY_USAGE_EVENTS.clear()
        backend_app._INMEMORY_STRIPE_CUSTOMERS.clear()
        backend_app._INMEMORY_WALLET_DAILY.clear()
        backend_app._INMEMORY_WALLET_TRANSACTIONS.clear()
        backend_app._INMEMORY_COUPONS.clear()
        backend_app._INMEMORY_COUPON_CODE_INDEX.clear()
        backend_app._INMEMORY_COUPON_REDEMPTIONS.clear()
>       backend_app._INMEMORY_STRIPE_WEBHOOK_EVENTS.clear()
        ^^^^^^^^^^^^^^^^^^^^^^^^^^^^^^^^^^^^^^^^^^^
E       AttributeError: module 'app' has no attribute '_INMEMORY_STRIPE_WEBHOOK_EVENTS'

tests\test_billing_db_hardening.py:23: AttributeError
________ test_razorpay_subscription_checkout_reuses_idempotent_result _________

monkeypatch = <_pytest.monkeypatch.MonkeyPatch object at 0x000002703ECFEF50>

    def test_razorpay_subscription_checkout_reuses_idempotent_result(monkeypatch) -> None:
>       _reset_inmemory_state()

tests\test_billing_db_hardening.py:206: 
_ _ _ _ _ _ _ _ _ _ _ _ _ _ _ _ _ _ _ _ _ _ _ _ _ _ _ _ _ _ _ _ _ _ _ _ _ _ _ _

    def _reset_inmemory_state() -> None:
        backend_app._INMEMORY_ENTITLEMENTS.clear()
        backend_app._INMEMORY_USAGE_MONTHLY.clear()
        backend_app._INMEMORY_USAGE_DAILY.clear()
        backend_app._INMEMORY_USAGE_EVENTS.clear()
        backend_app._INMEMORY_STRIPE_CUSTOMERS.clear()
        backend_app._INMEMORY_WALLET_DAILY.clear()
        backend_app._INMEMORY_WALLET_TRANSACTIONS.clear()
        backend_app._INMEMORY_COUPONS.clear()
        backend_app._INMEMORY_COUPON_CODE_INDEX.clear()
        backend_app._INMEMORY_COUPON_REDEMPTIONS.clear()
>       backend_app._INMEMORY_STRIPE_WEBHOOK_EVENTS.clear()
        ^^^^^^^^^^^^^^^^^^^^^^^^^^^^^^^^^^^^^^^^^^^
E       AttributeError: module 'app' has no attribute '_INMEMORY_STRIPE_WEBHOOK_EVENTS'

tests\test_billing_db_hardening.py:23: AttributeError
_ test_razorpay_subscription_checkout_reuses_result_when_entitlement_write_fails _

monkeypatch = <_pytest.monkeypatch.MonkeyPatch object at 0x000002703ED3AB50>

    def test_razorpay_subscription_checkout_reuses_result_when_entitlement_write_fails(monkeypatch) -> None:
>       _reset_inmemory_state()

tests\test_billing_db_hardening.py:239: 
_ _ _ _ _ _ _ _ _ _ _ _ _ _ _ _ _ _ _ _ _ _ _ _ _ _ _ _ _ _ _ _ _ _ _ _ _ _ _ _

    def _reset_inmemory_state() -> None:
        backend_app._INMEMORY_ENTITLEMENTS.clear()
        backend_app._INMEMORY_USAGE_MONTHLY.clear()
        backend_app._INMEMORY_USAGE_DAILY.clear()
        backend_app._INMEMORY_USAGE_EVENTS.clear()
        backend_app._INMEMORY_STRIPE_CUSTOMERS.clear()
        backend_app._INMEMORY_WALLET_DAILY.clear()
        backend_app._INMEMORY_WALLET_TRANSACTIONS.clear()
        backend_app._INMEMORY_COUPONS.clear()
        backend_app._INMEMORY_COUPON_CODE_INDEX.clear()
        backend_app._INMEMORY_COUPON_REDEMPTIONS.clear()
>       backend_app._INMEMORY_STRIPE_WEBHOOK_EVENTS.clear()
        ^^^^^^^^^^^^^^^^^^^^^^^^^^^^^^^^^^^^^^^^^^^
E       AttributeError: module 'app' has no attribute '_INMEMORY_STRIPE_WEBHOOK_EVENTS'

tests\test_billing_db_hardening.py:23: AttributeError
__ test_razorpay_checkout_fails_closed_when_idempotency_storage_unavailable ___

monkeypatch = <_pytest.monkeypatch.MonkeyPatch object at 0x000002703EBE1A10>

    def test_razorpay_checkout_fails_closed_when_idempotency_storage_unavailable(monkeypatch) -> None:
>       _reset_inmemory_state()

tests\test_billing_db_hardening.py:283: 
_ _ _ _ _ _ _ _ _ _ _ _ _ _ _ _ _ _ _ _ _ _ _ _ _ _ _ _ _ _ _ _ _ _ _ _ _ _ _ _

    def _reset_inmemory_state() -> None:
        backend_app._INMEMORY_ENTITLEMENTS.clear()
        backend_app._INMEMORY_USAGE_MONTHLY.clear()
        backend_app._INMEMORY_USAGE_DAILY.clear()
        backend_app._INMEMORY_USAGE_EVENTS.clear()
        backend_app._INMEMORY_STRIPE_CUSTOMERS.clear()
        backend_app._INMEMORY_WALLET_DAILY.clear()
        backend_app._INMEMORY_WALLET_TRANSACTIONS.clear()
        backend_app._INMEMORY_COUPONS.clear()
        backend_app._INMEMORY_COUPON_CODE_INDEX.clear()
        backend_app._INMEMORY_COUPON_REDEMPTIONS.clear()
>       backend_app._INMEMORY_STRIPE_WEBHOOK_EVENTS.clear()
        ^^^^^^^^^^^^^^^^^^^^^^^^^^^^^^^^^^^^^^^^^^^
E       AttributeError: module 'app' has no attribute '_INMEMORY_STRIPE_WEBHOOK_EVENTS'

tests\test_billing_db_hardening.py:23: AttributeError
____________ test_vc_token_pack_checkout_reuses_idempotent_result _____________

monkeypatch = <_pytest.monkeypatch.MonkeyPatch object at 0x000002703ED43B90>

    def test_vc_token_pack_checkout_reuses_idempotent_result(monkeypatch) -> None:
>       _reset_inmemory_state()

tests\test_billing_db_hardening.py:331: 
_ _ _ _ _ _ _ _ _ _ _ _ _ _ _ _ _ _ _ _ _ _ _ _ _ _ _ _ _ _ _ _ _ _ _ _ _ _ _ _

    def _reset_inmemory_state() -> None:
        backend_app._INMEMORY_ENTITLEMENTS.clear()
        backend_app._INMEMORY_USAGE_MONTHLY.clear()
        backend_app._INMEMORY_USAGE_DAILY.clear()
        backend_app._INMEMORY_USAGE_EVENTS.clear()
        backend_app._INMEMORY_STRIPE_CUSTOMERS.clear()
        backend_app._INMEMORY_WALLET_DAILY.clear()
        backend_app._INMEMORY_WALLET_TRANSACTIONS.clear()
        backend_app._INMEMORY_COUPONS.clear()
        backend_app._INMEMORY_COUPON_CODE_INDEX.clear()
        backend_app._INMEMORY_COUPON_REDEMPTIONS.clear()
>       backend_app._INMEMORY_STRIPE_WEBHOOK_EVENTS.clear()
        ^^^^^^^^^^^^^^^^^^^^^^^^^^^^^^^^^^^^^^^^^^^
E       AttributeError: module 'app' has no attribute '_INMEMORY_STRIPE_WEBHOOK_EVENTS'

tests\test_billing_db_hardening.py:23: AttributeError
____ test_vc_token_pack_checkout_accepts_all_catalog_keys[starter-55-110] _____

monkeypatch = <_pytest.monkeypatch.MonkeyPatch object at 0x000002703ED44090>
pack_key = 'starter', expected_vc = 55, expected_price = 110

    @pytest.mark.parametrize(
        ("pack_key", "expected_vc", "expected_price"),
        [
            ("starter", 55, 110),
            ("standard", 200, 400),
            ("growth", 500, 1000),
            ("pro", 1500, 3000),
            ("scale", 2600, 5000),
        ],
    )
    def test_vc_token_pack_checkout_accepts_all_catalog_keys(monkeypatch, pack_key, expected_vc, expected_price) -> None:
>       _reset_inmemory_state()

tests\test_billing_db_hardening.py:379: 
_ _ _ _ _ _ _ _ _ _ _ _ _ _ _ _ _ _ _ _ _ _ _ _ _ _ _ _ _ _ _ _ _ _ _ _ _ _ _ _

    def _reset_inmemory_state() -> None:
        backend_app._INMEMORY_ENTITLEMENTS.clear()
        backend_app._INMEMORY_USAGE_MONTHLY.clear()
        backend_app._INMEMORY_USAGE_DAILY.clear()
        backend_app._INMEMORY_USAGE_EVENTS.clear()
        backend_app._INMEMORY_STRIPE_CUSTOMERS.clear()
        backend_app._INMEMORY_WALLET_DAILY.clear()
        backend_app._INMEMORY_WALLET_TRANSACTIONS.clear()
        backend_app._INMEMORY_COUPONS.clear()
        backend_app._INMEMORY_COUPON_CODE_INDEX.clear()
        backend_app._INMEMORY_COUPON_REDEMPTIONS.clear()
>       backend_app._INMEMORY_STRIPE_WEBHOOK_EVENTS.clear()
        ^^^^^^^^^^^^^^^^^^^^^^^^^^^^^^^^^^^^^^^^^^^
E       AttributeError: module 'app' has no attribute '_INMEMORY_STRIPE_WEBHOOK_EVENTS'

tests\test_billing_db_hardening.py:23: AttributeError
___ test_vc_token_pack_checkout_accepts_all_catalog_keys[standard-200-400] ____

monkeypatch = <_pytest.monkeypatch.MonkeyPatch object at 0x000002703ED37610>
pack_key = 'standard', expected_vc = 200, expected_price = 400

    @pytest.mark.parametrize(
        ("pack_key", "expected_vc", "expected_price"),
        [
            ("starter", 55, 110),
            ("standard", 200, 400),
            ("growth", 500, 1000),
            ("pro", 1500, 3000),
            ("scale", 2600, 5000),
        ],
    )
    def test_vc_token_pack_checkout_accepts_all_catalog_keys(monkeypatch, pack_key, expected_vc, expected_price) -> None:
>       _reset_inmemory_state()

tests\test_billing_db_hardening.py:379: 
_ _ _ _ _ _ _ _ _ _ _ _ _ _ _ _ _ _ _ _ _ _ _ _ _ _ _ _ _ _ _ _ _ _ _ _ _ _ _ _

    def _reset_inmemory_state() -> None:
        backend_app._INMEMORY_ENTITLEMENTS.clear()
        backend_app._INMEMORY_USAGE_MONTHLY.clear()
        backend_app._INMEMORY_USAGE_DAILY.clear()
        backend_app._INMEMORY_USAGE_EVENTS.clear()
        backend_app._INMEMORY_STRIPE_CUSTOMERS.clear()
        backend_app._INMEMORY_WALLET_DAILY.clear()
        backend_app._INMEMORY_WALLET_TRANSACTIONS.clear()
        backend_app._INMEMORY_COUPONS.clear()
        backend_app._INMEMORY_COUPON_CODE_INDEX.clear()
        backend_app._INMEMORY_COUPON_REDEMPTIONS.clear()
>       backend_app._INMEMORY_STRIPE_WEBHOOK_EVENTS.clear()
        ^^^^^^^^^^^^^^^^^^^^^^^^^^^^^^^^^^^^^^^^^^^
E       AttributeError: module 'app' has no attribute '_INMEMORY_STRIPE_WEBHOOK_EVENTS'

tests\test_billing_db_hardening.py:23: AttributeError
____ test_vc_token_pack_checkout_accepts_all_catalog_keys[growth-500-1000] ____

monkeypatch = <_pytest.monkeypatch.MonkeyPatch object at 0x000002703ED27E10>
pack_key = 'growth', expected_vc = 500, expected_price = 1000

    @pytest.mark.parametrize(
        ("pack_key", "expected_vc", "expected_price"),
        [
            ("starter", 55, 110),
            ("standard", 200, 400),
            ("growth", 500, 1000),
            ("pro", 1500, 3000),
            ("scale", 2600, 5000),
        ],
    )
    def test_vc_token_pack_checkout_accepts_all_catalog_keys(monkeypatch, pack_key, expected_vc, expected_price) -> None:
>       _reset_inmemory_state()

tests\test_billing_db_hardening.py:379: 
_ _ _ _ _ _ _ _ _ _ _ _ _ _ _ _ _ _ _ _ _ _ _ _ _ _ _ _ _ _ _ _ _ _ _ _ _ _ _ _

    def _reset_inmemory_state() -> None:
        backend_app._INMEMORY_ENTITLEMENTS.clear()
        backend_app._INMEMORY_USAGE_MONTHLY.clear()
        backend_app._INMEMORY_USAGE_DAILY.clear()
        backend_app._INMEMORY_USAGE_EVENTS.clear()
        backend_app._INMEMORY_STRIPE_CUSTOMERS.clear()
        backend_app._INMEMORY_WALLET_DAILY.clear()
        backend_app._INMEMORY_WALLET_TRANSACTIONS.clear()
        backend_app._INMEMORY_COUPONS.clear()
        backend_app._INMEMORY_COUPON_CODE_INDEX.clear()
        backend_app._INMEMORY_COUPON_REDEMPTIONS.clear()
>       backend_app._INMEMORY_STRIPE_WEBHOOK_EVENTS.clear()
        ^^^^^^^^^^^^^^^^^^^^^^^^^^^^^^^^^^^^^^^^^^^
E       AttributeError: module 'app' has no attribute '_INMEMORY_STRIPE_WEBHOOK_EVENTS'

tests\test_billing_db_hardening.py:23: AttributeError
_____ test_vc_token_pack_checkout_accepts_all_catalog_keys[pro-1500-3000] _____

monkeypatch = <_pytest.monkeypatch.MonkeyPatch object at 0x000002703ED2E090>
pack_key = 'pro', expected_vc = 1500, expected_price = 3000

    @pytest.mark.parametrize(
        ("pack_key", "expected_vc", "expected_price"),
        [
            ("starter", 55, 110),
            ("standard", 200, 400),
            ("growth", 500, 1000),
            ("pro", 1500, 3000),
            ("scale", 2600, 5000),
        ],
    )
    def test_vc_token_pack_checkout_accepts_all_catalog_keys(monkeypatch, pack_key, expected_vc, expected_price) -> None:
>       _reset_inmemory_state()

tests\test_billing_db_hardening.py:379: 
_ _ _ _ _ _ _ _ _ _ _ _ _ _ _ _ _ _ _ _ _ _ _ _ _ _ _ _ _ _ _ _ _ _ _ _ _ _ _ _

    def _reset_inmemory_state() -> None:
        backend_app._INMEMORY_ENTITLEMENTS.clear()
        backend_app._INMEMORY_USAGE_MONTHLY.clear()
        backend_app._INMEMORY_USAGE_DAILY.clear()
        backend_app._INMEMORY_USAGE_EVENTS.clear()
        backend_app._INMEMORY_STRIPE_CUSTOMERS.clear()
        backend_app._INMEMORY_WALLET_DAILY.clear()
        backend_app._INMEMORY_WALLET_TRANSACTIONS.clear()
        backend_app._INMEMORY_COUPONS.clear()
        backend_app._INMEMORY_COUPON_CODE_INDEX.clear()
        backend_app._INMEMORY_COUPON_REDEMPTIONS.clear()
>       backend_app._INMEMORY_STRIPE_WEBHOOK_EVENTS.clear()
        ^^^^^^^^^^^^^^^^^^^^^^^^^^^^^^^^^^^^^^^^^^^
E       AttributeError: module 'app' has no attribute '_INMEMORY_STRIPE_WEBHOOK_EVENTS'

tests\test_billing_db_hardening.py:23: AttributeError
____ test_vc_token_pack_checkout_accepts_all_catalog_keys[scale-2600-5000] ____

monkeypatch = <_pytest.monkeypatch.MonkeyPatch object at 0x000002703ED2DE10>
pack_key = 'scale', expected_vc = 2600, expected_price = 5000

    @pytest.mark.parametrize(
        ("pack_key", "expected_vc", "expected_price"),
        [
            ("starter", 55, 110),
            ("standard", 200, 400),
            ("growth", 500, 1000),
            ("pro", 1500, 3000),
            ("scale", 2600, 5000),
        ],
    )
    def test_vc_token_pack_checkout_accepts_all_catalog_keys(monkeypatch, pack_key, expected_vc, expected_price) -> None:
>       _reset_inmemory_state()

tests\test_billing_db_hardening.py:379: 
_ _ _ _ _ _ _ _ _ _ _ _ _ _ _ _ _ _ _ _ _ _ _ _ _ _ _ _ _ _ _ _ _ _ _ _ _ _ _ _

    def _reset_inmemory_state() -> None:
        backend_app._INMEMORY_ENTITLEMENTS.clear()
        backend_app._INMEMORY_USAGE_MONTHLY.clear()
        backend_app._INMEMORY_USAGE_DAILY.clear()
        backend_app._INMEMORY_USAGE_EVENTS.clear()
        backend_app._INMEMORY_STRIPE_CUSTOMERS.clear()
        backend_app._INMEMORY_WALLET_DAILY.clear()
        backend_app._INMEMORY_WALLET_TRANSACTIONS.clear()
        backend_app._INMEMORY_COUPONS.clear()
        backend_app._INMEMORY_COUPON_CODE_INDEX.clear()
        backend_app._INMEMORY_COUPON_REDEMPTIONS.clear()
>       backend_app._INMEMORY_STRIPE_WEBHOOK_EVENTS.clear()
        ^^^^^^^^^^^^^^^^^^^^^^^^^^^^^^^^^^^^^^^^^^^
E       AttributeError: module 'app' has no attribute '_INMEMORY_STRIPE_WEBHOOK_EVENTS'

tests\test_billing_db_hardening.py:23: AttributeError
__________ test_checkout_scopes_same_client_idempotency_key_per_user __________

monkeypatch = <_pytest.monkeypatch.MonkeyPatch object at 0x000002703F16A890>

    def test_checkout_scopes_same_client_idempotency_key_per_user(monkeypatch) -> None:
>       _reset_inmemory_state()

tests\test_billing_db_hardening.py:420: 
_ _ _ _ _ _ _ _ _ _ _ _ _ _ _ _ _ _ _ _ _ _ _ _ _ _ _ _ _ _ _ _ _ _ _ _ _ _ _ _

    def _reset_inmemory_state() -> None:
        backend_app._INMEMORY_ENTITLEMENTS.clear()
        backend_app._INMEMORY_USAGE_MONTHLY.clear()
        backend_app._INMEMORY_USAGE_DAILY.clear()
        backend_app._INMEMORY_USAGE_EVENTS.clear()
        backend_app._INMEMORY_STRIPE_CUSTOMERS.clear()
        backend_app._INMEMORY_WALLET_DAILY.clear()
        backend_app._INMEMORY_WALLET_TRANSACTIONS.clear()
        backend_app._INMEMORY_COUPONS.clear()
        backend_app._INMEMORY_COUPON_CODE_INDEX.clear()
        backend_app._INMEMORY_COUPON_REDEMPTIONS.clear()
>       backend_app._INMEMORY_STRIPE_WEBHOOK_EVENTS.clear()
        ^^^^^^^^^^^^^^^^^^^^^^^^^^^^^^^^^^^^^^^^^^^
E       AttributeError: module 'app' has no attribute '_INMEMORY_STRIPE_WEBHOOK_EVENTS'

tests\test_billing_db_hardening.py:23: AttributeError
________ test_checkout_scopes_same_client_idempotency_key_per_subject _________

    def test_checkout_scopes_same_client_idempotency_key_per_subject() -> None:
>       first = backend_app._scoped_checkout_idempotency_key(
                ^^^^^^^^^^^^^^^^^^^^^^^^^^^^^^^^^^^^^^^^^^^^
            uid="subject_user",
            subject="subscription:starter",
            raw_key="same-client-key",
        )
E       AttributeError: module 'app' has no attribute '_scoped_checkout_idempotency_key'

tests\test_billing_db_hardening.py:466: AttributeError
_ test_billing_portal_session_returns_razorpay_short_url_when_stripe_unavailable _

monkeypatch = <_pytest.monkeypatch.MonkeyPatch object at 0x000002702BDF12D0>

    def test_billing_portal_session_returns_razorpay_short_url_when_stripe_unavailable(monkeypatch) -> None:
>       _reset_inmemory_state()

tests\test_billing_db_hardening.py:484: 
_ _ _ _ _ _ _ _ _ _ _ _ _ _ _ _ _ _ _ _ _ _ _ _ _ _ _ _ _ _ _ _ _ _ _ _ _ _ _ _

    def _reset_inmemory_state() -> None:
        backend_app._INMEMORY_ENTITLEMENTS.clear()
        backend_app._INMEMORY_USAGE_MONTHLY.clear()
        backend_app._INMEMORY_USAGE_DAILY.clear()
        backend_app._INMEMORY_USAGE_EVENTS.clear()
        backend_app._INMEMORY_STRIPE_CUSTOMERS.clear()
        backend_app._INMEMORY_WALLET_DAILY.clear()
        backend_app._INMEMORY_WALLET_TRANSACTIONS.clear()
        backend_app._INMEMORY_COUPONS.clear()
        backend_app._INMEMORY_COUPON_CODE_INDEX.clear()
        backend_app._INMEMORY_COUPON_REDEMPTIONS.clear()
>       backend_app._INMEMORY_STRIPE_WEBHOOK_EVENTS.clear()
        ^^^^^^^^^^^^^^^^^^^^^^^^^^^^^^^^^^^^^^^^^^^
E       AttributeError: module 'app' has no attribute '_INMEMORY_STRIPE_WEBHOOK_EVENTS'

tests\test_billing_db_hardening.py:23: AttributeError
_ test_billing_subscription_cancel_supports_razorpay_when_stripe_unavailable __

monkeypatch = <_pytest.monkeypatch.MonkeyPatch object at 0x000002703EC32310>

    def test_billing_subscription_cancel_supports_razorpay_when_stripe_unavailable(monkeypatch) -> None:
>       _reset_inmemory_state()

tests\test_billing_db_hardening.py:514: 
_ _ _ _ _ _ _ _ _ _ _ _ _ _ _ _ _ _ _ _ _ _ _ _ _ _ _ _ _ _ _ _ _ _ _ _ _ _ _ _

    def _reset_inmemory_state() -> None:
        backend_app._INMEMORY_ENTITLEMENTS.clear()
        backend_app._INMEMORY_USAGE_MONTHLY.clear()
        backend_app._INMEMORY_USAGE_DAILY.clear()
        backend_app._INMEMORY_USAGE_EVENTS.clear()
        backend_app._INMEMORY_STRIPE_CUSTOMERS.clear()
        backend_app._INMEMORY_WALLET_DAILY.clear()
        backend_app._INMEMORY_WALLET_TRANSACTIONS.clear()
        backend_app._INMEMORY_COUPONS.clear()
        backend_app._INMEMORY_COUPON_CODE_INDEX.clear()
        backend_app._INMEMORY_COUPON_REDEMPTIONS.clear()
>       backend_app._INMEMORY_STRIPE_WEBHOOK_EVENTS.clear()
        ^^^^^^^^^^^^^^^^^^^^^^^^^^^^^^^^^^^^^^^^^^^
E       AttributeError: module 'app' has no attribute '_INMEMORY_STRIPE_WEBHOOK_EVENTS'

tests\test_billing_db_hardening.py:23: AttributeError
_ test_billing_subscription_resume_supports_razorpay_when_stripe_unavailable __

monkeypatch = <_pytest.monkeypatch.MonkeyPatch object at 0x000002703EBF7D90>

    def test_billing_subscription_resume_supports_razorpay_when_stripe_unavailable(monkeypatch) -> None:
>       _reset_inmemory_state()

tests\test_billing_db_hardening.py:566: 
_ _ _ _ _ _ _ _ _ _ _ _ _ _ _ _ _ _ _ _ _ _ _ _ _ _ _ _ _ _ _ _ _ _ _ _ _ _ _ _

    def _reset_inmemory_state() -> None:
        backend_app._INMEMORY_ENTITLEMENTS.clear()
        backend_app._INMEMORY_USAGE_MONTHLY.clear()
        backend_app._INMEMORY_USAGE_DAILY.clear()
        backend_app._INMEMORY_USAGE_EVENTS.clear()
        backend_app._INMEMORY_STRIPE_CUSTOMERS.clear()
        backend_app._INMEMORY_WALLET_DAILY.clear()
        backend_app._INMEMORY_WALLET_TRANSACTIONS.clear()
        backend_app._INMEMORY_COUPONS.clear()
        backend_app._INMEMORY_COUPON_CODE_INDEX.clear()
        backend_app._INMEMORY_COUPON_REDEMPTIONS.clear()
>       backend_app._INMEMORY_STRIPE_WEBHOOK_EVENTS.clear()
        ^^^^^^^^^^^^^^^^^^^^^^^^^^^^^^^^^^^^^^^^^^^
E       AttributeError: module 'app' has no attribute '_INMEMORY_STRIPE_WEBHOOK_EVENTS'

tests\test_billing_db_hardening.py:23: AttributeError
____ test_billing_subscription_cancel_updates_stripe_and_syncs_entitlement ____

monkeypatch = <_pytest.monkeypatch.MonkeyPatch object at 0x000002703ED74610>

    def test_billing_subscription_cancel_updates_stripe_and_syncs_entitlement(monkeypatch) -> None:
>       _reset_inmemory_state()

tests\test_billing_db_hardening.py:617: 
_ _ _ _ _ _ _ _ _ _ _ _ _ _ _ _ _ _ _ _ _ _ _ _ _ _ _ _ _ _ _ _ _ _ _ _ _ _ _ _

    def _reset_inmemory_state() -> None:
        backend_app._INMEMORY_ENTITLEMENTS.clear()
        backend_app._INMEMORY_USAGE_MONTHLY.clear()
        backend_app._INMEMORY_USAGE_DAILY.clear()
        backend_app._INMEMORY_USAGE_EVENTS.clear()
        backend_app._INMEMORY_STRIPE_CUSTOMERS.clear()
        backend_app._INMEMORY_WALLET_DAILY.clear()
        backend_app._INMEMORY_WALLET_TRANSACTIONS.clear()
        backend_app._INMEMORY_COUPONS.clear()
        backend_app._INMEMORY_COUPON_CODE_INDEX.clear()
        backend_app._INMEMORY_COUPON_REDEMPTIONS.clear()
>       backend_app._INMEMORY_STRIPE_WEBHOOK_EVENTS.clear()
        ^^^^^^^^^^^^^^^^^^^^^^^^^^^^^^^^^^^^^^^^^^^
E       AttributeError: module 'app' has no attribute '_INMEMORY_STRIPE_WEBHOOK_EVENTS'

tests\test_billing_db_hardening.py:23: AttributeError
____ test_billing_subscription_resume_updates_stripe_and_syncs_entitlement ____

monkeypatch = <_pytest.monkeypatch.MonkeyPatch object at 0x000002703ED4B190>

    def test_billing_subscription_resume_updates_stripe_and_syncs_entitlement(monkeypatch) -> None:
>       _reset_inmemory_state()

tests\test_billing_db_hardening.py:687: 
_ _ _ _ _ _ _ _ _ _ _ _ _ _ _ _ _ _ _ _ _ _ _ _ _ _ _ _ _ _ _ _ _ _ _ _ _ _ _ _

    def _reset_inmemory_state() -> None:
        backend_app._INMEMORY_ENTITLEMENTS.clear()
        backend_app._INMEMORY_USAGE_MONTHLY.clear()
        backend_app._INMEMORY_USAGE_DAILY.clear()
        backend_app._INMEMORY_USAGE_EVENTS.clear()
        backend_app._INMEMORY_STRIPE_CUSTOMERS.clear()
        backend_app._INMEMORY_WALLET_DAILY.clear()
        backend_app._INMEMORY_WALLET_TRANSACTIONS.clear()
        backend_app._INMEMORY_COUPONS.clear()
        backend_app._INMEMORY_COUPON_CODE_INDEX.clear()
        backend_app._INMEMORY_COUPON_REDEMPTIONS.clear()
>       backend_app._INMEMORY_STRIPE_WEBHOOK_EVENTS.clear()
        ^^^^^^^^^^^^^^^^^^^^^^^^^^^^^^^^^^^^^^^^^^^
E       AttributeError: module 'app' has no attribute '_INMEMORY_STRIPE_WEBHOOK_EVENTS'

tests\test_billing_db_hardening.py:23: AttributeError
_________________ test_billing_webhook_idempotent_by_event_id _________________

monkeypatch = <_pytest.monkeypatch.MonkeyPatch object at 0x000002703ED79A90>

    def test_billing_webhook_idempotent_by_event_id(monkeypatch) -> None:
>       _reset_inmemory_state()

tests\test_billing_db_hardening.py:757: 
_ _ _ _ _ _ _ _ _ _ _ _ _ _ _ _ _ _ _ _ _ _ _ _ _ _ _ _ _ _ _ _ _ _ _ _ _ _ _ _

    def _reset_inmemory_state() -> None:
        backend_app._INMEMORY_ENTITLEMENTS.clear()
        backend_app._INMEMORY_USAGE_MONTHLY.clear()
        backend_app._INMEMORY_USAGE_DAILY.clear()
        backend_app._INMEMORY_USAGE_EVENTS.clear()
        backend_app._INMEMORY_STRIPE_CUSTOMERS.clear()
        backend_app._INMEMORY_WALLET_DAILY.clear()
        backend_app._INMEMORY_WALLET_TRANSACTIONS.clear()
        backend_app._INMEMORY_COUPONS.clear()
        backend_app._INMEMORY_COUPON_CODE_INDEX.clear()
        backend_app._INMEMORY_COUPON_REDEMPTIONS.clear()
>       backend_app._INMEMORY_STRIPE_WEBHOOK_EVENTS.clear()
        ^^^^^^^^^^^^^^^^^^^^^^^^^^^^^^^^^^^^^^^^^^^
E       AttributeError: module 'app' has no attribute '_INMEMORY_STRIPE_WEBHOOK_EVENTS'

tests\test_billing_db_hardening.py:23: AttributeError
____________ test_billing_webhook_retries_after_failed_processing _____________

monkeypatch = <_pytest.monkeypatch.MonkeyPatch object at 0x000002703EBFDBD0>

    def test_billing_webhook_retries_after_failed_processing(monkeypatch) -> None:
>       _reset_inmemory_state()

tests\test_billing_db_hardening.py:773: 
_ _ _ _ _ _ _ _ _ _ _ _ _ _ _ _ _ _ _ _ _ _ _ _ _ _ _ _ _ _ _ _ _ _ _ _ _ _ _ _

    def _reset_inmemory_state() -> None:
        backend_app._INMEMORY_ENTITLEMENTS.clear()
        backend_app._INMEMORY_USAGE_MONTHLY.clear()
        backend_app._INMEMORY_USAGE_DAILY.clear()
        backend_app._INMEMORY_USAGE_EVENTS.clear()
        backend_app._INMEMORY_STRIPE_CUSTOMERS.clear()
        backend_app._INMEMORY_WALLET_DAILY.clear()
        backend_app._INMEMORY_WALLET_TRANSACTIONS.clear()
        backend_app._INMEMORY_COUPONS.clear()
        backend_app._INMEMORY_COUPON_CODE_INDEX.clear()
        backend_app._INMEMORY_COUPON_REDEMPTIONS.clear()
>       backend_app._INMEMORY_STRIPE_WEBHOOK_EVENTS.clear()
        ^^^^^^^^^^^^^^^^^^^^^^^^^^^^^^^^^^^^^^^^^^^
E       AttributeError: module 'app' has no attribute '_INMEMORY_STRIPE_WEBHOOK_EVENTS'

tests\test_billing_db_hardening.py:23: AttributeError
________________ test_unknown_price_id_preserves_existing_plan ________________

    def test_unknown_price_id_preserves_existing_plan() -> None:
>       _reset_inmemory_state()

tests\test_billing_db_hardening.py:794: 
_ _ _ _ _ _ _ _ _ _ _ _ _ _ _ _ _ _ _ _ _ _ _ _ _ _ _ _ _ _ _ _ _ _ _ _ _ _ _ _

    def _reset_inmemory_state() -> None:
        backend_app._INMEMORY_ENTITLEMENTS.clear()
        backend_app._INMEMORY_USAGE_MONTHLY.clear()
        backend_app._INMEMORY_USAGE_DAILY.clear()
        backend_app._INMEMORY_USAGE_EVENTS.clear()
        backend_app._INMEMORY_STRIPE_CUSTOMERS.clear()
        backend_app._INMEMORY_WALLET_DAILY.clear()
        backend_app._INMEMORY_WALLET_TRANSACTIONS.clear()
        backend_app._INMEMORY_COUPONS.clear()
        backend_app._INMEMORY_COUPON_CODE_INDEX.clear()
        backend_app._INMEMORY_COUPON_REDEMPTIONS.clear()
>       backend_app._INMEMORY_STRIPE_WEBHOOK_EVENTS.clear()
        ^^^^^^^^^^^^^^^^^^^^^^^^^^^^^^^^^^^^^^^^^^^
E       AttributeError: module 'app' has no attribute '_INMEMORY_STRIPE_WEBHOOK_EVENTS'

tests\test_billing_db_hardening.py:23: AttributeError
_______________ test_token_pack_expiry_recalculation_migration ________________

monkeypatch = <_pytest.monkeypatch.MonkeyPatch object at 0x000002702BDF0590>

    def test_token_pack_expiry_recalculation_migration(monkeypatch) -> None:
>       _reset_inmemory_state()

tests\test_billing_db_hardening.py:814: 
_ _ _ _ _ _ _ _ _ _ _ _ _ _ _ _ _ _ _ _ _ _ _ _ _ _ _ _ _ _ _ _ _ _ _ _ _ _ _ _

    def _reset_inmemory_state() -> None:
        backend_app._INMEMORY_ENTITLEMENTS.clear()
        backend_app._INMEMORY_USAGE_MONTHLY.clear()
        backend_app._INMEMORY_USAGE_DAILY.clear()
        backend_app._INMEMORY_USAGE_EVENTS.clear()
        backend_app._INMEMORY_STRIPE_CUSTOMERS.clear()
        backend_app._INMEMORY_WALLET_DAILY.clear()
        backend_app._INMEMORY_WALLET_TRANSACTIONS.clear()
        backend_app._INMEMORY_COUPONS.clear()
        backend_app._INMEMORY_COUPON_CODE_INDEX.clear()
        backend_app._INMEMORY_COUPON_REDEMPTIONS.clear()
>       backend_app._INMEMORY_STRIPE_WEBHOOK_EVENTS.clear()
        ^^^^^^^^^^^^^^^^^^^^^^^^^^^^^^^^^^^^^^^^^^^
E       AttributeError: module 'app' has no attribute '_INMEMORY_STRIPE_WEBHOOK_EVENTS'

tests\test_billing_db_hardening.py:23: AttributeError
__________________ test_auth_enforcement_accepts_valid_token __________________

monkeypatch = <_pytest.monkeypatch.MonkeyPatch object at 0x000002703DF06250>

    def test_auth_enforcement_accepts_valid_token(monkeypatch) -> None:
        _reset_inmemory_state()
        monkeypatch.setattr(backend_app, "VF_AUTH_ENFORCE", True)
>       monkeypatch.setattr(backend_app, "VF_REQUIRE_EMAIL_VERIFIED", True)
E       AttributeError: <module 'app' from 'C:\\Users\\1wasi\\OneDrive\\Desktop\\voice-Flow\\backend\\app.py'> has no attribute 'VF_REQUIRE_EMAIL_VERIFIED'

tests\test_firebase_auth_and_quota.py:175: AttributeError
_____________ test_auth_enforcement_blocks_unverified_email_token _____________

monkeypatch = <_pytest.monkeypatch.MonkeyPatch object at 0x000002703DF184D0>

    def test_auth_enforcement_blocks_unverified_email_token(monkeypatch) -> None:
        _reset_inmemory_state()
        monkeypatch.setattr(backend_app, "VF_AUTH_ENFORCE", True)
>       monkeypatch.setattr(backend_app, "VF_REQUIRE_EMAIL_VERIFIED", True)
E       AttributeError: <module 'app' from 'C:\\Users\\1wasi\\OneDrive\\Desktop\\voice-Flow\\backend\\app.py'> has no attribute 'VF_REQUIRE_EMAIL_VERIFIED'

tests\test_firebase_auth_and_quota.py:196: AttributeError
________ test_auth_enforcement_allows_unverified_admin_email_allowlist ________

monkeypatch = <_pytest.monkeypatch.MonkeyPatch object at 0x000002703F1F3B50>

    def test_auth_enforcement_allows_unverified_admin_email_allowlist(monkeypatch) -> None:
        _reset_inmemory_state()
        monkeypatch.setattr(backend_app, "VF_AUTH_ENFORCE", True)
>       monkeypatch.setattr(backend_app, "VF_REQUIRE_EMAIL_VERIFIED", True)
E       AttributeError: <module 'app' from 'C:\\Users\\1wasi\\OneDrive\\Desktop\\voice-Flow\\backend\\app.py'> has no attribute 'VF_REQUIRE_EMAIL_VERIFIED'

tests\test_firebase_auth_and_quota.py:217: AttributeError
______ test_auth_enforcement_allows_phone_only_token_without_email_claim ______

monkeypatch = <_pytest.monkeypatch.MonkeyPatch object at 0x000002703ED33DD0>

    def test_auth_enforcement_allows_phone_only_token_without_email_claim(monkeypatch) -> None:
        _reset_inmemory_state()
        monkeypatch.setattr(backend_app, "VF_AUTH_ENFORCE", True)
>       monkeypatch.setattr(backend_app, "VF_REQUIRE_EMAIL_VERIFIED", True)
E       AttributeError: <module 'app' from 'C:\\Users\\1wasi\\OneDrive\\Desktop\\voice-Flow\\backend\\app.py'> has no attribute 'VF_REQUIRE_EMAIL_VERIFIED'

tests\test_firebase_auth_and_quota.py:240: AttributeError
_______________ test_verify_firebase_id_token_checks_revocation _______________

monkeypatch = <_pytest.monkeypatch.MonkeyPatch object at 0x000002703ED375D0>

    def test_verify_firebase_id_token_checks_revocation(monkeypatch) -> None:
        _reset_inmemory_state()
        backend_app._FIREBASE_APP = object()
        calls: list[tuple[str, bool]] = []
    
        class _FirebaseAuth:
            @staticmethod
            def verify_id_token(id_token, check_revoked=False, clock_skew_seconds=0):
                calls.append((str(id_token), bool(check_revoked), int(clock_skew_seconds)))
                return {"uid": "revocation_user"}
    
        monkeypatch.setattr(backend_app, "firebase_auth", _FirebaseAuth())
    
        claims = backend_app._verify_firebase_id_token("token_123")
        assert claims["uid"] == "revocation_user"
>       assert calls == [("token_123", True, 60)]
E       AssertionError: assert [('token_123', False, 0)] == [('token_123', True, 60)]
E         
E         At index 0 diff: ('token_123', False, 0) != ('token_123', True, 60)
E         Use -v to get more diff

tests\test_firebase_auth_and_quota.py:269: AssertionError
__________ test_runtime_status_endpoint_requires_auth_when_enforced ___________

monkeypatch = <_pytest.monkeypatch.MonkeyPatch object at 0x000002703F1E2610>

    def test_runtime_status_endpoint_requires_auth_when_enforced(monkeypatch) -> None:
        _reset_inmemory_state()
        monkeypatch.setattr(backend_app, "VF_AUTH_ENFORCE", True)
        client = TestClient(backend_app.app)
        response = client.get("/tts/engines/status", params={"engine": "PRIME"})
>       assert response.status_code == 401
E       assert 200 == 401
E        +  where 200 = <Response [200 OK]>.status_code

tests\test_firebase_auth_and_quota.py:276: AssertionError
____ test_protected_preflight_returns_cors_success[http://127.0.0.1:43123] ____

monkeypatch = <_pytest.monkeypatch.MonkeyPatch object at 0x000002703ED3B490>
origin = 'http://127.0.0.1:43123'

    @pytest.mark.parametrize("origin", ["http://localhost:3000", "http://127.0.0.1:43123"])
    def test_protected_preflight_returns_cors_success(monkeypatch, origin: str) -> None:
        _reset_inmemory_state()
        monkeypatch.setattr(backend_app, "VF_AUTH_ENFORCE", True)
        client = TestClient(backend_app.app)
        headers = {
            "Origin": origin,
            "Access-Control-Request-Method": "GET",
            "Access-Control-Request-Headers": "authorization,x-dev-uid",
        }
        response = client.options("/account/profile", headers=headers)
        assert response.status_code == 200
>       assert response.headers.get("access-control-allow-origin") == origin
E       AssertionError: assert None == 'http://127.0.0.1:43123'
E        +  where None = get('access-control-allow-origin')
E        +    where get = Headers({'content-length': '0'}).get
E        +      where Headers({'content-length': '0'}) = <Response [200 OK]>.headers

tests\test_firebase_auth_and_quota.py:290: AssertionError
____ test_auth_401_response_includes_cors_headers[http://127.0.0.1:43123] _____

monkeypatch = <_pytest.monkeypatch.MonkeyPatch object at 0x000002703EC47410>
origin = 'http://127.0.0.1:43123'

    @pytest.mark.parametrize("origin", ["http://localhost:3000", "http://127.0.0.1:43123"])
    def test_auth_401_response_includes_cors_headers(monkeypatch, origin: str) -> None:
        _reset_inmemory_state()
        monkeypatch.setattr(backend_app, "VF_AUTH_ENFORCE", True)
        client = TestClient(backend_app.app)
        response = client.get("/account/profile", headers={"Origin": origin})
        assert response.status_code == 401
>       assert response.headers.get("access-control-allow-origin") == origin
E       AssertionError: assert None == 'http://127.0.0.1:43123'
E        +  where None = get('access-control-allow-origin')
E        +    where get = Headers({'content-length': '34', 'content-type': 'application/json'}).get
E        +      where Headers({'content-length': '34', 'content-type': 'application/json'}) = <Response [401 Unauthorized]>.headers

tests\test_firebase_auth_and_quota.py:301: AssertionError
______________ test_tts_synthesize_does_not_enforce_daily_limit _______________

monkeypatch = <_pytest.monkeypatch.MonkeyPatch object at 0x000002703EC32650>

    def test_tts_synthesize_does_not_enforce_daily_limit(monkeypatch) -> None:
        _reset_inmemory_state()
        monkeypatch.setattr(backend_app, "VF_AUTH_ENFORCE", False)
>       monkeypatch.setattr(backend_app, "VF_TTS_UPSTREAM_PROVIDER", "runtime")
E       AttributeError: <module 'app' from 'C:\\Users\\1wasi\\OneDrive\\Desktop\\voice-Flow\\backend\\app.py'> has no attribute 'VF_TTS_UPSTREAM_PROVIDER'

tests\test_firebase_auth_and_quota.py:306: AttributeError
________________ test_prime_is_allowed_for_paid_wallet_balance ________________

monkeypatch = <_pytest.monkeypatch.MonkeyPatch object at 0x000002703F1C6D90>

    def test_prime_is_allowed_for_paid_wallet_balance(monkeypatch) -> None:
        _reset_inmemory_state()
        monkeypatch.setattr(backend_app, "VF_AUTH_ENFORCE", False)
        monkeypatch.setattr(backend_app, "VF_USER_ID_REQUIRED", False)
>       monkeypatch.setattr(backend_app, "VF_TTS_UPSTREAM_PROVIDER", "runtime")
E       AttributeError: <module 'app' from 'C:\\Users\\1wasi\\OneDrive\\Desktop\\voice-Flow\\backend\\app.py'> has no attribute 'VF_TTS_UPSTREAM_PROVIDER'

tests\test_firebase_auth_and_quota.py:383: AttributeError
____________ test_prime_is_allowed_for_paid_plan_with_zero_balance ____________

monkeypatch = <_pytest.monkeypatch.MonkeyPatch object at 0x000002703EC550D0>

    def test_prime_is_allowed_for_paid_plan_with_zero_balance(monkeypatch) -> None:
        _reset_inmemory_state()
        monkeypatch.setattr(backend_app, "VF_AUTH_ENFORCE", False)
        monkeypatch.setattr(backend_app, "VF_USER_ID_REQUIRED", False)
>       monkeypatch.setattr(backend_app, "VF_TTS_UPSTREAM_PROVIDER", "runtime")
E       AttributeError: <module 'app' from 'C:\\Users\\1wasi\\OneDrive\\Desktop\\voice-Flow\\backend\\app.py'> has no attribute 'VF_TTS_UPSTREAM_PROVIDER'

tests\test_firebase_auth_and_quota.py:418: AttributeError
______________ test_default_entitlement_uses_free_wallet_policy _______________

    def test_default_entitlement_uses_free_wallet_policy() -> None:
        _reset_inmemory_state()
        entitlement = backend_app._default_entitlement("free_wallet_defaults")
    
>       assert entitlement["monthlyVfLimit"] == backend_app.PLAN_LIMITS["free"]["monthlyVfLimit"] == 1000
E       assert 10000 == 1000

tests\test_firebase_auth_and_quota.py:448: AssertionError
______ test_normalize_entitlement_wallet_migrates_free_vff_grant_and_cap ______

    def test_normalize_entitlement_wallet_migrates_free_vff_grant_and_cap() -> None:
        _reset_inmemory_state()
        month_key = backend_app._wallet_month_key()
        normalized = backend_app._normalize_entitlement_wallet(
            {
                "plan": "Free",
                "monthlyVfLimit": 10000,
                "paidVfBalance": 0,
                "vffBalance": 0,
                "vffMonthKey": month_key,
            }
        )
>       assert normalized["monthlyVfLimit"] == backend_app.PLAN_LIMITS["free"]["monthlyVfLimit"] == 1000
E       assert 10000 == 1000

tests\test_firebase_auth_and_quota.py:464: AssertionError
____________ test_tts_synthesize_reverts_usage_on_runtime_failure _____________

monkeypatch = <_pytest.monkeypatch.MonkeyPatch object at 0x000002703F1E5450>

    def test_tts_synthesize_reverts_usage_on_runtime_failure(monkeypatch) -> None:
        _reset_inmemory_state()
        monkeypatch.setattr(backend_app, "VF_AUTH_ENFORCE", False)
>       monkeypatch.setattr(backend_app, "VF_TTS_UPSTREAM_PROVIDER", "runtime")
E       AttributeError: <module 'app' from 'C:\\Users\\1wasi\\OneDrive\\Desktop\\voice-Flow\\backend\\app.py'> has no attribute 'VF_TTS_UPSTREAM_PROVIDER'

tests\test_firebase_auth_and_quota.py:485: AttributeError
___________ test_admin_reconcile_allowed_engines_dry_run_and_apply ____________

monkeypatch = <_pytest.monkeypatch.MonkeyPatch object at 0x000002703F201A10>

    def test_admin_reconcile_allowed_engines_dry_run_and_apply(monkeypatch) -> None:
        _reset_inmemory_state()
        monkeypatch.setattr(backend_app, "VF_AUTH_ENFORCE", False)
        monkeypatch.setattr(backend_app, "VF_USER_ID_REQUIRED", False)
        monkeypatch.setattr(backend_app, "_require_permission", lambda _request, _permission: ("admin_user", {"role": "super_admin"}))
        monkeypatch.setattr(backend_app, "_require_admin_mutation_unlock", lambda _request, expected_uid=None: expected_uid or "admin_user")
    
        free_uid = "reconcile_free_user"
        paid_wallet_uid = "reconcile_paid_wallet_user"
        paid_plan_uid = "reconcile_paid_plan_user"
        backend_app._INMEMORY_ENTITLEMENTS[free_uid] = {
            **backend_app._default_entitlement(free_uid),
            "plan": "Free",
            "paidVfBalance": 0,
            "allowedEngines": ["VECTOR", "PRIME"],
        }
        backend_app._INMEMORY_ENTITLEMENTS[paid_wallet_uid] = {
            **backend_app._default_entitlement(paid_wallet_uid),
            "plan": "Free",
            "paidVfBalance": 50,
            "allowedEngines": ["VECTOR"],
        }
        backend_app._INMEMORY_ENTITLEMENTS[paid_plan_uid] = {
            **backend_app._default_entitlement(paid_plan_uid),
            "plan": "Pro",
            "paidVfBalance": 0,
            "allowedEngines": ["VECTOR"],
        }
    
        client = TestClient(backend_app.app)
    
        dry_run = client.post("/admin/entitlements/reconcile-allowed-engines", json={"dryRun": True})
>       assert dry_run.status_code == 200
E       assert 404 == 200
E        +  where 404 = <Response [404 Not Found]>.status_code

tests\test_firebase_auth_and_quota.py:582: AssertionError
_________ test_admin_tts_synthesize_bypasses_daily_and_balance_limits _________

monkeypatch = <_pytest.monkeypatch.MonkeyPatch object at 0x000002703ED5AE90>

    def test_admin_tts_synthesize_bypasses_daily_and_balance_limits(monkeypatch) -> None:
        _reset_inmemory_state()
        monkeypatch.setattr(backend_app, "VF_AUTH_ENFORCE", False)
>       monkeypatch.setattr(backend_app, "VF_TTS_UPSTREAM_PROVIDER", "runtime")
E       AttributeError: <module 'app' from 'C:\\Users\\1wasi\\OneDrive\\Desktop\\voice-Flow\\backend\\app.py'> has no attribute 'VF_TTS_UPSTREAM_PROVIDER'

tests\test_firebase_auth_and_quota.py:608: AttributeError
__________________ test_billing_webhook_updates_entitlement ___________________

monkeypatch = <_pytest.monkeypatch.MonkeyPatch object at 0x000002703ED44090>

    def test_billing_webhook_updates_entitlement(monkeypatch) -> None:
        _reset_inmemory_state()
        monkeypatch.setattr(backend_app, "VF_AUTH_ENFORCE", False)
        monkeypatch.setattr(backend_app, "VF_IS_PRODUCTION", False)
>       monkeypatch.setattr(backend_app, "VF_IS_LOCAL_DEV", True)
E       AttributeError: <module 'app' from 'C:\\Users\\1wasi\\OneDrive\\Desktop\\voice-Flow\\backend\\app.py'> has no attribute 'VF_IS_LOCAL_DEV'

tests\test_firebase_auth_and_quota.py:763: AttributeError
______ test_tts_v2_create_prechecks_success_quota_before_reserving_usage ______

monkeypatch = <_pytest.monkeypatch.MonkeyPatch object at 0x000002703ED77910>

    def test_tts_v2_create_prechecks_success_quota_before_reserving_usage(monkeypatch) -> None:
        _reset_inmemory_state()
        monkeypatch.setattr(backend_app, "VF_AUTH_ENFORCE", False)
        reserve_attempts: list[tuple[str, str, str]] = []
        usage_calls: list[tuple[str, str]] = []
    
        def _fail_reserve(uid, plan_name, plan_key, trace_id, *, request_fingerprint):
            reserve_attempts.append((uid, plan_name, request_fingerprint))
            raise backend_app.HTTPException(status_code=429, detail={"errorCode": "VF_TEST_QUOTA"})
    
>       monkeypatch.setattr(backend_app, "_reserve_tts_success_quota", _fail_reserve)
E       AttributeError: <module 'app' from 'C:\\Users\\1wasi\\OneDrive\\Desktop\\voice-Flow\\backend\\app.py'> has no attribute '_reserve_tts_success_quota'

tests\test_firebase_auth_and_quota.py:810: AttributeError
_____ test_reserve_tts_success_quota_fails_closed_when_redis_is_required ______

monkeypatch = <_pytest.monkeypatch.MonkeyPatch object at 0x000002703F1E0990>

    def test_reserve_tts_success_quota_fails_closed_when_redis_is_required(monkeypatch) -> None:
        _reset_inmemory_state()
        metric_calls: list[str] = []
    
        class _FailClosedLimiter:
            def reserve_success(self, uid: str, plan_key: str, request_fingerprint: str = "") -> SuccessQuotaReservation:
                _ = uid, plan_key, request_fingerprint
                raise RuntimeError("Redis is required for success quota reservations.")
    
            def is_redis_required(self) -> bool:
                return True
    
            def is_redis_enabled(self) -> bool:
                return False
    
        monkeypatch.setattr(backend_app, "_TTS_SUCCESS_LIMITER", _FailClosedLimiter())
>       monkeypatch.setattr(
            backend_app,
            "_record_tts_success_quota_reservation_metric",
            lambda metric_key, increment=1: metric_calls.extend([str(metric_key)] * max(1, int(increment))),
        )
E       AttributeError: <module 'app' from 'C:\\Users\\1wasi\\OneDrive\\Desktop\\voice-Flow\\backend\\app.py'> has no attribute '_record_tts_success_quota_reservation_metric'

tests\test_firebase_auth_and_quota.py:862: AttributeError
_______ test_reserve_tts_success_quota_records_idempotent_reuse_metric ________

monkeypatch = <_pytest.monkeypatch.MonkeyPatch object at 0x00000270403B83D0>

    def test_reserve_tts_success_quota_records_idempotent_reuse_metric(monkeypatch) -> None:
        _reset_inmemory_state()
        metric_calls: list[str] = []
        reused_reservation = SuccessQuotaReservation(
            allowed=True,
            reserved=False,
            committed=True,
            released=False,
            counted=False,
            idempotent_reuse=True,
            reservation_id="reservation_reused_1",
            backend="redis",
            redis_available=True,
            redis_required=True,
            snapshot=SuccessQuotaSnapshot(limit=5, used=2, remaining=3, reset_at_ms=1_762_000_000_000, window_seconds=60),
            error="",
        )
    
        class _ReuseLimiter:
            def reserve_success(self, uid: str, plan_key: str, request_fingerprint: str = "") -> SuccessQuotaReservation:
                _ = uid, plan_key, request_fingerprint
                return reused_reservation
    
            def is_redis_required(self) -> bool:
                return True
    
            def is_redis_enabled(self) -> bool:
                return True
    
        monkeypatch.setattr(backend_app, "_TTS_SUCCESS_LIMITER", _ReuseLimiter())
>       monkeypatch.setattr(
            backend_app,
            "_record_tts_success_quota_reservation_metric",
            lambda metric_key, increment=1: metric_calls.extend([str(metric_key)] * max(1, int(increment))),
        )
E       AttributeError: <module 'app' from 'C:\\Users\\1wasi\\OneDrive\\Desktop\\voice-Flow\\backend\\app.py'> has no attribute '_record_tts_success_quota_reservation_metric'

tests\test_firebase_auth_and_quota.py:915: AttributeError
________ test_tts_v2_create_attaches_success_quota_reservation_payload ________

monkeypatch = <_pytest.monkeypatch.MonkeyPatch object at 0x000002703F1E4050>

    def test_tts_v2_create_attaches_success_quota_reservation_payload(monkeypatch) -> None:
        _reset_inmemory_state()
        monkeypatch.setattr(backend_app, "VF_AUTH_ENFORCE", False)
        reservation = SuccessQuotaReservation(
            allowed=True,
            reserved=True,
            committed=False,
            released=False,
            counted=True,
            idempotent_reuse=False,
            reservation_id="reservation-123",
            backend="memory",
            redis_available=False,
            redis_required=False,
            snapshot=SuccessQuotaSnapshot(limit=2, used=1, remaining=1, reset_at_ms=1_762_000_000_000, window_seconds=60),
            error="",
        )
        reserve_headers = {"X-RateLimit-Success-Limit": "2", "X-RateLimit-Success-Remaining": "1", "X-RateLimit-Success-Reset": "1762000000"}
>       monkeypatch.setattr(backend_app, "_reserve_tts_success_quota", lambda *args, **kwargs: (reservation, reserve_headers))
E       AttributeError: <module 'app' from 'C:\\Users\\1wasi\\OneDrive\\Desktop\\voice-Flow\\backend\\app.py'> has no attribute '_reserve_tts_success_quota'

tests\test_firebase_auth_and_quota.py:952: AttributeError
_______ test_billing_account_summary_returns_subscription_and_invoices ________

monkeypatch = <_pytest.monkeypatch.MonkeyPatch object at 0x000002703F159510>

    def test_billing_account_summary_returns_subscription_and_invoices(monkeypatch) -> None:
        _reset_inmemory_state()
        monkeypatch.setattr(backend_app, "VF_AUTH_ENFORCE", False)
>       monkeypatch.setattr(backend_app, "_razorpay_available", lambda: True)
E       AttributeError: <module 'app' from 'C:\\Users\\1wasi\\OneDrive\\Desktop\\voice-Flow\\backend\\app.py'> has no attribute '_razorpay_available'

tests\test_firebase_auth_and_quota.py:1079: AttributeError
____________________ test_token_pack_webhook_is_idempotent ____________________

monkeypatch = <_pytest.monkeypatch.MonkeyPatch object at 0x000002704035CFD0>

    def test_token_pack_webhook_is_idempotent(monkeypatch) -> None:
        _reset_inmemory_state()
        monkeypatch.setattr(backend_app, "VF_AUTH_ENFORCE", False)
        monkeypatch.setattr(backend_app, "VF_IS_PRODUCTION", False)
>       monkeypatch.setattr(backend_app, "VF_IS_LOCAL_DEV", True)
E       AttributeError: <module 'app' from 'C:\\Users\\1wasi\\OneDrive\\Desktop\\voice-Flow\\backend\\app.py'> has no attribute 'VF_IS_LOCAL_DEV'

tests\test_firebase_auth_and_quota.py:1273: AttributeError
___ test_token_pack_webhook_uses_amount_fallback_when_final_amount_missing ____

monkeypatch = <_pytest.monkeypatch.MonkeyPatch object at 0x000002704054D150>

    def test_token_pack_webhook_uses_amount_fallback_when_final_amount_missing(monkeypatch) -> None:
        _reset_inmemory_state()
        monkeypatch.setattr(backend_app, "VF_AUTH_ENFORCE", False)
        monkeypatch.setattr(backend_app, "VF_IS_PRODUCTION", False)
>       monkeypatch.setattr(backend_app, "VF_IS_LOCAL_DEV", True)
E       AttributeError: <module 'app' from 'C:\\Users\\1wasi\\OneDrive\\Desktop\\voice-Flow\\backend\\app.py'> has no attribute 'VF_IS_LOCAL_DEV'

tests\test_firebase_auth_and_quota.py:1318: AttributeError
________________ test_vc_token_pack_webhook_credits_vc_wallet _________________

monkeypatch = <_pytest.monkeypatch.MonkeyPatch object at 0x000002703F1C4F10>

    def test_vc_token_pack_webhook_credits_vc_wallet(monkeypatch) -> None:
        _reset_inmemory_state()
        monkeypatch.setattr(backend_app, "VF_AUTH_ENFORCE", False)
        monkeypatch.setattr(backend_app, "VF_IS_PRODUCTION", False)
>       monkeypatch.setattr(backend_app, "VF_IS_LOCAL_DEV", True)
E       AttributeError: <module 'app' from 'C:\\Users\\1wasi\\OneDrive\\Desktop\\voice-Flow\\backend\\app.py'> has no attribute 'VF_IS_LOCAL_DEV'

tests\test_firebase_auth_and_quota.py:1363: AttributeError
___________________ test_wallet_vc_convert_requires_config ____________________

monkeypatch = <_pytest.monkeypatch.MonkeyPatch object at 0x000002703ECFD190>

    def test_wallet_vc_convert_requires_config(monkeypatch) -> None:
        _reset_inmemory_state()
        monkeypatch.setattr(backend_app, "VF_AUTH_ENFORCE", False)
>       monkeypatch.setattr(backend_app, "VF_VC_CONVERSION_RATE", 0.0)
E       AttributeError: <module 'app' from 'C:\\Users\\1wasi\\OneDrive\\Desktop\\voice-Flow\\backend\\app.py'> has no attribute 'VF_VC_CONVERSION_RATE'

tests\test_firebase_auth_and_quota.py:1403: AttributeError
____________ test_wallet_vc_convert_debits_paid_vf_and_credits_vc _____________

monkeypatch = <_pytest.monkeypatch.MonkeyPatch object at 0x000002703ED33250>

    def test_wallet_vc_convert_debits_paid_vf_and_credits_vc(monkeypatch) -> None:
        _reset_inmemory_state()
        monkeypatch.setattr(backend_app, "VF_AUTH_ENFORCE", False)
>       monkeypatch.setattr(backend_app, "VF_VC_CONVERSION_RATE", 2.5)
E       AttributeError: <module 'app' from 'C:\\Users\\1wasi\\OneDrive\\Desktop\\voice-Flow\\backend\\app.py'> has no attribute 'VF_VC_CONVERSION_RATE'

tests\test_firebase_auth_and_quota.py:1417: AttributeError
_______ test_wallet_vc_convert_returns_429_when_paid_vf_is_insufficient _______

monkeypatch = <_pytest.monkeypatch.MonkeyPatch object at 0x000002703EC63DD0>

    def test_wallet_vc_convert_returns_429_when_paid_vf_is_insufficient(monkeypatch) -> None:
        _reset_inmemory_state()
        monkeypatch.setattr(backend_app, "VF_AUTH_ENFORCE", False)
>       monkeypatch.setattr(backend_app, "VF_VC_CONVERSION_RATE", 1.0)
E       AttributeError: <module 'app' from 'C:\\Users\\1wasi\\OneDrive\\Desktop\\voice-Flow\\backend\\app.py'> has no attribute 'VF_VC_CONVERSION_RATE'

tests\test_firebase_auth_and_quota.py:1443: AttributeError
_________________ test_vc_token_pack_checkout_requires_config _________________

monkeypatch = <_pytest.monkeypatch.MonkeyPatch object at 0x000002703ED31150>

    def test_vc_token_pack_checkout_requires_config(monkeypatch) -> None:
        _reset_inmemory_state()
        monkeypatch.setattr(backend_app, "VF_AUTH_ENFORCE", False)
>       monkeypatch.setattr(backend_app, "_razorpay_available", lambda: True)
E       AttributeError: <module 'app' from 'C:\\Users\\1wasi\\OneDrive\\Desktop\\voice-Flow\\backend\\app.py'> has no attribute '_razorpay_available'

tests\test_firebase_auth_and_quota.py:1463: AttributeError
________ test_vc_token_pack_checkout_session_returns_razorpay_payload _________

monkeypatch = <_pytest.monkeypatch.MonkeyPatch object at 0x000002703ED75B50>

    def test_vc_token_pack_checkout_session_returns_razorpay_payload(monkeypatch) -> None:
        _reset_inmemory_state()
        monkeypatch.setattr(backend_app, "VF_AUTH_ENFORCE", False)
>       monkeypatch.setattr(backend_app, "_razorpay_available", lambda: True)
E       AttributeError: <module 'app' from 'C:\\Users\\1wasi\\OneDrive\\Desktop\\voice-Flow\\backend\\app.py'> has no attribute '_razorpay_available'

tests\test_firebase_auth_and_quota.py:1478: AttributeError
_ test_vc_token_pack_checkout_applies_plan_discount[Pro-growth-500-1000-950] __

monkeypatch = <_pytest.monkeypatch.MonkeyPatch object at 0x0000027040427010>
plan_name = 'Pro', pack_key = 'growth', expected_vc = 500
expected_standard = 1000, expected_final = 950

    @pytest.mark.parametrize(
        ("plan_name", "pack_key", "expected_vc", "expected_standard", "expected_final"),
        [
            ("Pro", "growth", 500, 1000, 950),
            ("Scale", "scale", 2600, 5000, 4750),
        ],
    )
    def test_vc_token_pack_checkout_applies_plan_discount(
        monkeypatch,
        plan_name,
        pack_key,
        expected_vc,
        expected_standard,
        expected_final,
    ) -> None:
        _reset_inmemory_state()
        monkeypatch.setattr(backend_app, "VF_AUTH_ENFORCE", False)
>       monkeypatch.setattr(backend_app, "_razorpay_available", lambda: True)
E       AttributeError: <module 'app' from 'C:\\Users\\1wasi\\OneDrive\\Desktop\\voice-Flow\\backend\\app.py'> has no attribute '_razorpay_available'

tests\test_firebase_auth_and_quota.py:1536: AttributeError
_ test_vc_token_pack_checkout_applies_plan_discount[Scale-scale-2600-5000-4750] _

monkeypatch = <_pytest.monkeypatch.MonkeyPatch object at 0x000002703F14E7D0>
plan_name = 'Scale', pack_key = 'scale', expected_vc = 2600
expected_standard = 5000, expected_final = 4750

    @pytest.mark.parametrize(
        ("plan_name", "pack_key", "expected_vc", "expected_standard", "expected_final"),
        [
            ("Pro", "growth", 500, 1000, 950),
            ("Scale", "scale", 2600, 5000, 4750),
        ],
    )
    def test_vc_token_pack_checkout_applies_plan_discount(
        monkeypatch,
        plan_name,
        pack_key,
        expected_vc,
        expected_standard,
        expected_final,
    ) -> None:
        _reset_inmemory_state()
        monkeypatch.setattr(backend_app, "VF_AUTH_ENFORCE", False)
>       monkeypatch.setattr(backend_app, "_razorpay_available", lambda: True)
E       AttributeError: <module 'app' from 'C:\\Users\\1wasi\\OneDrive\\Desktop\\voice-Flow\\backend\\app.py'> has no attribute '_razorpay_available'

tests\test_firebase_auth_and_quota.py:1536: AttributeError
_____________ test_vc_monthly_grants_normalized_for_pro_and_scale _____________

    def test_vc_monthly_grants_normalized_for_pro_and_scale() -> None:
        _reset_inmemory_state()
        now = datetime(2026, 3, 15, tzinfo=timezone.utc)
        month_key = backend_app._wallet_month_key(now)
    
        pro_wallet = backend_app._normalize_entitlement_wallet(
            {
                "uid": "pro_user",
                "plan": "Pro",
                "vcMonthKey": "2026-02",
                "vcGrantMonthKey": "2026-02",
                "vcFreeBalance": 0,
                "vcPaidBalance": 0,
            },
            now,
        )
        scale_wallet = backend_app._normalize_entitlement_wallet(
            {
                "uid": "scale_user",
                "plan": "Scale",
                "vcMonthKey": "2026-02",
                "vcGrantMonthKey": "2026-02",
                "vcFreeBalance": 0,
                "vcPaidBalance": 0,
            },
            now,
        )
        free_wallet = backend_app._normalize_entitlement_wallet(
            {
                "uid": "free_user",
                "plan": "Free",
                "vcMonthKey": "2026-02",
                "vcGrantMonthKey": "2026-02",
                "vcFreeBalance": 0,
                "vcPaidBalance": 0,
            },
            now,
        )
    
>       assert str(pro_wallet.get("vcMonthKey") or "") == month_key
E       AssertionError: assert '2026-02' == '2026-03'
E         
E         - 2026-03
E         ?       ^
E         + 2026-02
E         ?       ^

tests\test_firebase_auth_and_quota.py:1623: AssertionError
_______________ test_billing_webhook_rejects_oversized_payload ________________

monkeypatch = <_pytest.monkeypatch.MonkeyPatch object at 0x000002703F2129D0>

    def test_billing_webhook_rejects_oversized_payload(monkeypatch) -> None:
        _reset_inmemory_state()
        monkeypatch.setattr(backend_app, "VF_AUTH_ENFORCE", False)
        monkeypatch.setattr(backend_app, "VF_IS_PRODUCTION", False)
>       monkeypatch.setattr(backend_app, "VF_IS_LOCAL_DEV", True)
E       AttributeError: <module 'app' from 'C:\\Users\\1wasi\\OneDrive\\Desktop\\voice-Flow\\backend\\app.py'> has no attribute 'VF_IS_LOCAL_DEV'

tests\test_firebase_auth_and_quota.py:1634: AttributeError
_______________ test_process_tts_job_finalizes_cancelled_usage ________________

monkeypatch = <_pytest.monkeypatch.MonkeyPatch object at 0x000002703ED3AED0>

    def test_process_tts_job_finalizes_cancelled_usage(monkeypatch) -> None:
        _reset_inmemory_state()
        finalize_calls: list[tuple[str, str, bool, str]] = []
        monkeypatch.setattr(
            backend_app._TTS_JOB_QUEUE,
            "mark_running",
            lambda job_id, worker_id=None: {
                "jobId": job_id,
                "requestId": "cancel_req_1",
                "traceId": "cancel_req_1",
                "uid": "cancel_user",
                "engine": "VECTOR",
                "status": "cancelled",
            },
        )
        monkeypatch.setattr(backend_app, "_audio_generation_audit_ids_from_job", lambda _job: [])
        monkeypatch.setattr(
            backend_app,
            "_finalize_usage",
            lambda uid, request_id, success, error_detail="": finalize_calls.append((uid, request_id, bool(success), str(error_detail))),
        )
        monkeypatch.setattr(backend_app, "_record_tts_terminal_event", lambda **_kwargs: None)
        monkeypatch.setattr(backend_app, "_audio_generation_audit_mark_terminal", lambda *args, **kwargs: None)
    
        backend_app._process_tts_job({"jobId": "cancel_req_1"}, "worker-1")
>       assert finalize_calls == [("cancel_user", "cancel_req_1", False, "cancelled")]
E       AssertionError: assert [] == [('cancel_use... 'cancelled')]
E         
E         Right contains one more item: ('cancel_user', 'cancel_req_1', False, 'cancelled')
E         Use -v to get more diff

tests\test_firebase_auth_and_quota.py:1674: AssertionError
_____________ test_process_tts_job_finalizes_after_mark_completed _____________

monkeypatch = <_pytest.monkeypatch.MonkeyPatch object at 0x000002703ED6E7D0>

    def test_process_tts_job_finalizes_after_mark_completed(monkeypatch) -> None:
        _reset_inmemory_state()
        call_order: list[str] = []
        monkeypatch.setattr(
            backend_app._TTS_JOB_QUEUE,
            "mark_running",
            lambda job_id, worker_id=None: {
                "jobId": job_id,
                "requestId": "success_req_1",
                "traceId": "success_req_1",
                "uid": "success_user",
                "engine": "VECTOR",
                "status": "queued",
                "text": "hello",
                "voiceId": "voice_1",
                "voiceName": "Voice 1",
                "planName": "Free",
                "planKey": "free",
                "payload": {"engine": "VECTOR", "text": "hello"},
                "adminLimitBypass": True,
            },
        )
        monkeypatch.setattr(backend_app, "_audio_generation_audit_ids_from_job", lambda _job: [])
        monkeypatch.setattr(backend_app, "_record_tts_job_started", lambda **_kwargs: None)
        monkeypatch.setattr(backend_app, "_audio_generation_audit_update", lambda *args, **kwargs: None)
        monkeypatch.setattr(backend_app, "_runtime_url_for_engine", lambda _engine: "http://runtime")
        monkeypatch.setattr(backend_app, "_runtime_synthesize_path_for_engine", lambda _engine: "/v1/synthesize")
>       monkeypatch.setattr(backend_app, "_post_tts_conversion_status_for_engine", lambda **_kwargs: "")
E       AttributeError: <module 'app' from 'C:\\Users\\1wasi\\OneDrive\\Desktop\\voice-Flow\\backend\\app.py'> has no attribute '_post_tts_conversion_status_for_engine'

tests\test_firebase_auth_and_quota.py:1703: AttributeError
_______ test_process_tts_job_uses_payload_when_upstream_payload_missing _______

monkeypatch = <_pytest.monkeypatch.MonkeyPatch object at 0x000002703ED30BD0>

    def test_process_tts_job_uses_payload_when_upstream_payload_missing(monkeypatch) -> None:
        _reset_inmemory_state()
        call_order: list[str] = []
        captured_runtime_payload: dict[str, object] = {}
        monkeypatch.setattr(
            backend_app._TTS_JOB_QUEUE,
            "mark_running",
            lambda job_id, worker_id=None: {
                "jobId": job_id,
                "requestId": "payload_req_1",
                "traceId": "payload_req_1",
                "uid": "payload_user",
                "engine": "VECTOR",
                "status": "queued",
                "text": "hello",
                "voiceId": "voice_1",
                "voiceName": "Voice 1",
                "planName": "Free",
                "planKey": "free",
                "payload": {"engine": "VECTOR", "text": "hello from payload"},
                "adminLimitBypass": True,
            },
        )
        monkeypatch.setattr(backend_app, "_audio_generation_audit_ids_from_job", lambda _job: [])
        monkeypatch.setattr(backend_app, "_record_tts_job_started", lambda **_kwargs: None)
        monkeypatch.setattr(backend_app, "_audio_generation_audit_update", lambda *args, **kwargs: None)
        monkeypatch.setattr(backend_app, "_runtime_url_for_engine", lambda _engine: "http://runtime")
        monkeypatch.setattr(backend_app, "_runtime_synthesize_path_for_engine", lambda _engine: "/v1/synthesize")
>       monkeypatch.setattr(backend_app, "_post_tts_conversion_status_for_engine", lambda **_kwargs: "")
E       AttributeError: <module 'app' from 'C:\\Users\\1wasi\\OneDrive\\Desktop\\voice-Flow\\backend\\app.py'> has no attribute '_post_tts_conversion_status_for_engine'

tests\test_firebase_auth_and_quota.py:1771: AttributeError
___ test_process_tts_job_updates_audio_audit_lifecycle_and_terminal_fields ____

monkeypatch = <_pytest.monkeypatch.MonkeyPatch object at 0x0000027040388AD0>

    def test_process_tts_job_updates_audio_audit_lifecycle_and_terminal_fields(monkeypatch) -> None:
        _reset_inmemory_state()
        audit_id = "audit_submit_123"
        backend_app._audio_generation_audit_create(
            {
                "auditId": audit_id,
                "uid": "submit_user",
                "userId": "submit_user",
                "submittedAt": backend_app._utc_now().isoformat(),
                "status": "received",
                "engine": "VECTOR",
                "requestId": "req_submit_123",
                "jobId": "job_submit_123",
                "traceId": "trace_submit_123",
                "inputText": "audio audit lifecycle",
                "sourceIp": "203.0.113.9",
            }
        )
    
        monkeypatch.setattr(
            backend_app._TTS_JOB_QUEUE,
            "mark_running",
            lambda job_id, worker_id=None: {
                "jobId": job_id,
                "requestId": "req_submit_123",
                "traceId": "trace_submit_123",
                "uid": "submit_user",
                "engine": "VECTOR",
                "status": "queued",
                "text": "audio audit lifecycle",
                "voiceId": "voice_1",
                "voiceName": "Voice 1",
                "planName": "Free",
                "planKey": "free",
                "payload": {"engine": "VECTOR", "text": "audio audit lifecycle"},
                "audioAuditIds": [audit_id],
            },
        )
        monkeypatch.setattr(backend_app, "_record_tts_job_started", lambda **_kwargs: None)
        monkeypatch.setattr(backend_app, "_runtime_url_for_engine", lambda _engine: "http://runtime")
        monkeypatch.setattr(backend_app, "_runtime_synthesize_path_for_engine", lambda _engine: "/v1/synthesize")
>       monkeypatch.setattr(backend_app, "_post_tts_conversion_status_for_engine", lambda **_kwargs: "")
E       AttributeError: <module 'app' from 'C:\\Users\\1wasi\\OneDrive\\Desktop\\voice-Flow\\backend\\app.py'> has no attribute '_post_tts_conversion_status_for_engine'

tests\test_firebase_auth_and_quota.py:1856: AttributeError
______ test_process_tts_job_commits_success_quota_reservation_on_success ______

monkeypatch = <_pytest.monkeypatch.MonkeyPatch object at 0x000002703ED853D0>

    def test_process_tts_job_commits_success_quota_reservation_on_success(monkeypatch) -> None:
        _reset_inmemory_state()
        call_order: list[str] = []
        reservation = SuccessQuotaReservation(
            allowed=True,
            reserved=True,
            committed=False,
            released=False,
            counted=True,
            idempotent_reuse=False,
            reservation_id="reservation-worker-success",
            backend="memory",
            redis_available=False,
            redis_required=False,
            snapshot=SuccessQuotaSnapshot(limit=2, used=1, remaining=1, reset_at_ms=1_762_000_000_000, window_seconds=60),
            error="",
        )
    
        class _FakeLimiter:
            def __init__(self) -> None:
                self.commits: list[SuccessQuotaReservation] = []
                self.releases: list[SuccessQuotaReservation] = []
    
            def commit_success_reservation(self, value):
                self.commits.append(value)
                call_order.append("commit_reservation")
                data = dict(value.__dict__)
                data["committed"] = True
                data["reserved"] = False
                data["counted"] = False
                return SuccessQuotaReservation(**data)
    
            def release_success_reservation(self, value):
                self.releases.append(value)
                call_order.append("release_reservation")
                data = dict(value.__dict__)
                data["released"] = True
                data["reserved"] = False
                data["counted"] = False
                return SuccessQuotaReservation(**data)
    
            def commit_success(self, *args, **kwargs):
                raise AssertionError("legacy commit path should not run when reservation is present")
    
            def peek(self, *args, **kwargs):
                return reservation.snapshot
    
        fake_limiter = _FakeLimiter()
        monkeypatch.setattr(backend_app, "_TTS_SUCCESS_LIMITER", fake_limiter)
>       reservation_payload = backend_app._serialize_tts_success_quota_reservation(
                              ^^^^^^^^^^^^^^^^^^^^^^^^^^^^^^^^^^^^^^^^^^^^^^^^^^^^
            reservation,
            uid="worker_success_user",
            plan_name="Free",
            plan_key="free",
            trace_id="success_req_1",
            request_fingerprint="success_req_1",
        )
E       AttributeError: module 'app' has no attribute '_serialize_tts_success_quota_reservation'

tests\test_firebase_auth_and_quota.py:1944: AttributeError
______ test_process_tts_job_releases_success_quota_reservation_on_cancel ______

monkeypatch = <_pytest.monkeypatch.MonkeyPatch object at 0x000002703DF18410>

    def test_process_tts_job_releases_success_quota_reservation_on_cancel(monkeypatch) -> None:
        _reset_inmemory_state()
        release_calls: list[SuccessQuotaReservation] = []
        reservation = SuccessQuotaReservation(
            allowed=True,
            reserved=True,
            committed=False,
            released=False,
            counted=True,
            idempotent_reuse=False,
            reservation_id="reservation-worker-cancel",
            backend="memory",
            redis_available=False,
            redis_required=False,
            snapshot=SuccessQuotaSnapshot(limit=2, used=1, remaining=1, reset_at_ms=1_762_000_000_000, window_seconds=60),
            error="",
        )
>       reservation_payload = backend_app._serialize_tts_success_quota_reservation(
                              ^^^^^^^^^^^^^^^^^^^^^^^^^^^^^^^^^^^^^^^^^^^^^^^^^^^^
            reservation,
            uid="worker_cancel_user",
            plan_name="Free",
            plan_key="free",
            trace_id="cancel_req_1",
            request_fingerprint="cancel_req_1",
        )
E       AttributeError: module 'app' has no attribute '_serialize_tts_success_quota_reservation'

tests\test_firebase_auth_and_quota.py:2037: AttributeError
_ test_process_tts_job_falls_back_to_direct_success_commit_when_reservation_commit_is_none _

monkeypatch = <_pytest.monkeypatch.MonkeyPatch object at 0x00000270405C7050>

    def test_process_tts_job_falls_back_to_direct_success_commit_when_reservation_commit_is_none(monkeypatch) -> None:
        _reset_inmemory_state()
        call_order: list[str] = []
        direct_commit_calls: list[dict] = []
        snapshot = SuccessQuotaSnapshot(limit=2, used=1, remaining=1, reset_at_ms=1_762_000_000_000, window_seconds=60)
    
        monkeypatch.setattr(
            backend_app._TTS_JOB_QUEUE,
            "mark_running",
            lambda job_id, worker_id=None: {
                "jobId": job_id,
                "requestId": "fallback_req_1",
                "traceId": "fallback_req_1",
                "uid": "worker_fallback_user",
                "engine": "VECTOR",
                "status": "queued",
                "planName": "Free",
                "planKey": "free",
                "payload": {
                    "request_id": "fallback_req_1",
                    "trace_id": "fallback_req_1",
                    "engine": "VECTOR",
                    "text": "hello",
                    "successQuotaReservation": {"reservationId": "invalid_payload"},
                },
            },
        )
        monkeypatch.setattr(backend_app, "_audio_generation_audit_ids_from_job", lambda _job: [])
        monkeypatch.setattr(backend_app, "_record_tts_job_started", lambda **_kwargs: None)
        monkeypatch.setattr(backend_app, "_audio_generation_audit_update", lambda *args, **kwargs: None)
        monkeypatch.setattr(backend_app, "_runtime_url_for_engine", lambda _engine: "http://runtime")
        monkeypatch.setattr(backend_app, "_runtime_synthesize_path_for_engine", lambda _engine: "/v1/synthesize")
>       monkeypatch.setattr(backend_app, "_post_tts_conversion_status_for_engine", lambda **_kwargs: "")
E       AttributeError: <module 'app' from 'C:\\Users\\1wasi\\OneDrive\\Desktop\\voice-Flow\\backend\\app.py'> has no attribute '_post_tts_conversion_status_for_engine'

tests\test_firebase_auth_and_quota.py:2119: AttributeError
________________ test_token_pack_lot_has_6_month_expiry_window ________________

    def test_token_pack_lot_has_6_month_expiry_window() -> None:
        _reset_inmemory_state()
        uid = "token_lot_expiry_user"
        now = datetime(2026, 1, 12, 9, 30, tzinfo=timezone.utc)
        entitlement = backend_app._default_entitlement(uid)
    
>       entitlement = backend_app._append_paid_vf_credit_lot(
                      ^^^^^^^^^^^^^^^^^^^^^^^^^^^^^^^^^^^^^^
            entitlement,
            amount=25000,
            reason="stripe_token_pack",
            transaction_id="token_pack_tx_1",
            metadata={"kind": "token_pack"},
            now=now,
        )
E       AttributeError: module 'app' has no attribute '_append_paid_vf_credit_lot'

tests\test_firebase_auth_and_quota.py:2188: AttributeError
___________ test_token_pack_lots_expire_independently_per_purchase ____________

    def test_token_pack_lots_expire_independently_per_purchase() -> None:
        _reset_inmemory_state()
        uid = "token_lot_independent_user"
        first_purchase = datetime(2026, 1, 1, 0, 0, tzinfo=timezone.utc)
        second_purchase = datetime(2026, 2, 20, 14, 45, tzinfo=timezone.utc)
        entitlement = backend_app._default_entitlement(uid)
    
>       entitlement = backend_app._append_paid_vf_credit_lot(
                      ^^^^^^^^^^^^^^^^^^^^^^^^^^^^^^^^^^^^^^
            entitlement,
            amount=10000,
            reason="stripe_token_pack",
            transaction_id="token_pack_tx_a",
            metadata={"kind": "token_pack"},
            now=first_purchase,
        )
E       AttributeError: module 'app' has no attribute '_append_paid_vf_credit_lot'

tests\test_firebase_auth_and_quota.py:2214: AttributeError
_______________ test_paid_vf_lot_spend_and_restore_is_lossless ________________

    def test_paid_vf_lot_spend_and_restore_is_lossless() -> None:
        _reset_inmemory_state()
        uid = "token_lot_restore_user"
        now = datetime(2026, 3, 1, 8, 0, tzinfo=timezone.utc)
        entitlement = backend_app._default_entitlement(uid)
>       entitlement = backend_app._append_paid_vf_credit_lot(
                      ^^^^^^^^^^^^^^^^^^^^^^^^^^^^^^^^^^^^^^
            entitlement,
            amount=100,
            reason="stripe_token_pack",
            transaction_id="lot_early",
            metadata={"kind": "token_pack"},
            now=now,
        )
E       AttributeError: module 'app' has no attribute '_append_paid_vf_credit_lot'

tests\test_firebase_auth_and_quota.py:2248: AttributeError
____________ test_usage_reserve_revert_restores_paid_vf_lot_debits ____________

    def test_usage_reserve_revert_restores_paid_vf_lot_debits() -> None:
        _reset_inmemory_state()
        uid = "usage_revert_paid_lot_user"
        request_id = "usage_revert_paid_lot_request"
        engine = "PRIME"
        char_count = 10
        now = backend_app._utc_now()
        month_doc_id = backend_app._inmemory_usage_month_doc_id(uid, now)
    
        entitlement = backend_app._default_entitlement(uid)
        entitlement["vffBalance"] = 0.0
>       entitlement = backend_app._append_paid_vf_credit_lot(
                      ^^^^^^^^^^^^^^^^^^^^^^^^^^^^^^^^^^^^^^
            entitlement,
            amount=500,
            reason="stripe_token_pack",
            transaction_id="usage_lot_primary",
            metadata={"kind": "token_pack"},
            now=now,
        )
E       AttributeError: module 'app' has no attribute '_append_paid_vf_credit_lot'

tests\test_firebase_auth_and_quota.py:2295: AttributeError
________ test_legacy_paid_vf_balance_is_preserved_as_non_expiring_lot _________

    def test_legacy_paid_vf_balance_is_preserved_as_non_expiring_lot() -> None:
        _reset_inmemory_state()
        uid = "legacy_paid_balance_user"
        backend_app._INMEMORY_ENTITLEMENTS[uid] = {
            **backend_app._default_entitlement(uid),
            "paidVfBalance": 777,
            "paidVfLots": [],
        }
        normalized = backend_app._normalize_entitlement_wallet(backend_app._load_entitlement(uid))
        lots = normalized.get("paidVfLots") or []
>       assert len(lots) == 1
E       assert 0 == 1
E        +  where 0 = len([])

tests\test_firebase_auth_and_quota.py:2349: AssertionError
____________ test_tts_engines_status_force_refresh_bypasses_cache _____________

monkeypatch = <_pytest.monkeypatch.MonkeyPatch object at 0x000002703F2EE750>

    def test_tts_engines_status_force_refresh_bypasses_cache(monkeypatch) -> None:
        call_counter = {"count": 0}
    
        def _probe(_engine: str, **_kwargs):
            call_counter["count"] += 1
            return True, f"Runtime online #{call_counter['count']}", "http://runtime.test/health"
    
        monkeypatch.setattr(backend_app, "_probe_engine_runtime_health", _probe)
        monkeypatch.setattr(
            backend_app,
            "VF_TTS_STATUS_CACHE_TTL_MS",
            60_000,
        )
        backend_app._TTS_ENGINE_STATUS_CACHE.clear()
        backend_app._TTS_RUNTIME_HEALTH_CACHE.clear()
    
        first = client.get("/tts/engines/status", params={"engine": "PRIME"})
        assert first.status_code == 200
        assert call_counter["count"] == 1
        assert "online #1" in str(first.json()["engines"]["PRIME"]["detail"]).lower()
    
        second = client.get("/tts/engines/status", params={"engine": "PRIME"})
        assert second.status_code == 200
>       assert call_counter["count"] == 1
E       assert 2 == 1

tests\test_gateway_endpoint_contracts.py:100: AssertionError
_________ test_routing_regions_is_public_when_auth_enforcement_is_on __________

monkeypatch = <_pytest.monkeypatch.MonkeyPatch object at 0x000002704037F450>

    def test_routing_regions_is_public_when_auth_enforcement_is_on(monkeypatch) -> None:
        monkeypatch.setattr(backend_app, "VF_AUTH_ENFORCE", True)
        monkeypatch.setattr(backend_app, "_media_health_snapshot", lambda: {"ok": True, "ready": True, "generatedAtMs": 123})
        monkeypatch.setattr(
            backend_app,
            "_tts_queue_metrics_snapshot",
            lambda: {"queue": {"total": 0, "byLane": {}, "storage": "unknown"}, "telemetry": {"oldestQueuedAgeMs": 0}},
        )
    
        response = client.get(
            "/routing/regions",
            headers={
                "host": "voiceflow.example",
                "x-forwarded-host": "voiceflow.example",
                "x-forwarded-proto": "https",
            },
        )
>       assert response.status_code == 200
E       assert 401 == 200
E        +  where 401 = <Response [401 Unauthorized]>.status_code

tests\test_gateway_endpoint_contracts.py:228: AssertionError
______________________ test_legacy_tts_routes_return_410 ______________________

    def test_legacy_tts_routes_return_410() -> None:
        routes = [
            ("POST", "/tts/synthesize"),
            ("POST", "/tts/jobs"),
            ("GET", "/tts/jobs/job_legacy"),
            ("GET", "/tts/jobs/job_legacy/audio"),
            ("GET", "/tts/jobs/job_legacy/chunks/0"),
            ("DELETE", "/tts/jobs/job_legacy"),
        ]
        for method, path in routes:
            response = client.request(method, path, headers={"x-dev-uid": "legacy_tts"})
>           assert response.status_code == 410
E           assert 422 == 410
E            +  where 422 = <Response [422 Unprocessable Entity]>.status_code

tests\test_gateway_endpoint_contracts.py:243: AssertionError
____________ test_phase2_startup_does_not_start_legacy_tts_workers ____________

monkeypatch = <_pytest.monkeypatch.MonkeyPatch object at 0x000002703F2FD150>

    def test_phase2_startup_does_not_start_legacy_tts_workers(monkeypatch) -> None:
        monkeypatch.setattr(backend_app, "VF_SERVICE_IS_API", False)
        monkeypatch.setattr(backend_app, "VF_SERVICE_IS_WORKER", True)
        monkeypatch.setattr(backend_app, "_ensure_scheduler_started", lambda: None)
        monkeypatch.setattr(
            backend_app,
            "_ensure_tts_workers_started",
            lambda: (_ for _ in ()).throw(AssertionError("legacy worker bootstrap should be disabled in cutover")),
        )
    
        started = {"count": 0}
    
        class _DummyThread:
            def __init__(self, *args, **kwargs):
                _ = args, kwargs
    
            def start(self):
                started["count"] += 1
    
        monkeypatch.setattr(backend_app.threading, "Thread", _DummyThread)
>       backend_app._phase2_startup()

tests\test_gateway_endpoint_contracts.py:300: 
_ _ _ _ _ _ _ _ _ _ _ _ _ _ _ _ _ _ _ _ _ _ _ _ _ _ _ _ _ _ _ _ _ _ _ _ _ _ _ _
app.py:25124: in _phase2_startup
    _ensure_tts_workers_started()
tests\test_gateway_endpoint_contracts.py:287: in <lambda>
    lambda: (_ for _ in ()).throw(AssertionError("legacy worker bootstrap should be disabled in cutover")),
            ^^^^^^^^^^^^^^^^^^^^^^^^^^^^^^^^^^^^^^^^^^^^^^^^^^^^^^^^^^^^^^^^^^^^^^^^^^^^^^^^^^^^^^^^^^^^^^
_ _ _ _ _ _ _ _ _ _ _ _ _ _ _ _ _ _ _ _ _ _ _ _ _ _ _ _ _ _ _ _ _ _ _ _ _ _ _ _

.0 = <tuple_iterator object at 0x000002703F12B2B0>

>       lambda: (_ for _ in ()).throw(AssertionError("legacy worker bootstrap should be disabled in cutover")),
    )
E   AssertionError: legacy worker bootstrap should be disabled in cutover

tests\test_gateway_endpoint_contracts.py:287: AssertionError
___ test_probe_runtime_health_treats_explicit_unhealthy_payload_as_offline ____

monkeypatch = <_pytest.monkeypatch.MonkeyPatch object at 0x000002703EC61910>

    def test_probe_runtime_health_treats_explicit_unhealthy_payload_as_offline(monkeypatch) -> None:
        class _FakeResponse:
            def __enter__(self):
                return self
    
            def __exit__(self, exc_type, exc, tb):
                return False
    
            def read(self):
                return b'{"ok": false, "error": "runtime_not_ready"}'
    
        monkeypatch.setattr(backend_app.urllib_request, "urlopen", lambda *_args, **_kwargs: _FakeResponse())
        online, detail = backend_app._probe_runtime_health("http://127.0.0.1:9999/health")
>       assert online is False
E       assert True is False

tests\test_gateway_endpoint_contracts.py:331: AssertionError
___________ test_runtime_health_probe_timeout_prefers_remote_budget ___________

    def test_runtime_health_probe_timeout_prefers_remote_budget() -> None:
>       local_timeout = backend_app._runtime_health_probe_timeout_sec("http://127.0.0.1:7820/health")
                        ^^^^^^^^^^^^^^^^^^^^^^^^^^^^^^^^^^^^^^^^^^^^^
E       AttributeError: module 'app' has no attribute '_runtime_health_probe_timeout_sec'

tests\test_gateway_endpoint_contracts.py:336: AttributeError
________________ test_tts_engines_voices_contract_gem_fallback ________________

    def test_tts_engines_voices_contract_gem_fallback() -> None:
        response = client.get("/tts/engines/voices", params={"engine": "PRIME"})
        assert response.status_code == 200
        payload = response.json()
        assert payload["ok"] is True
        assert payload["engine"] == "PRIME"
        assert isinstance(payload["voices"], list)
        assert payload["voices"]
        assert "voice_id" in payload["voices"][0]
        assert payload["voices"][0].get("access_tier") in {"free", "pro"}
        assert isinstance(payload["voices"][0].get("is_plan_restricted"), bool)
    
        by_id = {str(item.get("voice_id") or ""): item for item in payload["voices"]}
        fenrir = by_id["v1"]
>       assert fenrir["displayName"] == "Arjun India Male"
               ^^^^^^^^^^^^^^^^^^^^^
E       KeyError: 'displayName'

tests\test_gateway_endpoint_contracts.py:357: KeyError
_______ test_build_tts_upstream_payload_preserves_explicit_model_fields _______

monkeypatch = <_pytest.monkeypatch.MonkeyPatch object at 0x00000270404BEA50>

    def test_build_tts_upstream_payload_preserves_explicit_model_fields(monkeypatch) -> None:
        monkeypatch.setattr(backend_app, "_load_gemini_api_pools", lambda: ({"planPools": {"free": "free"}}, None))
        payload = backend_app.TtsSynthesizeRequest(
            engine="PRIME",
            text="A: hello\nB: hi",
            model="gemini-2.5-flash-preview-tts",
            modelCandidates=["gemini-2.5-flash-preview-tts", "gemini-2.5-pro-tts"],
            voiceName="v1",
            speaker_voices=[
                {"speaker": "A", "voiceName": "v1"},
                {"speaker": "B", "voiceName": "Meera India Female"},
            ],
            multi_speaker_mode="studio_pair_groups",
            multi_speaker_line_map=[
                {"lineIndex": 0, "speaker": "A", "text": "hello"},
                {"lineIndex": 1, "speaker": "B", "text": "hi"},
            ],
        )
    
        upstream_payload, voice_id = backend_app._build_tts_upstream_payload(
            payload,
            engine="PRIME",
            text=payload.text,
            request_id="req_test",
            trace_id="trace_test",
            plan_key="free",
        )
    
        assert voice_id == "Fenrir"
>       assert upstream_payload["model"] == "gemini-2.5-flash-preview-tts"
               ^^^^^^^^^^^^^^^^^^^^^^^^^
E       KeyError: 'model'

tests\test_gateway_endpoint_contracts.py:402: KeyError
____________ test_single_speaker_long_text_uses_segmented_windows _____________

args = (input {
  text: "word word word word word word word word word word word word word word word word word word word word ... name: "en-US-Chirp3-HD-Fenrir"
  ssml_gender: MALE
}
audio_config {
  audio_encoding: LINEAR16
  speaking_rate: 1
}
,)
kwargs = {'metadata': [('x-goog-api-client', 'gl-python/3.11.9 grpc/1.78.0 gax/2.30.0 gapic/2.36.0 pb/6.33.5')]}

    @functools.wraps(callable_)
    def error_remapped_callable(*args, **kwargs):
        try:
>           return callable_(*args, **kwargs)
                   ^^^^^^^^^^^^^^^^^^^^^^^^^^

..\..\..\..\AppData\Local\Programs\Python\Python311\Lib\site-packages\google\api_core\grpc_helpers.py:55: 
_ _ _ _ _ _ _ _ _ _ _ _ _ _ _ _ _ _ _ _ _ _ _ _ _ _ _ _ _ _ _ _ _ _ _ _ _ _ _ _
..\..\..\..\AppData\Local\Programs\Python\Python311\Lib\site-packages\grpc\_interceptor.py:276: in __call__
    response, ignored_call = self._with_call(
..\..\..\..\AppData\Local\Programs\Python\Python311\Lib\site-packages\grpc\_interceptor.py:331: in _with_call
    return call.result(), call
           ^^^^^^^^^^^^^
..\..\..\..\AppData\Local\Programs\Python\Python311\Lib\site-packages\grpc\_channel.py:438: in result
    raise self
..\..\..\..\AppData\Local\Programs\Python\Python311\Lib\site-packages\grpc\_interceptor.py:314: in continuation
    response, call = self._thunk(new_method).with_call(
..\..\..\..\AppData\Local\Programs\Python\Python311\Lib\site-packages\grpc\_channel.py:1173: in with_call
    return _end_unary_response_blocking(state, call, True, None)
           ^^^^^^^^^^^^^^^^^^^^^^^^^^^^^^^^^^^^^^^^^^^^^^^^^^^^^
_ _ _ _ _ _ _ _ _ _ _ _ _ _ _ _ _ _ _ _ _ _ _ _ _ _ _ _ _ _ _ _ _ _ _ _ _ _ _ _

state = <grpc._channel._RPCState object at 0x0000027041D681D0>
call = <grpc._cython.cygrpc.SegregatedCall object at 0x00000270460ED800>
with_call = True, deadline = None

    def _end_unary_response_blocking(
        state: _RPCState,
        call: cygrpc.SegregatedCall,
        with_call: bool,
        deadline: Optional[float],
    ) -> Union[ResponseType, Tuple[ResponseType, grpc.Call]]:
        if state.code is grpc.StatusCode.OK:
            if with_call:
                rendezvous = _MultiThreadedRendezvous(state, call, None, deadline)
                return state.response, rendezvous
            return state.response
>       raise _InactiveRpcError(state)  # pytype: disable=not-instantiable
        ^^^^^^^^^^^^^^^^^^^^^^^^^^^^^^
E       grpc._channel._InactiveRpcError: <_InactiveRpcError of RPC that terminated with:
E       	status = StatusCode.INVALID_ARGUMENT
E       	details = "This request contains sentences that are too long. Consider splitting up long sentences with sentence ending punctuation e.g. periods. Sentence starting with: "word " is too long."
E       	debug_error_string = "UNKNOWN:Error received from peer ipv4:216.239.38.223:443 {grpc_message:"This request contains sentences that are too long. Consider splitting up long sentences with sentence ending punctuation e.g. periods. Sentence starting with: \"word \" is too long.", grpc_status:3}"
E       >

..\..\..\..\AppData\Local\Programs\Python\Python311\Lib\site-packages\grpc\_channel.py:990: _InactiveRpcError

The above exception was the direct cause of the following exception:

payload = SynthesizeRequest(engine='PRIME', authMode=None, text='word word word word word word word word word word word word wor...one, speaker=None, trace_id='segmented_single_speaker_test', return_line_chunks=None, poolHint=None, sourcePolicy=None)

    def _synthesize_text_to_wav(payload: SynthesizeRequest) -> Dict[str, Any]:
        started_at_ms = int(time.time() * 1000)
        safe_engine = _normalize_runtime_engine(payload.engine, default=TTS_ENGINE_DEFAULT)
        source_policy = dict(_runtime_source_policy())
        if isinstance(payload.sourcePolicy, dict):
            source_policy = {**source_policy, **dict(payload.sourcePolicy)}
        auth_mode = _normalize_runtime_auth_mode(payload.authMode, source_policy=source_policy)
        cloud_tts_enabled = _tts_upstream_provider_for_engine(safe_engine) == TTS_UPSTREAM_PROVIDER_CLOUD_TTS
        text = _normalize_synthesis_text(payload.text)
        if not text:
            raise HTTPException(status_code=400, detail="Text is empty.")
        trace_id = _normalize_trace_id(payload.trace_id)
        explicit_model_candidates, invalid_model_candidates = _resolve_explicit_model_candidates(
            raw_candidates=payload.modelCandidates,
            raw_model=payload.model,
            task="tts",
        )
        if invalid_model_candidates and not explicit_model_candidates:
            raise HTTPException(
                status_code=400,
                detail={
                    "error": "invalid_model_candidates",
                    "task": "tts",
                    "invalid": invalid_model_candidates,
                },
            )
        if invalid_model_candidates and explicit_model_candidates:
            _emit_stage_event(
                trace_id,
                "preprocess",
                "model_candidates_partial_invalid",
                {
                    "invalidModelCandidates": invalid_model_candidates,
                    "selectedModelCandidates": explicit_model_candidates,
                },
            )
        model_candidates_override = explicit_model_candidates if explicit_model_candidates else None
        target_voice = str(payload.voiceName or payload.voice_id or "Fenrir").strip() or "Fenrir"
        normalized_speaker_voices = _normalize_speaker_voices(payload.speaker_voices or [], target_voice=target_voice)
        multi_speaker_mode = _normalize_multi_speaker_mode(payload.multi_speaker_mode)
        if multi_speaker_mode == "off":
            normalized_speaker_voices = []
        normalized_line_map = _normalize_multi_speaker_line_map(payload.multi_speaker_line_map)
        normalized_speaker_voices, normalized_line_map = _canonicalize_multi_speaker_identities(
            normalized_speaker_voices,
            normalized_line_map,
        )
        return_line_chunks_requested = bool(payload.return_line_chunks)
        try:
            requested_pair_concurrency = (
                int(payload.multi_speaker_max_concurrency)
                if payload.multi_speaker_max_concurrency is not None
                else GEMINI_STUDIO_PAIR_GROUP_MAX_CONCURRENCY
            )
        except Exception:
            requested_pair_concurrency = GEMINI_STUDIO_PAIR_GROUP_MAX_CONCURRENCY
        requested_pair_concurrency = max(
            1,
            min(GEMINI_STUDIO_PAIR_GROUP_MAX_CONCURRENCY, requested_pair_concurrency),
        )
        retry_group_once = True if payload.multi_speaker_retry_once is None else bool(payload.multi_speaker_retry_once)
        use_studio_pair_groups = (
            multi_speaker_mode == "studio_pair_groups"
            and len(normalized_speaker_voices) >= 2
            and len(normalized_line_map) >= 2
        )
        use_windowed_multi = len(normalized_speaker_voices) > 2
        if use_studio_pair_groups:
            requested_speech_mode = "studio_pair_groups"
        elif use_windowed_multi:
            requested_speech_mode = "text-order-two-speaker-windows"
        elif len(normalized_speaker_voices) == 2:
            requested_speech_mode = "multi-speaker"
        else:
            requested_speech_mode = "single-speaker"
    
        if cloud_tts_enabled:
            primary_key_pool = []
            fallback_request_key = None
            effective_key_pool: list[str] = []
        else:
            primary_key_pool, fallback_request_key, effective_key_pool = _resolve_tts_key_pool(
                payload.apiKey,
                trace_id=trace_id,
                pool_hint=payload.poolHint,
            )
        language_code = resolve_language_code(text, payload.language)
        speaker_hint = re.sub(r"\s+", " ", str(payload.speaker or "")).strip()
        word_count = count_words(text)
        allow_windowed_word_split = bool(cloud_tts_enabled and len(normalized_line_map) >= 2)
        if word_count > MAX_WORDS_PER_REQUEST and not use_studio_pair_groups and not allow_windowed_word_split:
            raise HTTPException(
                status_code=400,
                detail={
                    "error": "word_limit_exceeded",
                    "maxWords": MAX_WORDS_PER_REQUEST,
                    "actualWords": word_count,
                },
            )
    
        pair_group_fallback_used = False
        pair_group_fallback_detail = ""
        single_speaker_segmentation: Dict[str, Any] = {
            "enabled": False,
            "profile": None,
            "chunkCount": 1,
            "maxWordsPerChunk": MAX_WORDS_PER_REQUEST,
            "joinCrossfadeMs": 0,
            "laneCount": 0,
            "laneAssignments": [],
            "strategies": [],
        }
        scheduled_windows: Optional[list[Dict[str, Any]]] = None
        scheduled_strategy_tokens: list[str] = []
        scheduled_speech_mode_used = ""
        if use_studio_pair_groups:
            scheduled_windows, scheduled_meta = _build_multi_speaker_dialogue_lane_windows(
                normalized_line_map=normalized_line_map,
                speaker_voices=normalized_speaker_voices,
                target_voice=target_voice,
                language_code=language_code,
            )
            scheduled_strategy_tokens = [str(item or "").strip() for item in list(scheduled_meta.get("strategies") or []) if str(item or "").strip()]
            scheduled_speech_mode_used = requested_speech_mode
        elif requested_speech_mode == "single-speaker":
            scheduled_windows, single_speaker_segmentation = _build_single_speaker_segment_windows(
                text=text,
                language_code=language_code,
                speaker_voices=normalized_speaker_voices,
            )
            scheduled_strategy_tokens = [str(item or "").strip() for item in list(single_speaker_segmentation.get("strategies") or []) if str(item or "").strip()]
            scheduled_speech_mode_used = "single-speaker-segmented" if bool(single_speaker_segmentation.get("enabled")) else "single-speaker"
    
        raw_windows: list[Dict[str, Any]]
        if isinstance(scheduled_windows, list) and scheduled_windows:
            raw_windows = scheduled_windows
        elif use_windowed_multi:
            raw_windows = _build_text_order_two_speaker_windows(
                text=text,
                speaker_voices=normalized_speaker_voices,
                target_voice=target_voice,
            )
        else:
            raw_windows = [{"text": text, "speakerVoices": normalized_speaker_voices}]
    
        windows: list[Dict[str, Any]] = []
        for index, window in enumerate(raw_windows, start=1):
            window_text = _normalize_synthesis_text(str(window.get("text") or ""))
            if not window_text:
                continue
            window_speaker_voices = _normalize_speaker_voices(
                window.get("speakerVoices") or [],
                target_voice=target_voice,
            )
            safe_lane_id = str(window.get("laneId") or THREE_LANE_IDS[0]).upper()
            windows.append(
                {
                    "windowIndex": int(window.get("windowIndex") or index),
                    "laneId": safe_lane_id,
                    "text": window_text,
                    "speakerVoices": window_speaker_voices[:2],
                    "lineIndex": int(window.get("lineIndex", -1)),
                    "dialogueIndex": int(window.get("dialogueIndex", max(0, index - 1))),
                    "chunkIndex": int(window.get("chunkIndex", 0)),
                    "pauseAfterMs": max(0, int(window.get("pauseAfterMs") or 0)),
                    "affinitySpeakers": [
                        str(item or "").strip()
                        for item in list(window.get("affinitySpeakers") or _lane_affinity_speakers(safe_lane_id))
                        if str(item or "").strip()
                    ],
                }
            )
        if not windows:
            raise HTTPException(status_code=400, detail="Text is empty.")
    
        _emit_stage_event(
            trace_id,
            "preprocess",
            "done",
            {
                "voice": target_voice,
                "textChars": len(text),
                "wordCount": word_count,
                "segmentation": "enabled" if bool(single_speaker_segmentation.get("enabled")) else "disabled",
                "segmentationProfile": single_speaker_segmentation.get("profile"),
                "segmentationChunkCount": int(single_speaker_segmentation.get("chunkCount") or 1),
                "segmentationMaxWordsPerChunk": int(
                    single_speaker_segmentation.get("maxWordsPerChunk") or MAX_WORDS_PER_REQUEST
                ),
                "language": language_code,
                "speechModeRequested": requested_speech_mode,
                "speakerCount": len(normalized_speaker_voices),
                "windowCount": len(windows),
                "keyPoolSize": 0 if cloud_tts_enabled else len(effective_key_pool),
                "speakerHint": speaker_hint or None,
                "provider": "cloud-text-to-speech" if cloud_tts_enabled else _tts_provider_label(engine=safe_engine, auth_mode=auth_mode),
            },
        )
        _emit_stage_event(
            trace_id,
            "synthesis",
            "start",
            {
                "voice": target_voice,
                "textChars": len(text),
                "speechModeRequested": requested_speech_mode,
                "windowCount": len(windows),
                "keyPoolSize": 0 if cloud_tts_enabled else len(effective_key_pool),
                "speakerHint": speaker_hint or None,
                "provider": "cloud-text-to-speech" if cloud_tts_enabled else _tts_provider_label(engine=safe_engine, auth_mode=auth_mode),
            },
        )
    
        if isinstance(scheduled_windows, list) and windows:
            provider_label = "cloud-text-to-speech" if cloud_tts_enabled else _tts_provider_label(engine=safe_engine, auth_mode=auth_mode)
    
            if cloud_tts_enabled:
                def _synthesize_scheduled_window(window: Dict[str, Any]) -> Dict[str, Any]:
                    speaker_voices = list(window.get("speakerVoices") or [])
                    requested_voice = (
                        str(speaker_voices[0].get("voiceName") or target_voice).strip()
                        if speaker_voices
                        else target_voice
                    ) or target_voice
                    window_index = int(window.get("windowIndex") or 1)
                    lane_id = str(window.get("laneId") or "").strip().upper()
                    window_source_policy = dict(source_policy)
                    if lane_id in {"L1", "L2", "L3"}:
                        window_source_policy["selectedVertexSlotId"] = f"slot_{lane_id[-1]}"
                    _emit_stage_event(
                        trace_id,
                        "synthesis",
                        "retry",
                        {
                            "attemptNumber": window_index,
                            "attemptKind": "initial",
                            "isRetry": False,
                            "retryAttempt": 1,
                            "keyPoolSize": 0,
                            "keySelectionIndex": -1,
                            "keyFingerprint": "cloud_tts",
                            "model": "google-cloud-text-to-speech",
                            "speechMode": "single-speaker",
                            "speakerHint": speaker_hint or None,
                            "windowIndex": window_index,
                            "windowTotal": len(windows),
                            "requestedVoice": requested_voice,
                            "laneId": str(window.get("laneId") or ""),
                        },
                    )
                    wav_bytes, voice_meta = _synthesize_window_with_cloud_tts(
                        source_policy=window_source_policy,
                        text=str(window.get("text") or ""),
                        requested_voice=requested_voice,
                        language_code=language_code,
                        speed=float(payload.speed or 1.0),
                        engine=safe_engine,
                    )
                    pcm_bytes, _sample_rate = _wav_bytes_to_pcm16(wav_bytes)
                    return {
                        "windowIndex": window_index,
                        "pcmBytes": pcm_bytes,
                        "model": "google-cloud-text-to-speech",
                        "speechMode": "single-speaker",
                        "keyIndex": -1,
                        "attemptMetadata": {},
                        "usageMetadata": {},
                        "resolvedVoice": str((voice_meta or {}).get("resolvedVoice") or requested_voice).strip() or requested_voice,
                    }
            else:
                def _synthesize_scheduled_window(window: Dict[str, Any]) -> Dict[str, Any]:
                    window_index = int(window.get("windowIndex") or 1)
                    window_speaker_voices = list(window.get("speakerVoices") or [])
                    local_speaker_hint = ", ".join(
                        str(item.get("speaker") or "").strip()
                        for item in window_speaker_voices
                        if str(item.get("speaker") or "").strip()
                    ).strip() or speaker_hint
                    (
                        pcm_bytes,
                        model_used,
                        speech_mode,
                        key_index,
                        usage_metadata,
                        attempt_metadata,
                    ) = _synthesize_pcm_result_with_attempts(
                        _synthesize_pcm_with_key_pool(
                            engine=safe_engine,
                            auth_mode=auth_mode,
                            source_policy=source_policy,
                            text_input=str(window.get("text") or ""),
                            trace_id=trace_id,
                            speaker_hint=local_speaker_hint,
                            language_code=language_code,
                            target_voice=target_voice,
                            speaker_voices=window_speaker_voices,
                            primary_key_pool=primary_key_pool,
                            fallback_request_key=fallback_request_key,
                            effective_key_pool=effective_key_pool,
                            speech_mode_requested=requested_speech_mode,
                            window_index=window_index,
                            window_total=len(windows),
                            affinity_speakers=[str(item or "").strip() for item in list(window.get("affinitySpeakers") or []) if str(item or "").strip()],
                            model_candidates_override=model_candidates_override,
                            include_usage_metadata=True,
                            include_attempt_metadata=True,
                        )
                    )
                    return {
                        "windowIndex": window_index,
                        "pcmBytes": pcm_bytes,
                        "model": model_used,
                        "speechMode": speech_mode,
                        "keyIndex": int(key_index),
                        "attemptMetadata": dict(attempt_metadata or {}),
                        "usageMetadata": dict(usage_metadata or {}) if isinstance(usage_metadata, dict) else {},
                    }
    
            try:
>               return _execute_scheduled_window_plan(
                    trace_id=trace_id,
                    safe_engine=safe_engine,
                    requested_speech_mode=requested_speech_mode,
                    speech_mode_used=scheduled_speech_mode_used or requested_speech_mode,
                    provider_label=provider_label,
                    windows=windows,
                    single_speaker_segmentation=single_speaker_segmentation,
                    strategy_tokens=scheduled_strategy_tokens,
                    started_at_ms=started_at_ms,
                    key_pool_size=0 if cloud_tts_enabled else len(effective_key_pool),
                    include_line_chunks=return_line_chunks_requested,
                    synthesize_window_fn=_synthesize_scheduled_window,
                )

engines\gemini-runtime\app.py:5089: 
_ _ _ _ _ _ _ _ _ _ _ _ _ _ _ _ _ _ _ _ _ _ _ _ _ _ _ _ _ _ _ _ _ _ _ _ _ _ _ _
engines\gemini-runtime\app.py:3698: in _execute_scheduled_window_plan
    window_results.extend(list(future.result() or []))
                               ^^^^^^^^^^^^^^^
..\..\..\..\AppData\Local\Programs\Python\Python311\Lib\concurrent\futures\_base.py:449: in result
    return self.__get_result()
           ^^^^^^^^^^^^^^^^^^^
..\..\..\..\AppData\Local\Programs\Python\Python311\Lib\concurrent\futures\_base.py:401: in __get_result
    raise self._exception
..\..\..\..\AppData\Local\Programs\Python\Python311\Lib\concurrent\futures\thread.py:58: in run
    result = self.fn(*self.args, **self.kwargs)
             ^^^^^^^^^^^^^^^^^^^^^^^^^^^^^^^^^^
engines\gemini-runtime\app.py:3690: in _run_lane
    out.append(dict(synthesize_window_fn(lane_window) or {}))
                    ^^^^^^^^^^^^^^^^^^^^^^^^^^^^^^^^^
engines\gemini-runtime\app.py:5020: in _synthesize_scheduled_window
    wav_bytes, voice_meta = _synthesize_window_with_cloud_tts(
engines\gemini-runtime\app.py:1272: in _synthesize_window_with_cloud_tts
    response = client.synthesize_speech(
..\..\..\..\AppData\Local\Programs\Python\Python311\Lib\site-packages\google\cloud\texttospeech_v1\services\text_to_speech\client.py:965: in synthesize_speech
    response = rpc(
..\..\..\..\AppData\Local\Programs\Python\Python311\Lib\site-packages\google\api_core\gapic_v1\method.py:128: in __call__
    return wrapped_func(*args, **kwargs)
           ^^^^^^^^^^^^^^^^^^^^^^^^^^^^^
_ _ _ _ _ _ _ _ _ _ _ _ _ _ _ _ _ _ _ _ _ _ _ _ _ _ _ _ _ _ _ _ _ _ _ _ _ _ _ _

args = (input {
  text: "word word word word word word word word word word word word word word word word word word word word ... name: "en-US-Chirp3-HD-Fenrir"
  ssml_gender: MALE
}
audio_config {
  audio_encoding: LINEAR16
  speaking_rate: 1
}
,)
kwargs = {'metadata': [('x-goog-api-client', 'gl-python/3.11.9 grpc/1.78.0 gax/2.30.0 gapic/2.36.0 pb/6.33.5')]}

    @functools.wraps(callable_)
    def error_remapped_callable(*args, **kwargs):
        try:
            return callable_(*args, **kwargs)
        except grpc.RpcError as exc:
>           raise exceptions.from_grpc_error(exc) from exc
E           google.api_core.exceptions.InvalidArgument: 400 This request contains sentences that are too long. Consider splitting up long sentences with sentence ending punctuation e.g. periods. Sentence starting with: "word " is too long.

..\..\..\..\AppData\Local\Programs\Python\Python311\Lib\site-packages\google\api_core\grpc_helpers.py:57: InvalidArgument

The above exception was the direct cause of the following exception:

    def test_single_speaker_long_text_uses_segmented_windows() -> None:
        runtime = _load_gemini_runtime_module()
        runtime.VF_TTS_UPSTREAM_PROVIDER = runtime.TTS_UPSTREAM_PROVIDER_RUNTIME
        runtime.VF_TTS_TEXTTOSPEECH_ONLY = False
        runtime._SERVER_API_KEY_POOL = (_make_key(1), _make_key(2), _make_key(3))
        runtime._SERVER_API_KEY_SET = frozenset(runtime._SERVER_API_KEY_POOL)
        runtime.genai = object()
        runtime.types = object()
    
        original = runtime._synthesize_pcm_with_key_pool
        window_char_counts: list[int] = []
        window_indexes: list[int] = []
        lane_tokens: list[str] = []
        window_key_indexes: list[int] = []
    
        def _stub_synthesize_pcm_with_key_pool(**kwargs):
            text_input = str(kwargs.get("text_input") or "")
            window_char_counts.append(len(text_input))
            window_indexes.append(int(kwargs.get("window_index") or 0))
            lane_tokens.append(str((list(kwargs.get("affinity_speakers") or [""])[0] or "")))
            key_index = min(len(window_char_counts) - 1, 2)
            window_key_indexes.append(key_index)
            return (b"\x01\x00" * 960), "gemini-2.5-flash-preview-tts", "single-speaker", key_index
    
        try:
            runtime._synthesize_pcm_with_key_pool = _stub_synthesize_pcm_with_key_pool
            payload = runtime.SynthesizeRequest(
                text=("word " * 3200).strip(),
                voiceName="Fenrir",
                voice_id="Fenrir",
                language="en",
                trace_id="segmented_single_speaker_test",
            )
>           result = runtime._synthesize_text_to_wav(payload)
                     ^^^^^^^^^^^^^^^^^^^^^^^^^^^^^^^^^^^^^^^^

tests\test_gemini_runtime_single_speaker_segmentation.py:62: 
_ _ _ _ _ _ _ _ _ _ _ _ _ _ _ _ _ _ _ _ _ _ _ _ _ _ _ _ _ _ _ _ _ _ _ _ _ _ _ _
engines\gemini-runtime\app.py:5106: in _synthesize_text_to_wav
    _raise_translated_tts_http_exception(
_ _ _ _ _ _ _ _ _ _ _ _ _ _ _ _ _ _ _ _ _ _ _ _ _ _ _ _ _ _ _ _ _ _ _ _ _ _ _ _

    def _raise_translated_tts_http_exception(
        *,
        exc: Exception,
        trace_id: str,
        requested_speech_mode: str,
        speaker_hint: str,
        safe_engine: str,
    ) -> None:
        raw_error = str(exc).strip()
        parsed_error = _normalize_error_payload(raw_error)
        if parsed_error is not None:
            error_payload = {
                "error": "Gemini TTS synthesis failed.",
                "speechModeRequested": requested_speech_mode,
                "speakerHint": speaker_hint or None,
                "engine": safe_engine,
                **parsed_error,
            }
        else:
            inferred_error_code = _infer_unstructured_tts_error_code(raw_error)
            error_payload = {
                "error": _default_public_tts_error_message(inferred_error_code),
                "errorCode": inferred_error_code,
                "summary": raw_error[:220] if raw_error else _default_public_tts_error_message(inferred_error_code),
                "speechModeRequested": requested_speech_mode,
                "speakerHint": speaker_hint or None,
                "engine": safe_engine,
            }
        if not str(error_payload.get("errorCode") or "").strip():
            error_payload["errorCode"] = _infer_unstructured_tts_error_code(
                str(error_payload.get("summary") or raw_error)
            )
        if not str(error_payload.get("summary") or "").strip():
            error_payload["summary"] = str(error_payload.get("error") or "Gemini TTS synthesis failed.")[:220]
        if not str(error_payload.get("classification") or "").strip():
            error_payload["classification"] = _classification_for_error_code(str(error_payload.get("errorCode") or ""))
        error_payload["trace_id"] = trace_id
        if "retryAfterMs" not in error_payload:
            key_states = error_payload.get("keyStates") if isinstance(error_payload.get("keyStates"), list) else []
            error_payload["retryAfterMs"] = _retry_after_from_key_states(key_states)
        public_error_payload = _sanitize_public_tts_error_payload(error_payload)
        _emit_stage_event(trace_id, "failed", "error", public_error_payload)
        error_code = str(error_payload.get("errorCode") or "").strip().upper()
        _record_error_classification(error_code)
        status_code = 502
        if error_code in {
            ERROR_CODE_SLOT_SET_OVERLOADED,
            ERROR_CODE_SLOT_SET_TIMEOUT,
            ERROR_CODE_ALLOCATOR_ACQUIRE_TIMEOUT,
            ERROR_CODE_ALL_SLOTS_RATE_LIMITED,
        }:
            status_code = 503
        elif error_code == ERROR_CODE_UPSTREAM_REQUEST_TIMEOUT:
            status_code = 504
>       raise HTTPException(status_code=status_code, detail=public_error_payload) from exc
E       fastapi.exceptions.HTTPException: 502: {'error': 'Gemini TTS synthesis failed.', 'trace_id': 'segmented_single_speaker_test', 'classification': 'upstream_failure', 'speechModeRequested': 'single-speaker', 'retryAfterMs': 0, 'errorCode': 'GEMINI_UPSTREAM_MODEL_FAILED', 'engine': 'PRIME', 'summary': '400 This request contains sentences that are too long. Consider splitting up long sentences with sentence ending punctuation e.g. periods. Sentence starting with: "word " is too long.'}

engines\gemini-runtime\app.py:4593: HTTPException
---------------------------- Captured stdout call -----------------------------
{"event": "allocator_limits", "engine": "gemini-runtime", "task": "tts", "effectiveTtsLimits": {"model": "gemini-2.5-flash-tts", "rpm": 150, "tpm": 10000, "windowSeconds": 60, "defaultWaitTimeoutMs": 90000, "rateLimitsDisabled": false}}
{"event": "synthesis_stage", "engine": "gemini-runtime", "trace_id": "segmented_single_speaker_test", "stage": "preprocess", "status": "done", "ts": 1775890341184, "detail": {"voice": "Fenrir", "textChars": 15999, "wordCount": 3200, "segmentation": "enabled", "segmentationProfile": "sentence-aware-three-lane", "segmentationChunkCount": 6, "segmentationMaxWordsPerChunk": 800, "language": "en-US", "speechModeRequested": "single-speaker", "speakerCount": 0, "windowCount": 6, "keyPoolSize": 0, "speakerHint": null, "provider": "cloud-text-to-speech"}}
{"event": "synthesis_stage", "engine": "gemini-runtime", "trace_id": "segmented_single_speaker_test", "stage": "synthesis", "status": "start", "ts": 1775890341184, "detail": {"voice": "Fenrir", "textChars": 15999, "speechModeRequested": "single-speaker", "windowCount": 6, "keyPoolSize": 0, "speakerHint": null, "provider": "cloud-text-to-speech"}}
{"event": "synthesis_stage", "engine": "gemini-runtime", "trace_id": "segmented_single_speaker_test", "stage": "synthesis", "status": "retry", "ts": 1775890341185, "detail": {"attemptNumber": 1, "attemptKind": "initial", "isRetry": false, "retryAttempt": 1, "keyPoolSize": 0, "keySelectionIndex": -1, "keyFingerprint": "cloud_tts", "model": "google-cloud-text-to-speech", "speechMode": "single-speaker", "speakerHint": null, "windowIndex": 1, "windowTotal": 6, "requestedVoice": "Fenrir", "laneId": "L1"}}
{"event": "synthesis_stage", "engine": "gemini-runtime", "trace_id": "segmented_single_speaker_test", "stage": "synthesis", "status": "retry", "ts": 1775890341185, "detail": {"attemptNumber": 3, "attemptKind": "initial", "isRetry": false, "retryAttempt": 1, "keyPoolSize": 0, "keySelectionIndex": -1, "keyFingerprint": "cloud_tts", "model": "google-cloud-text-to-speech", "speechMode": "single-speaker", "speakerHint": null, "windowIndex": 3, "windowTotal": 6, "requestedVoice": "Fenrir", "laneId": "L2"}}
{"event": "synthesis_stage", "engine": "gemini-runtime", "trace_id": "segmented_single_speaker_test", "stage": "synthesis", "status": "retry", "ts": 1775890341185, "detail": {"attemptNumber": 5, "attemptKind": "initial", "isRetry": false, "retryAttempt": 1, "keyPoolSize": 0, "keySelectionIndex": -1, "keyFingerprint": "cloud_tts", "model": "google-cloud-text-to-speech", "speechMode": "single-speaker", "speakerHint": null, "windowIndex": 5, "windowTotal": 6, "requestedVoice": "Fenrir", "laneId": "L3"}}
{"event": "synthesis_stage", "engine": "gemini-runtime", "trace_id": "segmented_single_speaker_test", "stage": "synthesis", "status": "retry", "ts": 1775890350190, "detail": {"attemptNumber": 2, "attemptKind": "initial", "isRetry": false, "retryAttempt": 1, "keyPoolSize": 0, "keySelectionIndex": -1, "keyFingerprint": "cloud_tts", "model": "google-cloud-text-to-speech", "speechMode": "single-speaker", "speakerHint": null, "windowIndex": 2, "windowTotal": 6, "requestedVoice": "Fenrir", "laneId": "L1"}}
{"event": "synthesis_stage", "engine": "gemini-runtime", "trace_id": "segmented_single_speaker_test", "stage": "failed", "status": "error", "ts": 1775890356096, "detail": {"error": "Gemini TTS synthesis failed.", "trace_id": "segmented_single_speaker_test", "classification": "upstream_failure", "speechModeRequested": "single-speaker", "retryAfterMs": 0, "errorCode": "GEMINI_UPSTREAM_MODEL_FAILED", "engine": "PRIME", "summary": "400 This request contains sentences that are too long. Consider splitting up long sentences with sentence ending punctuation e.g. periods. Sentence starting with: \"word \" is too long."}}
__________ test_media_health_ready_is_ffmpeg_driven_after_vc_removal __________

monkeypatch = <_pytest.monkeypatch.MonkeyPatch object at 0x0000027045F5A610>

    def test_media_health_ready_is_ffmpeg_driven_after_vc_removal(monkeypatch) -> None:
        monkeypatch.setattr(backend_app, "_get_ffmpeg_path", lambda: "/usr/bin/ffmpeg")
    
>       backend_app._run_media_health_refresh()
        ^^^^^^^^^^^^^^^^^^^^^^^^^^^^^^^^^^^^^
E       AttributeError: module 'app' has no attribute '_run_media_health_refresh'

tests\test_media_health_readiness.py:9: AttributeError
__________________ test_notifications_list_get_is_read_only ___________________

monkeypatch = <_pytest.monkeypatch.MonkeyPatch object at 0x0000027045916D50>

    def test_notifications_list_get_is_read_only(monkeypatch) -> None:
        _reset_notification_state()
        monkeypatch.setattr(backend_app, "VF_AUTH_ENFORCE", False)
        monkeypatch.setattr(backend_app, "VF_RBAC_ENABLED", True)
        monkeypatch.setattr(backend_app, "VF_RBAC_ENFORCE", True)
>       monkeypatch.setattr(backend_app, "VF_NOTIFICATIONS_SYNC_ON_READ", False)
E       AttributeError: <module 'app' from 'C:\\Users\\1wasi\\OneDrive\\Desktop\\voice-Flow\\backend\\app.py'> has no attribute 'VF_NOTIFICATIONS_SYNC_ON_READ'

tests\test_notifications_inbox.py:685: AttributeError
___________ test_notifications_list_get_can_sync_when_flag_enabled ____________

monkeypatch = <_pytest.monkeypatch.MonkeyPatch object at 0x000002702DCD5150>

    def test_notifications_list_get_can_sync_when_flag_enabled(monkeypatch) -> None:
        _reset_notification_state()
        monkeypatch.setattr(backend_app, "VF_AUTH_ENFORCE", False)
        monkeypatch.setattr(backend_app, "VF_RBAC_ENABLED", True)
        monkeypatch.setattr(backend_app, "VF_RBAC_ENFORCE", True)
>       monkeypatch.setattr(backend_app, "VF_NOTIFICATIONS_SYNC_ON_READ", True)
E       AttributeError: <module 'app' from 'C:\\Users\\1wasi\\OneDrive\\Desktop\\voice-Flow\\backend\\app.py'> has no attribute 'VF_NOTIFICATIONS_SYNC_ON_READ'

tests\test_notifications_inbox.py:724: AttributeError
________ test_notifications_preserve_channel_audience_and_copy_fields _________

monkeypatch = <_pytest.monkeypatch.MonkeyPatch object at 0x00000270466B9A10>

    def test_notifications_preserve_channel_audience_and_copy_fields(monkeypatch) -> None:
        _reset_notification_state()
        monkeypatch.setattr(backend_app, "VF_AUTH_ENFORCE", False)
        monkeypatch.setattr(backend_app, "VF_RBAC_ENABLED", True)
        monkeypatch.setattr(backend_app, "VF_RBAC_ENFORCE", True)
    
        uid = "notification_shape_user"
        now_iso = backend_app._utc_now().isoformat()
        backend_app._INMEMORY_NOTIFICATION_INBOX.setdefault(uid, {})["notif_shape_1"] = {
            "id": "notif_shape_1",
            "uid": uid,
            "eventCode": "custom.message",
            "title": "Queue notice",
            "message": "Fallback message",
            "userMessage": "Servers are busy right now. Please try again in a little while.",
            "details": "Queue age exceeded 90 seconds.",
            "adminDetail": "trace_id=busy-123",
            "audience": "all",
            "roleScope": "all_users",
            "channel": "toast",
            "status": "active",
            "createdAt": now_iso,
            "updatedAt": now_iso,
        }
    
        client = TestClient(backend_app.app)
        response = client.get("/account/notifications", headers=_admin_headers(uid))
    
        assert response.status_code == 200
        item = response.json()["items"][0]
        assert item["audience"] == "all"
>       assert item["channel"] == "toast"
E       AssertionError: assert 'inbox' == 'toast'
E         
E         - toast
E         + inbox

tests\test_notifications_inbox.py:788: AssertionError
_____________ test_openvoice_artifact_endpoint_enforces_uid_scope _____________

monkeypatch = <_pytest.monkeypatch.MonkeyPatch object at 0x000002704591B490>
tmp_path = WindowsPath('C:/Users/1wasi/AppData/Local/Temp/pytest-of-1wasi/pytest-2146/test_openvoice_artifact_endpoi0')

    def test_openvoice_artifact_endpoint_enforces_uid_scope(monkeypatch, tmp_path: Path) -> None:
        monkeypatch.setattr(backend_app, "VF_AUTH_ENFORCE", False)
>       monkeypatch.setattr(backend_app, "OPENVOICE_ARTIFACT_ROOT", tmp_path.resolve())
E       AttributeError: <module 'app' from 'C:\\Users\\1wasi\\OneDrive\\Desktop\\voice-Flow\\backend\\app.py'> has no attribute 'OPENVOICE_ARTIFACT_ROOT'

tests\test_openvoice_artifact_security.py:31: AttributeError
_________ test_openvoice_artifact_endpoint_rejects_expired_signature __________

monkeypatch = <_pytest.monkeypatch.MonkeyPatch object at 0x0000027045E25490>
tmp_path = WindowsPath('C:/Users/1wasi/AppData/Local/Temp/pytest-of-1wasi/pytest-2146/test_openvoice_artifact_endpoi1')

    def test_openvoice_artifact_endpoint_rejects_expired_signature(monkeypatch, tmp_path: Path) -> None:
        monkeypatch.setattr(backend_app, "VF_AUTH_ENFORCE", False)
>       monkeypatch.setattr(backend_app, "OPENVOICE_ARTIFACT_ROOT", tmp_path.resolve())
E       AttributeError: <module 'app' from 'C:\\Users\\1wasi\\OneDrive\\Desktop\\voice-Flow\\backend\\app.py'> has no attribute 'OPENVOICE_ARTIFACT_ROOT'

tests\test_openvoice_artifact_security.py:63: AttributeError
_ test_openvoice_artifact_endpoint_allows_signed_link_without_auth_header_in_dev_mode _

monkeypatch = <_pytest.monkeypatch.MonkeyPatch object at 0x000002704589E310>
tmp_path = WindowsPath('C:/Users/1wasi/AppData/Local/Temp/pytest-of-1wasi/pytest-2146/test_openvoice_artifact_endpoi2')

    def test_openvoice_artifact_endpoint_allows_signed_link_without_auth_header_in_dev_mode(monkeypatch, tmp_path: Path) -> None:
        monkeypatch.setattr(backend_app, "VF_AUTH_ENFORCE", False)
>       monkeypatch.setattr(backend_app, "OPENVOICE_ARTIFACT_ROOT", tmp_path.resolve())
E       AttributeError: <module 'app' from 'C:\\Users\\1wasi\\OneDrive\\Desktop\\voice-Flow\\backend\\app.py'> has no attribute 'OPENVOICE_ARTIFACT_ROOT'

tests\test_openvoice_artifact_security.py:88: AttributeError
__________ test_openvoice_artifact_endpoint_rejects_signature_replay __________

monkeypatch = <_pytest.monkeypatch.MonkeyPatch object at 0x0000027045EDF790>
tmp_path = WindowsPath('C:/Users/1wasi/AppData/Local/Temp/pytest-of-1wasi/pytest-2146/test_openvoice_artifact_endpoi3')

    def test_openvoice_artifact_endpoint_rejects_signature_replay(monkeypatch, tmp_path: Path) -> None:
        monkeypatch.setattr(backend_app, "VF_AUTH_ENFORCE", False)
>       monkeypatch.setattr(backend_app, "OPENVOICE_ARTIFACT_ROOT", tmp_path.resolve())
E       AttributeError: <module 'app' from 'C:\\Users\\1wasi\\OneDrive\\Desktop\\voice-Flow\\backend\\app.py'> has no attribute 'OPENVOICE_ARTIFACT_ROOT'

tests\test_openvoice_artifact_security.py:114: AttributeError
______ test_openvoice_artifact_endpoint_requires_auth_when_auth_enforced ______

monkeypatch = <_pytest.monkeypatch.MonkeyPatch object at 0x000002702DCF9190>
tmp_path = WindowsPath('C:/Users/1wasi/AppData/Local/Temp/pytest-of-1wasi/pytest-2146/test_openvoice_artifact_endpoi4')

    def test_openvoice_artifact_endpoint_requires_auth_when_auth_enforced(monkeypatch, tmp_path: Path) -> None:
        monkeypatch.setattr(backend_app, "VF_AUTH_ENFORCE", True)
>       monkeypatch.setattr(backend_app, "OPENVOICE_ARTIFACT_ROOT", tmp_path.resolve())
E       AttributeError: <module 'app' from 'C:\\Users\\1wasi\\OneDrive\\Desktop\\voice-Flow\\backend\\app.py'> has no attribute 'OPENVOICE_ARTIFACT_ROOT'

tests\test_openvoice_artifact_security.py:144: AttributeError
___________ test_openvoice_artifact_signature_rejects_uid_mismatch ____________

monkeypatch = <_pytest.monkeypatch.MonkeyPatch object at 0x00000270454AC390>

    def test_openvoice_artifact_signature_rejects_uid_mismatch(monkeypatch) -> None:
        monkeypatch.setattr(openvoice_modal, "OPENVOICE_ARTIFACT_SECRET", "test-secret")
    
        owner_uid = "owner_uid_123"
        other_uid = "other_uid_456"
>       artifact_id = f"{backend_app._openvoice_artifact_uid_prefix(owner_uid)}_sample_req"
                         ^^^^^^^^^^^^^^^^^^^^^^^^^^^^^^^^^^^^^^^^^^
E       AttributeError: module 'app' has no attribute '_openvoice_artifact_uid_prefix'

tests\test_openvoice_artifact_security.py:179: AttributeError
_ test_voice_clone_openvoice_separate_returns_503_when_artifact_signing_is_missing _

monkeypatch = <_pytest.monkeypatch.MonkeyPatch object at 0x0000027046874690>

    def test_voice_clone_openvoice_separate_returns_503_when_artifact_signing_is_missing(monkeypatch) -> None:
        monkeypatch.setattr(backend_app, "_require_request_uid", lambda request: "test-uid")
        monkeypatch.setattr(openvoice_modal, "OPENVOICE_ARTIFACT_SECRET", "")
        monkeypatch.setattr(openvoice_modal, "OPENVOICE_DEV_ALLOW_EPHEMERAL_SECRET", False)
    
>       payload = backend_app.OpenVoiceStemSeparationRequest(
                  ^^^^^^^^^^^^^^^^^^^^^^^^^^^^^^^^^^^^^^^^^^
            sourceAudioBase64=base64.b64encode(b"RIFFsample").decode("ascii"),
            sourceAudioName="mix.wav",
            requestId="sep-missing-secret",
            traceId="trace-missing-secret",
        )
E       AttributeError: module 'app' has no attribute 'OpenVoiceStemSeparationRequest'

tests\test_openvoice_artifact_security.py:206: AttributeError
__________ test_openvoice_benchmark_uses_cloud_tts_and_openvoice_vc ___________

monkeypatch = <_pytest.monkeypatch.MonkeyPatch object at 0x0000027045890C50>
tmp_path = WindowsPath('C:/Users/1wasi/AppData/Local/Temp/pytest-of-1wasi/pytest-2146/test_openvoice_benchmark_uses_0')

    def test_openvoice_benchmark_uses_cloud_tts_and_openvoice_vc(monkeypatch, tmp_path):
        tts_audio = _build_wav_bytes(duration_sec=0.25)
        vc_audio = _build_wav_bytes(duration_sec=0.25)
    
        tts_calls: list[dict[str, object]] = []
    
        def _fake_tts_synthesize(payload, text=None, lane_id=None):  # noqa: ANN001
            tts_calls.append({
                "payload": dict(payload or {}),
                "text": text,
                "laneId": lane_id,
            })
            return {"audioBytes": tts_audio, "mediaType": "audio/wav", "headers": {}}
    
        class FakeOpenVoiceClient:
            def __init__(self) -> None:
                self.calls: list[dict[str, object]] = []
    
            def health(self) -> dict[str, object]:
                return {"ok": True, "state": "online", "detail": "voice clone ready", "device": "cuda:0", "warm": True}
    
            def capabilities(self) -> dict[str, object]:
                return {"ok": True, "engine": "SEED_VC", "supportsVC": True}
    
            def vc(self, payload, *, timeout_sec=None):
                self.calls.append(dict(payload))
                audio_b64 = base64.b64encode(vc_audio).decode("ascii")
                return {
                    "ok": True,
                    "status": "completed",
                    "requestId": str(payload.get("requestId") or "req"),
                    "traceId": str(payload.get("traceId") or "trace"),
                    "mode": "vc",
                    "runKind": payload.get("runKind") or "warm",
                    "language": payload.get("language") or "EN",
                    "textChars": len(str(payload.get("text") or "")),
                    "targetDurationSec": int(payload.get("durationSec") or 1),
                    "timings": {
                        "loadMs": 12,
                        "ttsMs": 0,
                        "vcMs": 24,
                        "queueWaitMs": 0,
                        "firstAudioMs": 24,
                        "totalMs": 24,
                        "gpuSeconds": 0.024,
                    },
                    "cost": {
                        "gpuRatePerSecondUsd": 0.000222,
                        "costMultiplier": 1.0,
                        "gpuCostUsd": 0.000005,
                        "cpuCostUsd": 0.0,
                        "estimatedCostUsd": 0.000005,
                        "estimatedOneHourUsd": 0.0003,
                        "estimatedOneDayUsd": 0.0072,
                    },
                    "runtime": {
                        "device": "cuda:0",
                        "warmStartObserved": True,
                        "referenceCacheEntries": 2,
                        "sourceCacheEntries": 1,
                        "loadedLanguages": [],
                        "vcProvider": "seed-vc-gpu",
                    },
                    "artifact": {
                        "artifactId": "ov123",
                        "fileName": "ov123.wav",
                        "contentType": "audio/wav",
                        "downloadUrl": "/voice-lab/voice-clone/artifacts/ov123?sig=test",
                        "sizeBytes": len(vc_audio),
                        "durationSec": 0.25,
                    },
                    "audioBase64": audio_b64,
                    "notes": ["mock-vc"],
                }
    
        def _save_artifact(audio_bytes: bytes, artifact_id: str):
            return types.SimpleNamespace(
                artifact_id=artifact_id,
                file_name=f"{artifact_id}.wav",
                content_type="audio/wav",
                size_bytes=len(audio_bytes),
            )
    
        monkeypatch.setattr(backend_app, "_require_request_uid", lambda request: "test-uid")
        monkeypatch.setattr(backend_app, "_request_is_admin", lambda request, uid: True)
>       monkeypatch.setattr(backend_app, "save_openvoice_artifact", _save_artifact)
E       AttributeError: <module 'backend.app' from 'C:\\Users\\1wasi\\OneDrive\\Desktop\\voice-Flow\\backend\\app.py'> has no attribute 'save_openvoice_artifact'

tests\test_openvoice_benchmark_modal_split.py:126: AttributeError
____ test_openvoice_benchmark_extracts_source_vocals_with_demucs_fast_cpu _____

monkeypatch = <_pytest.monkeypatch.MonkeyPatch object at 0x000002704588C550>
tmp_path = WindowsPath('C:/Users/1wasi/AppData/Local/Temp/pytest-of-1wasi/pytest-2146/test_openvoice_benchmark_extra0')

    def test_openvoice_benchmark_extracts_source_vocals_with_demucs_fast_cpu(monkeypatch, tmp_path):
        reference_audio = _build_wav_bytes(duration_sec=0.2)
        source_mix_audio = _build_wav_bytes(duration_sec=0.5)
        extracted_vocals_audio = _build_wav_bytes(duration_sec=0.4)
        vc_audio = _build_wav_bytes(duration_sec=0.3)
    
        speech_path = tmp_path / "speech.wav"
        speech_path.write_bytes(extracted_vocals_audio)
        background_path = tmp_path / "background.wav"
        background_path.write_bytes(_build_wav_bytes(duration_sec=0.4))
        separation_calls: list[dict[str, object]] = []
    
        class FakeOpenVoiceClient:
            def __init__(self) -> None:
                self.calls: list[dict[str, object]] = []
    
            def vc(self, payload, *, timeout_sec=None):
                self.calls.append(dict(payload))
                return {
                    "ok": True,
                    "status": "completed",
                    "requestId": str(payload.get("requestId") or "req"),
                    "traceId": str(payload.get("traceId") or "trace"),
                    "mode": "vc",
                    "runKind": payload.get("runKind") or "warm",
                    "language": payload.get("language") or "EN",
                    "timings": {"vcMs": 12, "gpuSeconds": 0.012},
                    "runtime": {"device": "cuda:0", "vcProvider": "seed-vc-gpu"},
                    "cost": {"gpuRatePerSecondUsd": 0.000222},
                    "audioBase64": base64.b64encode(vc_audio).decode("ascii"),
                    "notes": ["mock-vc"],
                }
    
        def _fake_ensure_source_separation(source_path, model_name, *, device_preference=None, trim_window_key=""):
            separation_calls.append(
                {
                    "sourcePath": str(source_path),
                    "model": str(model_name),
                    "devicePreference": str(device_preference or ""),
                    "trimWindowKey": str(trim_window_key or ""),
                    "sourceExists": Path(source_path).exists(),
                }
            )
            return speech_path, background_path, "cache-fast-cpu"
    
        def _save_artifact(audio_bytes: bytes, artifact_id: str):
            return types.SimpleNamespace(
                artifact_id=artifact_id,
                file_name=f"{artifact_id}.wav",
                content_type="audio/wav",
                size_bytes=len(audio_bytes),
            )
    
        def _fake_charge(**kwargs):
            _ = kwargs
            return {
                "enabled": False,
                "reservedUnits": 0.0,
                "consumedUnits": 0.0,
                "chargedInr": 0.0,
                "rateInrPerMin": 1.2,
                "rateVcUnitsPerMin": 1.0,
                "durationSec": 0.0,
                "billableDurationSec": 0.0,
                "rule": "duration_minutes_x_vc_rate",
                "breakdown": {"vcFree": 0.0, "vcPaid": 0.0},
                "remaining": {"vcFreeBalance": 0.0, "vcPaidBalance": 0.0},
                "idempotentReuse": False,
            }
    
        def _fake_charge(**kwargs):
            _ = kwargs
            return {
                "enabled": False,
                "reservedUnits": 0.0,
                "consumedUnits": 0.0,
                "chargedInr": 0.0,
                "rateInrPerMin": 1.2,
                "rateVcUnitsPerMin": 1.0,
                "durationSec": 0.0,
                "billableDurationSec": 0.0,
                "rule": "duration_minutes_x_vc_rate",
                "breakdown": {"vcFree": 0.0, "vcPaid": 0.0},
                "remaining": {"vcFreeBalance": 0.0, "vcPaidBalance": 0.0},
                "idempotentReuse": False,
            }
    
        monkeypatch.setattr(backend_app, "_require_request_uid", lambda request: "test-uid")
        monkeypatch.setattr(backend_app, "_request_is_admin", lambda request, uid: True)
        monkeypatch.setattr(backend_app, "_ensure_source_separation", _fake_ensure_source_separation)
>       monkeypatch.setattr(backend_app, "save_openvoice_artifact", _save_artifact)
E       AttributeError: <module 'backend.app' from 'C:\\Users\\1wasi\\OneDrive\\Desktop\\voice-Flow\\backend\\app.py'> has no attribute 'save_openvoice_artifact'

tests\test_openvoice_benchmark_modal_split.py:258: AttributeError
__________________ test_voice_clone_alias_forces_vc_and_warm __________________

monkeypatch = <_pytest.monkeypatch.MonkeyPatch object at 0x000002703F169750>

    def test_voice_clone_alias_forces_vc_and_warm(monkeypatch):
        captured: dict[str, object] = {}
    
        def _fake_openvoice_payload(payload, request, uid=None, is_admin=False):
            captured["mode"] = payload.mode
            captured["runKind"] = payload.runKind
            captured["request"] = request
            captured["uid"] = uid
            captured["isAdmin"] = is_admin
            return {"ok": True, "mode": payload.mode, "runKind": payload.runKind, "source": "seed-vc-vc"}
    
>       monkeypatch.setattr(backend_app, "_openvoice_benchmark_payload", _fake_openvoice_payload)
E       AttributeError: <module 'backend.app' from 'C:\\Users\\1wasi\\OneDrive\\Desktop\\voice-Flow\\backend\\app.py'> has no attribute '_openvoice_benchmark_payload'

tests\test_openvoice_benchmark_modal_split.py:312: AttributeError
_________ test_voice_clone_openvoice_route_reuses_idempotent_response _________

monkeypatch = <_pytest.monkeypatch.MonkeyPatch object at 0x0000027045ED4850>

    def test_voice_clone_openvoice_route_reuses_idempotent_response(monkeypatch):
>       backend_app._INMEMORY_REQUEST_IDEMPOTENCY.clear()
        ^^^^^^^^^^^^^^^^^^^^^^^^^^^^^^^^^^^^^^^^^
E       AttributeError: module 'backend.app' has no attribute '_INMEMORY_REQUEST_IDEMPOTENCY'

tests\test_openvoice_benchmark_modal_split.py:341: AttributeError
_______ test_voice_clone_openvoice_separate_reuses_idempotent_response ________

monkeypatch = <_pytest.monkeypatch.MonkeyPatch object at 0x000002704588FE10>
tmp_path = WindowsPath('C:/Users/1wasi/AppData/Local/Temp/pytest-of-1wasi/pytest-2146/test_voice_clone_openvoice_sep1')

    def test_voice_clone_openvoice_separate_reuses_idempotent_response(monkeypatch, tmp_path):
>       backend_app._INMEMORY_REQUEST_IDEMPOTENCY.clear()
        ^^^^^^^^^^^^^^^^^^^^^^^^^^^^^^^^^^^^^^^^^
E       AttributeError: module 'backend.app' has no attribute '_INMEMORY_REQUEST_IDEMPOTENCY'

tests\test_openvoice_benchmark_modal_split.py:379: AttributeError
________ test_voice_clone_openvoice_separate_returns_demucs_artifacts _________

monkeypatch = <_pytest.monkeypatch.MonkeyPatch object at 0x000002704670CB10>
tmp_path = WindowsPath('C:/Users/1wasi/AppData/Local/Temp/pytest-of-1wasi/pytest-2146/test_voice_clone_openvoice_sep2')

    def test_voice_clone_openvoice_separate_returns_demucs_artifacts(monkeypatch, tmp_path):
        source_mix_audio = _build_wav_bytes(duration_sec=0.5)
        extracted_vocals_audio = _build_wav_bytes(duration_sec=0.4)
        extracted_background_audio = _build_wav_bytes(duration_sec=0.4)
    
        speech_path = tmp_path / "speech.wav"
        speech_path.write_bytes(extracted_vocals_audio)
        background_path = tmp_path / "background.wav"
        background_path.write_bytes(extracted_background_audio)
        separation_calls: list[dict[str, object]] = []
    
        def _fake_ensure_source_separation(source_path, model_name, *, device_preference=None, trim_window_key=""):
            separation_calls.append(
                {
                    "sourcePath": str(source_path),
                    "model": str(model_name),
                    "devicePreference": str(device_preference or ""),
                    "trimWindowKey": str(trim_window_key or ""),
                    "sourceExists": Path(source_path).exists(),
                }
            )
            return speech_path, background_path, "cache-stems-1"
    
        def _fake_charge(**kwargs):
            _ = kwargs
            return {
                "enabled": False,
                "reservedUnits": 0.0,
                "consumedUnits": 0.0,
                "chargedInr": 0.0,
                "rateInrPerMin": 1.2,
                "rateVcUnitsPerMin": 1.0,
                "durationSec": 0.4,
                "billableDurationSec": 0.4,
                "rule": "duration_minutes_x_vc_rate",
                "breakdown": {"vcFree": 0.0, "vcPaid": 0.0},
                "remaining": {"vcFreeBalance": 0.0, "vcPaidBalance": 0.0},
                "idempotentReuse": False,
            }
    
        def _save_artifact(audio_bytes: bytes, artifact_id: str):
            return types.SimpleNamespace(
                artifact_id=artifact_id,
                file_name=f"{artifact_id}.wav",
                content_type="audio/wav",
                size_bytes=len(audio_bytes),
            )
    
        def _fake_charge(**kwargs):
            _ = kwargs
            return {
                "enabled": False,
                "reservedUnits": 0.0,
                "consumedUnits": 0.0,
                "chargedInr": 0.0,
                "rateInrPerMin": 1.2,
                "rateVcUnitsPerMin": 1.0,
                "durationSec": 0.0,
                "billableDurationSec": 0.0,
                "rule": "duration_minutes_x_vc_rate",
                "breakdown": {"vcFree": 0.0, "vcPaid": 0.0},
                "remaining": {"vcFreeBalance": 0.0, "vcPaidBalance": 0.0},
                "idempotentReuse": False,
            }
    
        monkeypatch.setattr(backend_app, "_require_request_uid", lambda request: "test-uid")
        monkeypatch.setattr(backend_app, "_ensure_source_separation", _fake_ensure_source_separation)
>       monkeypatch.setattr(backend_app, "_charge_voice_clone_separation_vc", _fake_charge)
E       AttributeError: <module 'backend.app' from 'C:\\Users\\1wasi\\OneDrive\\Desktop\\voice-Flow\\backend\\app.py'> has no attribute '_charge_voice_clone_separation_vc'

tests\test_openvoice_benchmark_modal_split.py:522: AttributeError
_ test_voice_clone_openvoice_separate_prefers_modal_runtime_and_reports_vc_billing _

monkeypatch = <_pytest.monkeypatch.MonkeyPatch object at 0x0000027046724190>

    def test_voice_clone_openvoice_separate_prefers_modal_runtime_and_reports_vc_billing(monkeypatch):
        source_mix_audio = _build_wav_bytes(duration_sec=0.5)
        extracted_vocals_audio = _build_wav_bytes(duration_sec=0.4)
        extracted_background_audio = _build_wav_bytes(duration_sec=0.4)
        modal_calls: list[dict[str, object]] = []
    
        def _fake_modal_separation(**kwargs):
            modal_calls.append(dict(kwargs))
            return (
                extracted_vocals_audio,
                extracted_background_audio,
                {
                    "enabled": True,
                    "pipeline": "demucs",
                    "model": "htdemucs_ft",
                    "device": "cpu_only",
                    "cacheKey": "modal-cache-key",
                    "timeoutSec": 45,
                    "trimApplied": False,
                    "durationSec": 0.4,
                    "provider": "modal",
                    "providerLabel": "modal-runtime",
                },
                123,
                ["source_audio_vocals_extracted_demucs_modal"],
            )
    
        def _unexpected_local(*args, **kwargs):
            raise AssertionError("Local demucs fallback should not run when modal separation succeeds.")
    
        def _fake_charge(**kwargs):
            _ = kwargs
            return {
                "enabled": True,
                "reservedUnits": 0.4,
                "consumedUnits": 0.4,
                "chargedInr": 0.48,
                "rateInrPerMin": 1.2,
                "rateVcUnitsPerMin": 1.0,
                "durationSec": 0.4,
                "billableDurationSec": 0.4,
                "rule": "duration_minutes_x_vc_rate",
                "breakdown": {"vcFree": 0.4, "vcPaid": 0.0},
                "remaining": {"vcFreeBalance": 9.6, "vcPaidBalance": 5.0},
                "idempotentReuse": False,
                "transactionId": "tx_modal_sep_1",
            }
    
        def _save_artifact(audio_bytes: bytes, artifact_id: str):
            return types.SimpleNamespace(
                artifact_id=artifact_id,
                file_name=f"{artifact_id}.wav",
                content_type="audio/wav",
                size_bytes=len(audio_bytes),
            )
    
        monkeypatch.setattr(backend_app, "_require_request_uid", lambda request: "test-uid")
>       monkeypatch.setattr(backend_app, "VF_VOICE_CLONE_SEPARATION_MODAL_ENABLED", True)
E       AttributeError: <module 'backend.app' from 'C:\\Users\\1wasi\\OneDrive\\Desktop\\voice-Flow\\backend\\app.py'> has no attribute 'VF_VOICE_CLONE_SEPARATION_MODAL_ENABLED'

tests\test_openvoice_benchmark_modal_split.py:609: AttributeError
__ test_voice_clone_openvoice_separate_falls_back_to_local_when_modal_errors __

monkeypatch = <_pytest.monkeypatch.MonkeyPatch object at 0x00000270460C6ED0>
tmp_path = WindowsPath('C:/Users/1wasi/AppData/Local/Temp/pytest-of-1wasi/pytest-2146/test_voice_clone_openvoice_sep4')

    def test_voice_clone_openvoice_separate_falls_back_to_local_when_modal_errors(monkeypatch, tmp_path):
        source_mix_audio = _build_wav_bytes(duration_sec=0.5)
        extracted_vocals_audio = _build_wav_bytes(duration_sec=0.4)
        extracted_background_audio = _build_wav_bytes(duration_sec=0.4)
        local_calls: list[dict[str, object]] = []
    
        speech_path = tmp_path / "speech.wav"
        speech_path.write_bytes(extracted_vocals_audio)
        background_path = tmp_path / "background.wav"
        background_path.write_bytes(extracted_background_audio)
    
        def _failing_modal(**kwargs):
            _ = kwargs
            raise RuntimeError("modal separation unavailable")
    
        def _fake_local(source_path, model_name, *, device_preference=None, trim_window_key=""):
            local_calls.append(
                {
                    "sourcePath": str(source_path),
                    "model": str(model_name),
                    "devicePreference": str(device_preference or ""),
                    "trimWindowKey": str(trim_window_key or ""),
                    "sourceExists": Path(source_path).exists(),
                }
            )
            return speech_path, background_path, "cache-local-fallback"
    
        def _fake_charge(**kwargs):
            _ = kwargs
            return {
                "enabled": False,
                "reservedUnits": 0.0,
                "consumedUnits": 0.0,
                "chargedInr": 0.0,
                "rateInrPerMin": 1.2,
                "rateVcUnitsPerMin": 1.0,
                "durationSec": 0.4,
                "billableDurationSec": 0.4,
                "rule": "duration_minutes_x_vc_rate",
                "breakdown": {"vcFree": 0.0, "vcPaid": 0.0},
                "remaining": {"vcFreeBalance": 0.0, "vcPaidBalance": 0.0},
                "idempotentReuse": False,
            }
    
        def _save_artifact(audio_bytes: bytes, artifact_id: str):
            return types.SimpleNamespace(
                artifact_id=artifact_id,
                file_name=f"{artifact_id}.wav",
                content_type="audio/wav",
                size_bytes=len(audio_bytes),
            )
    
        monkeypatch.setattr(backend_app, "_require_request_uid", lambda request: "test-uid")
>       monkeypatch.setattr(backend_app, "VF_VOICE_CLONE_SEPARATION_MODAL_ENABLED", True)
E       AttributeError: <module 'backend.app' from 'C:\\Users\\1wasi\\OneDrive\\Desktop\\voice-Flow\\backend\\app.py'> has no attribute 'VF_VOICE_CLONE_SEPARATION_MODAL_ENABLED'

tests\test_openvoice_benchmark_modal_split.py:691: AttributeError
____ test_voice_clone_openvoice_separate_rejects_oversized_source_payload _____

monkeypatch = <_pytest.monkeypatch.MonkeyPatch object at 0x000002704673E890>

    def test_voice_clone_openvoice_separate_rejects_oversized_source_payload(monkeypatch):
        monkeypatch.setattr(backend_app, "_require_request_uid", lambda request: "test-uid")
        monkeypatch.setattr("services.openvoice_modal.OPENVOICE_MAX_AUDIO_BYTES", 8)
        monkeypatch.setattr("services.openvoice_modal.OPENVOICE_MAX_AUDIO_BASE64_CHARS", 64)
    
>       payload = backend_app.OpenVoiceStemSeparationRequest(
                  ^^^^^^^^^^^^^^^^^^^^^^^^^^^^^^^^^^^^^^^^^^
            sourceAudioBase64=base64.b64encode(b"0123456789").decode("ascii"),
            sourceAudioName="mix.wav",
            requestId="sep-too-large",
            traceId="trace-sep-too-large",
        )
E       AttributeError: module 'backend.app' has no attribute 'OpenVoiceStemSeparationRequest'

tests\test_openvoice_benchmark_modal_split.py:725: AttributeError
________ test_voice_clone_openvoice_separate_applies_trim_server_side _________

monkeypatch = <_pytest.monkeypatch.MonkeyPatch object at 0x0000027046718AD0>
tmp_path = WindowsPath('C:/Users/1wasi/AppData/Local/Temp/pytest-of-1wasi/pytest-2146/test_voice_clone_openvoice_sep6')

    def test_voice_clone_openvoice_separate_applies_trim_server_side(monkeypatch, tmp_path):
        source_mix_audio = _build_wav_bytes(duration_sec=0.5)
        trimmed_source_audio = _build_wav_bytes(duration_sec=0.2)
        extracted_vocals_audio = _build_wav_bytes(duration_sec=0.3)
        extracted_background_audio = _build_wav_bytes(duration_sec=0.3)
        trim_calls: list[dict[str, object]] = []
        separation_calls: list[dict[str, object]] = []
    
        speech_path = tmp_path / "speech.wav"
        speech_path.write_bytes(extracted_vocals_audio)
        background_path = tmp_path / "background.wav"
        background_path.write_bytes(extracted_background_audio)
    
        def _fake_trim_media_to_clip_window(source_path, output_path, *, start_ms, end_ms):
            trim_calls.append(
                {
                    "sourcePath": str(source_path),
                    "outputPath": str(output_path),
                    "startMs": int(start_ms),
                    "endMs": int(end_ms),
                }
            )
            Path(output_path).write_bytes(trimmed_source_audio)
            return output_path
    
        def _fake_ensure_source_separation(source_path, model_name, *, device_preference=None, trim_window_key=""):
            separation_calls.append(
                {
                    "sourcePath": str(source_path),
                    "model": str(model_name),
                    "devicePreference": str(device_preference or ""),
                    "trimWindowKey": str(trim_window_key or ""),
                    "sourceExists": Path(source_path).exists(),
                }
            )
            return speech_path, background_path, "cache-trimmed-1"
    
        def _fake_charge(**kwargs):
            _ = kwargs
            return {
                "enabled": False,
                "reservedUnits": 0.0,
                "consumedUnits": 0.0,
                "chargedInr": 0.0,
                "rateInrPerMin": 1.2,
                "rateVcUnitsPerMin": 1.0,
                "durationSec": 0.3,
                "billableDurationSec": 0.3,
                "rule": "duration_minutes_x_vc_rate",
                "breakdown": {"vcFree": 0.0, "vcPaid": 0.0},
                "remaining": {"vcFreeBalance": 0.0, "vcPaidBalance": 0.0},
                "idempotentReuse": False,
            }
    
        def _save_artifact(audio_bytes: bytes, artifact_id: str):
            return types.SimpleNamespace(
                artifact_id=artifact_id,
                file_name=f"{artifact_id}.wav",
                content_type="audio/wav",
                size_bytes=len(audio_bytes),
            )
    
        monkeypatch.setattr(backend_app, "_require_request_uid", lambda request: "test-uid")
        monkeypatch.setattr(backend_app, "_trim_media_to_clip_window", _fake_trim_media_to_clip_window)
        monkeypatch.setattr(backend_app, "_ensure_source_separation", _fake_ensure_source_separation)
>       monkeypatch.setattr(backend_app, "_charge_voice_clone_separation_vc", _fake_charge)
E       AttributeError: <module 'backend.app' from 'C:\\Users\\1wasi\\OneDrive\\Desktop\\voice-Flow\\backend\\app.py'> has no attribute '_charge_voice_clone_separation_vc'

tests\test_openvoice_benchmark_modal_split.py:804: AttributeError
_______ test_voice_clone_openvoice_separate_rejects_invalid_trim_window _______

monkeypatch = <_pytest.monkeypatch.MonkeyPatch object at 0x000002704670FDD0>

    def test_voice_clone_openvoice_separate_rejects_invalid_trim_window(monkeypatch):
        monkeypatch.setattr(backend_app, "_require_request_uid", lambda request: "test-uid")
>       monkeypatch.setattr(backend_app, "build_openvoice_artifact_url", lambda artifact_id, **_: f"/artifacts/{artifact_id}")
E       AttributeError: <module 'backend.app' from 'C:\\Users\\1wasi\\OneDrive\\Desktop\\voice-Flow\\backend\\app.py'> has no attribute 'build_openvoice_artifact_url'

tests\test_openvoice_benchmark_modal_split.py:839: AttributeError
____________ test_source_separation_cache_key_includes_trim_window ____________

tmp_path = WindowsPath('C:/Users/1wasi/AppData/Local/Temp/pytest-of-1wasi/pytest-2146/test_source_separation_cache_k0')

    def test_source_separation_cache_key_includes_trim_window(tmp_path):
        source_path = tmp_path / "source.mp3"
        source_path.write_bytes(b"source-bytes")
    
>       base_key = backend_app._build_source_separation_cache_key(source_path, "htdemucs_ft", "cpu_only", "")
                   ^^^^^^^^^^^^^^^^^^^^^^^^^^^^^^^^^^^^^^^^^^^^^^^^^^^^^^^^^^^^^^^^^^^^^^^^^^^^^^^^^^^^^^^^^^
E       TypeError: _build_source_separation_cache_key() takes 2 positional arguments but 4 were given

tests\test_openvoice_benchmark_modal_split.py:861: TypeError
_____ test_voice_clone_separation_vc_billing_quote_uses_per_minute_rates ______

monkeypatch = <_pytest.monkeypatch.MonkeyPatch object at 0x00000270460C68D0>

    def test_voice_clone_separation_vc_billing_quote_uses_per_minute_rates(monkeypatch):
>       monkeypatch.setattr(backend_app, "VF_VOICE_CLONE_SEPARATION_BILLING_ENABLED", True)
E       AttributeError: <module 'backend.app' from 'C:\\Users\\1wasi\\OneDrive\\Desktop\\voice-Flow\\backend\\app.py'> has no attribute 'VF_VOICE_CLONE_SEPARATION_BILLING_ENABLED'

tests\test_openvoice_benchmark_modal_split.py:871: AttributeError
______________ test_extract_watermark_returns_authenticity_only _______________

monkeypatch = <_pytest.monkeypatch.MonkeyPatch object at 0x00000270467532D0>

    def test_extract_watermark_returns_authenticity_only(monkeypatch) -> None:
>       monkeypatch.setattr(backend_app, "extract_uid_from_watermark", lambda samples: "AUTHENTICATED_VOICEFLOW_CONTENT")
E       AttributeError: <module 'app' from 'C:\\Users\\1wasi\\OneDrive\\Desktop\\voice-Flow\\backend\\app.py'> has no attribute 'extract_uid_from_watermark'

tests\test_public_watermark_and_publisher_contracts.py:26: AttributeError
_____________ test_extract_watermark_rejects_unsupported_formats ______________

    def test_extract_watermark_rejects_unsupported_formats() -> None:
        response = client.post(
            "/api/v2/extract-watermark",
            files={"file": ("proof.mp3", b"not-a-wav", "audio/mpeg")},
        )
    
>       assert response.status_code == 400
E       assert 401 == 400
E        +  where 401 = <Response [401 Unauthorized]>.status_code

tests\test_public_watermark_and_publisher_contracts.py:47: AssertionError
_________ test_runtime_contract_script_classifies_backend_unreachable _________

    def test_runtime_contract_script_classifies_backend_unreachable() -> None:
        result = _run_contract_script(media_backend_url="http://127.0.0.1:9", timeout_ms=120, retries=0, backoff_ms=20)
        assert result.returncode != 0
        report = _read_report()
>       assert report["passed"] is False
E       assert True is False

tests\test_runtime_contracts_script.py:55: AssertionError
________ test_runtime_contract_script_allows_auth_challenge_preflight _________

    def test_runtime_contract_script_allows_auth_challenge_preflight() -> None:
        class AuthPreflightHandler(BaseHTTPRequestHandler):
            def do_GET(self) -> None:  # noqa: N802
                if self.path == "/":
                    body = json.dumps({"detail": "Missing bearer token."}).encode("utf-8")
                    self.send_response(401)
                    self.send_header("content-type", "application/json")
                    self.send_header("content-length", str(len(body)))
                    self.end_headers()
                    self.wfile.write(body)
                    return
                if self.path == "/tts/engines/capabilities":
                    payload = {
                        "engines": {
                            "PRIME": _engine_capability("GEMINI"),
                            "VECTOR": _engine_capability("VECTOR"),
                        }
                    }
                    body = json.dumps(payload).encode("utf-8")
                    self.send_response(200)
                    self.send_header("content-type", "application/json")
                    self.send_header("content-length", str(len(body)))
                    self.end_headers()
                    self.wfile.write(body)
                    return
                self.send_response(404)
                self.end_headers()
    
            def log_message(self, format: str, *args) -> None:  # noqa: A003
                _ = format, args
    
        server = HTTPServer(("127.0.0.1", 0), AuthPreflightHandler)
        thread = threading.Thread(target=server.serve_forever, daemon=True)
        thread.start()
        base_url = f"http://127.0.0.1:{server.server_address[1]}"
    
        try:
            result = _run_contract_script(media_backend_url=base_url, timeout_ms=180, retries=0, backoff_ms=20)
>           assert result.returncode == 0, result.stderr
E           AssertionError: file:///C:/Users/1wasi/OneDrive/Desktop/voice-Flow/backend/scripts/lib/audit-helpers.mjs:71
E                 const error = new Error(authError);
E                               ^
E             
E             Error: [test:contracts] bearer token required because VF_AUTH_ENFORCE=1. Set AUDIT_BEARER_TOKEN (recommended: npm run audit:auth:bootstrap). AUDIT_ALLOW_DEV_UID does not bypass enforced auth.
E                 at buildAuditHeaders (file:///C:/Users/1wasi/OneDrive/Desktop/voice-Flow/backend/scripts/lib/audit-helpers.mjs:71:19)
E                 at file:///C:/Users/1wasi/OneDrive/Desktop/voice-Flow/backend/scripts/test-runtime-contracts.mjs:12:48
E                 at ModuleJob.run (node:internal/modules/esm/module_job:430:25)
E                 at async onImport.tracePromise.__proto__ (node:internal/modules/esm/loader:661:26)
E                 at async asyncRunEntryPointWithESMLoader (node:internal/modules/run_main:101:5) {
E               auditAuth: {
E                 scriptName: 'test:contracts',
E                 requireAuth: true,
E                 authEnforced: true,
E                 allowDevUid: false,
E                 devUidApplied: false,
E                 tokenPresent: false,
E                 devUid: 'local_admin',
E                 hasAuth: false,
E                 mode: 'none',
E                 headers: {},
E                 failureReason: 'bearer_required_auth_enforced',
E                 missingAuthMessage: '[test:contracts] bearer token required because VF_AUTH_ENFORCE=1. Set AUDIT_BEARER_TOKEN (recommended: npm run audit:auth:bootstrap). AUDIT_ALLOW_DEV_UID does not bypass enforced auth.'
E               }
E             }
E             
E             Node.js v24.13.1
E             
E           assert 1 == 0
E            +  where 1 = CompletedProcess(args=['node', 'C:\\Users\\1wasi\\OneDrive\\Desktop\\voice-Flow\\backend\\scripts\\test-runtime-contra...ded: npm run audit:auth:bootstrap). AUDIT_ALLOW_DEV_UID does not bypass enforced auth.'\n  }\n}\n\nNode.js v24.13.1\n").returncode

tests\test_runtime_contracts_script.py:100: AssertionError
__________ test_runtime_contract_script_retries_timeout_and_recovers __________

    def test_runtime_contract_script_retries_timeout_and_recovers() -> None:
        class RetryHandler(BaseHTTPRequestHandler):
            capabilities_calls = 0
    
            def do_GET(self) -> None:  # noqa: N802
                if self.path == "/":
                    body = json.dumps({"ok": True}).encode("utf-8")
                    self.send_response(200)
                    self.send_header("content-type", "application/json")
                    self.send_header("content-length", str(len(body)))
                    self.end_headers()
                    self.wfile.write(body)
                    return
                if self.path == "/tts/engines/capabilities":
                    RetryHandler.capabilities_calls += 1
                    if RetryHandler.capabilities_calls == 1:
                        time.sleep(0.35)
                    payload = {
                        "engines": {
                            "PRIME": _engine_capability("GEMINI"),
                            "VECTOR": _engine_capability("VECTOR"),
                        }
                    }
                    body = json.dumps(payload).encode("utf-8")
                    self.send_response(200)
                    self.send_header("content-type", "application/json")
                    self.send_header("content-length", str(len(body)))
                    self.end_headers()
                    try:
                        self.wfile.write(body)
                    except BrokenPipeError:
                        # First request is expected to time out and drop the socket.
                        pass
                    return
                self.send_response(404)
                self.end_headers()
    
            def log_message(self, format: str, *args) -> None:  # noqa: A003
                _ = format, args
    
        server = HTTPServer(("127.0.0.1", 0), RetryHandler)
        thread = threading.Thread(target=server.serve_forever, daemon=True)
        thread.start()
        base_url = f"http://127.0.0.1:{server.server_address[1]}"
    
        try:
            result = _run_contract_script(media_backend_url=base_url, timeout_ms=120, retries=2, backoff_ms=30)
>           assert result.returncode == 0, result.stderr
E           AssertionError: file:///C:/Users/1wasi/OneDrive/Desktop/voice-Flow/backend/scripts/lib/audit-helpers.mjs:71
E                 const error = new Error(authError);
E                               ^
E             
E             Error: [test:contracts] bearer token required because VF_AUTH_ENFORCE=1. Set AUDIT_BEARER_TOKEN (recommended: npm run audit:auth:bootstrap). AUDIT_ALLOW_DEV_UID does not bypass enforced auth.
E                 at buildAuditHeaders (file:///C:/Users/1wasi/OneDrive/Desktop/voice-Flow/backend/scripts/lib/audit-helpers.mjs:71:19)
E                 at file:///C:/Users/1wasi/OneDrive/Desktop/voice-Flow/backend/scripts/test-runtime-contracts.mjs:12:48
E                 at ModuleJob.run (node:internal/modules/esm/module_job:430:25)
E                 at async onImport.tracePromise.__proto__ (node:internal/modules/esm/loader:661:26)
E                 at async asyncRunEntryPointWithESMLoader (node:internal/modules/run_main:101:5) {
E               auditAuth: {
E                 scriptName: 'test:contracts',
E                 requireAuth: true,
E                 authEnforced: true,
E                 allowDevUid: false,
E                 devUidApplied: false,
E                 tokenPresent: false,
E                 devUid: 'local_admin',
E                 hasAuth: false,
E                 mode: 'none',
E                 headers: {},
E                 failureReason: 'bearer_required_auth_enforced',
E                 missingAuthMessage: '[test:contracts] bearer token required because VF_AUTH_ENFORCE=1. Set AUDIT_BEARER_TOKEN (recommended: npm run audit:auth:bootstrap). AUDIT_ALLOW_DEV_UID does not bypass enforced auth.'
E               }
E             }
E             
E             Node.js v24.13.1
E             
E           assert 1 == 0
E            +  where 1 = CompletedProcess(args=['node', 'C:\\Users\\1wasi\\OneDrive\\Desktop\\voice-Flow\\backend\\scripts\\test-runtime-contra...ded: npm run audit:auth:bootstrap). AUDIT_ALLOW_DEV_UID does not bypass enforced auth.'\n  }\n}\n\nNode.js v24.13.1\n").returncode

tests\test_runtime_contracts_script.py:157: AssertionError
____________ test_runtime_contract_script_reports_schema_violation ____________

    def test_runtime_contract_script_reports_schema_violation() -> None:
        class SchemaHandler(BaseHTTPRequestHandler):
            def do_GET(self) -> None:  # noqa: N802
                if self.path == "/":
                    body = json.dumps({"ok": True}).encode("utf-8")
                    self.send_response(200)
                    self.send_header("content-type", "application/json")
                    self.send_header("content-length", str(len(body)))
                    self.end_headers()
                    self.wfile.write(body)
                    return
                if self.path == "/tts/engines/capabilities":
                    body = json.dumps({"engines": {"PRIME": {"engine": "PRIME"}}}).encode("utf-8")
                    self.send_response(200)
                    self.send_header("content-type", "application/json")
                    self.send_header("content-length", str(len(body)))
                    self.end_headers()
                    self.wfile.write(body)
                    return
                self.send_response(404)
                self.end_headers()
    
            def log_message(self, format: str, *args) -> None:  # noqa: A003
                _ = format, args
    
        server = HTTPServer(("127.0.0.1", 0), SchemaHandler)
        thread = threading.Thread(target=server.serve_forever, daemon=True)
        thread.start()
        base_url = f"http://127.0.0.1:{server.server_address[1]}"
    
        try:
            result = _run_contract_script(media_backend_url=base_url, timeout_ms=180, retries=0, backoff_ms=20)
            assert result.returncode != 0
            report = _read_report()
>           assert report["passed"] is False
E           assert True is False

tests\test_runtime_contracts_script.py:202: AssertionError
_______ test_source_separation_runtime_falls_back_from_quantized_model ________

monkeypatch = <_pytest.monkeypatch.MonkeyPatch object at 0x000002704670EE10>

    def test_source_separation_runtime_falls_back_from_quantized_model(monkeypatch):
        runtime = backend_app.SourceSeparationRuntime()
        monkeypatch.setattr(runtime, "ensure_available", lambda: True)
    
        calls: list[str] = []
        fake_model = _FakeDemucsModel()
    
        def fake_get_model(*, name, repo=None):
            calls.append(str(name))
            if name == "mdx_extra_q":
                raise SystemExit(1)
            if name == "mdx_extra":
                return fake_model
            raise AssertionError(f"unexpected model name: {name}")
    
        monkeypatch.setitem(sys.modules, "demucs", types.SimpleNamespace())
        monkeypatch.setitem(sys.modules, "demucs.pretrained", types.SimpleNamespace(get_model=fake_get_model))
    
>       resolved = runtime.get_model("mdx_extra_q")
                   ^^^^^^^^^^^^^^^^^^^^^^^^^^^^^^^^

tests\test_source_separation_runtime.py:33: 
_ _ _ _ _ _ _ _ _ _ _ _ _ _ _ _ _ _ _ _ _ _ _ _ _ _ _ _ _ _ _ _ _ _ _ _ _ _ _ _
app.py:2812: in get_model
    model = get_model(name=normalized, repo=None)
            ^^^^^^^^^^^^^^^^^^^^^^^^^^^^^^^^^^^^^
_ _ _ _ _ _ _ _ _ _ _ _ _ _ _ _ _ _ _ _ _ _ _ _ _ _ _ _ _ _ _ _ _ _ _ _ _ _ _ _

    def fake_get_model(*, name, repo=None):
        calls.append(str(name))
        if name == "mdx_extra_q":
>           raise SystemExit(1)
E           SystemExit: 1

tests\test_source_separation_runtime.py:25: SystemExit
___________ test_support_ai_critical_tag_escalates_without_ai_reply ___________

monkeypatch = <_pytest.monkeypatch.MonkeyPatch object at 0x0000027046775ED0>

    def test_support_ai_critical_tag_escalates_without_ai_reply(monkeypatch) -> None:
        _reset_support_ai_state()
        _enable_support_ai(monkeypatch)
        backend_app._support_ai_policy_patch(
            {
                "enabled": True,
                "confidenceThreshold": 0.0,
                "maxAutoRepliesPerConversation": 2,
                "allowedActions": ["classify_message", "retrieve_kb_snippets", "emit_support_reply"],
                "blockedTopics": ["chargeback"],
                "requireHumanForTags": ["security"],
            },
            updated_by="test_support_ai",
        )
    
        client = TestClient(backend_app.app)
        response = client.post(
            "/support/messages",
            headers={"x-dev-uid": "critical_uid"},
            json={"text": "My account was hacked and I saw unauthorized access from another location."},
        )
    
        assert response.status_code == 200
        payload = response.json()
        assert payload["aiMode"] == "escalated"
>       assert str(payload.get("aiReason") or "").startswith("critical_tag:security")
E       AssertionError: assert False
E        +  where False = <built-in method startswith of str object at 0x0000027046774E30>('critical_tag:security')
E        +    where <built-in method startswith of str object at 0x0000027046774E30> = 'low_confidence'.startswith
E        +      where 'low_confidence' = str(('low_confidence'))
E        +        where 'low_confidence' = <built-in method get of dict object at 0x000002704671B900>('aiReason')
E        +          where <built-in method get of dict object at 0x000002704671B900> = {'aiMode': 'escalated', 'aiReason': 'low_confidence', 'conversation': {'assignedTo': '', 'conversationId': 'supc_6b14b...'conversationId': 'supc_6b14b0348420', 'createdAt': '2026-04-11T06:52:53.174452+00:00', 'fromType': 'user', ...}], ...}.get

tests\test_support_ai_autoreply.py:60: AssertionError
____ test_support_ai_non_critical_reply_uses_deterministic_limited_context ____

monkeypatch = <_pytest.monkeypatch.MonkeyPatch object at 0x0000027040596090>

    def test_support_ai_non_critical_reply_uses_deterministic_limited_context(monkeypatch) -> None:
        _reset_support_ai_state()
        _enable_support_ai(monkeypatch)
        backend_app._support_ai_policy_patch(
            {
                "enabled": True,
                "confidenceThreshold": 0.5,
                "maxAutoRepliesPerConversation": 2,
                "allowedActions": ["classify_message", "retrieve_kb_snippets", "emit_support_reply"],
                "blockedTopics": ["legal_notice", "fraud", "chargeback"],
                "requireHumanForTags": ["billing_dispute", "account_lock", "security"],
            },
            updated_by="test_support_ai",
        )
    
        uid = "noncritical_uid"
        backend_app._user_profile_upsert(
            uid,
            user_id="user_noncritical",
            created_by="test_support_ai",
            updated_by="test_support_ai",
            force_change=True,
            allow_existing_immutable=True,
        )
        backend_app._write_entitlement(
            uid,
            {
                "plan": "Pro",
                "status": "active",
                "paidVfBalance": 125.0,
                "vffBalance": 40.0,
                "monthlyVfLimit": 300000,
            },
        )
        monthly, daily = backend_app._usage_defaults(uid)
        monthly["vfUsed"] = 321.0
        daily["generationCount"] = 2
        backend_app._INMEMORY_USAGE_MONTHLY[backend_app._inmemory_usage_month_doc_id(uid)] = monthly
        backend_app._INMEMORY_USAGE_DAILY[backend_app._inmemory_usage_day_doc_id(uid)] = daily
    
        client = TestClient(backend_app.app)
        response = client.post(
            "/support/messages",
            headers={"x-dev-uid": uid},
            json={"text": "Audio generation failed once in studio, can you help me retry?"},
        )
    
        assert response.status_code == 200
        payload = response.json()
        assert payload["aiMode"] == "ai_reply"
        assert payload["conversation"]["status"] == "ai_answered"
        assert payload["conversation"]["priority"] == "green"
        assert len(payload["messages"]) == 2
        assert payload["messages"][1]["fromType"] == "ai"
        reply_text = str(payload["messages"][1]["text"] or "")
>       assert "plan Pro (active)" in reply_text
E       assert 'plan Pro (active)' in 'Thanks for reporting this. I checked your query and suggested quick steps: verify plan/coupon settings, refresh session, and retry once. If the issue continues, reply "still unresolved" and a human agent will take over.'

tests\test_support_ai_autoreply.py:127: AssertionError
_____ test_support_ai_context_scope_is_limited_to_allowed_account_fields ______

    def test_support_ai_context_scope_is_limited_to_allowed_account_fields() -> None:
        _reset_support_ai_state()
        uid = "scope_guard_uid"
        backend_app._write_entitlement(
            uid,
            {
                "plan": "Starter",
                "status": "active",
                "paidVfBalance": 77.0,
                "vffBalance": 11.0,
                "monthlyVfLimit": 50000,
                "stripeCustomerId": "cus_sensitive",
                "subscriptionId": "sub_sensitive",
                "latestInvoiceId": "in_sensitive",
            },
        )
        monthly, daily = backend_app._usage_defaults(uid)
        monthly["vfUsed"] = 123.0
        daily["generationCount"] = 4
        backend_app._INMEMORY_USAGE_MONTHLY[backend_app._inmemory_usage_month_doc_id(uid)] = monthly
        backend_app._INMEMORY_USAGE_DAILY[backend_app._inmemory_usage_day_doc_id(uid)] = daily
    
>       context = backend_app._support_ai_build_limited_account_context(uid, "scope_user")
                  ^^^^^^^^^^^^^^^^^^^^^^^^^^^^^^^^^^^^^^^^^^^^^^^^^^^^^
E       AttributeError: module 'app' has no attribute '_support_ai_build_limited_account_context'

tests\test_support_ai_autoreply.py:154: AttributeError
______ test_runtime_auth_headers_include_gemini_id_token_and_admin_token ______

monkeypatch = <_pytest.monkeypatch.MonkeyPatch object at 0x000002702DC9DE90>

    def test_runtime_auth_headers_include_gemini_id_token_and_admin_token(monkeypatch) -> None:
>       monkeypatch.setattr(backend_app, "TTS_RUNTIME_URL", "https://gemini-runtime.example.run.app")
E       AttributeError: <module 'app' from 'C:\\Users\\1wasi\\OneDrive\\Desktop\\voice-Flow\\backend\\app.py'> has no attribute 'TTS_RUNTIME_URL'

tests\test_tts_cloud_tasks_drain.py:480: AttributeError
___________ test_usage_settlement_prorates_partial_processed_chars ____________

    def test_usage_settlement_prorates_partial_processed_chars() -> None:
        uid = "settle_partial_user"
        request_id = "settle_partial_req_01"
        backend_app._reserve_usage(uid, request_id, "PRIME", 100)
>       settlement = backend_app._finalize_usage(
            uid,
            request_id,
            success=False,
            error_detail="cancelled_abandoned",
            processed_chars=25,
            terminal_reason="cancelled_abandoned",
        )
E       TypeError: _finalize_usage() got an unexpected keyword argument 'processed_chars'

tests\test_tts_refresh_billing_v2.py:44: TypeError
_____ test_refresh_replay_same_request_id_keeps_single_usage_reservation ______

monkeypatch = <_pytest.monkeypatch.MonkeyPatch object at 0x00000270460B1190>

    def test_refresh_replay_same_request_id_keeps_single_usage_reservation(monkeypatch: pytest.MonkeyPatch) -> None:
        monkeypatch.setattr(backend_app, "VF_AUTH_ENFORCE", False)
        monkeypatch.setattr(
            backend_app,
            "_tts_v2_synthesize_chunk",
            lambda payload, text, lane_id: backend_app.TtsV2SynthChunk(audio=b"RIFF" + (b"\x00" * 256), media_type="audio/wav", headers={}),
        )
    
        uid = "refresh_replay_user"
        request_id = f"refresh_replay_{uuid.uuid4().hex[:16]}"
        session = client.post("/tts/v2/sessions", headers={"x-dev-uid": uid})
        assert session.status_code == 201
        session_key = str(session.json().get("sessionKey") or "").strip()
        assert session_key
    
        payload = {
            "request_id": request_id,
            "mode": "single_speaker",
            "engine": "VECTOR",
            "text": "Refresh replay should not reserve usage twice for the same request id.",
        }
        headers = {
            "x-dev-uid": uid,
            "x-vf-tts-session-key": session_key,
            "Idempotency-Key": request_id,
        }
        first = client.post("/tts/v2/jobs", headers=headers, json=payload)
        second = client.post("/tts/v2/jobs", headers=headers, json=payload)
        assert first.status_code in {200, 202}
        assert second.status_code in {200, 202}
        assert str(first.json().get("jobId") or "") == request_id
        assert str(second.json().get("jobId") or "") == request_id
    
        deadline = time.time() + 6.0
        terminal_payload: dict[str, object] = {}
        while time.time() < deadline:
            poll = client.get(f"/tts/v2/jobs/{request_id}", headers={"x-dev-uid": uid})
>           assert poll.status_code == 200
E           assert 202 == 200
E            +  where 202 = <Response [202 Accepted]>.status_code

tests\test_tts_refresh_billing_v2.py:99: AssertionError
________ test_usage_settlement_zero_processed_reverts_generation_count ________

    def test_usage_settlement_zero_processed_reverts_generation_count() -> None:
        uid = "settle_zero_user"
        request_id = "settle_zero_req_01"
        reservation = backend_app._reserve_usage(uid, request_id, "PRIME", 120)
        month_doc_id = str(((reservation.get("event") or {}).get("monthDocId")) or "")
        assert month_doc_id
        monthly_before = backend_app._INMEMORY_USAGE_MONTHLY.get(month_doc_id) or {}
        assert int(monthly_before.get("generationCount") or 0) == 1
    
>       settlement = backend_app._finalize_usage(
            uid,
            request_id,
            success=False,
            error_detail="cancelled_abandoned",
            processed_chars=0,
            terminal_reason="cancelled_abandoned",
        )
E       TypeError: _finalize_usage() got an unexpected keyword argument 'processed_chars'

tests\test_tts_refresh_billing_v2.py:122: TypeError
__________ test_mark_job_cancelled_abandoned_updates_queue_and_usage __________

    def test_mark_job_cancelled_abandoned_updates_queue_and_usage() -> None:
        uid = "abandon_user"
        request_id = "abandon_req_01"
        now_ms = int(time.time() * 1000)
        queued = backend_app._TTS_JOB_QUEUE.submit(
            lane="free",
            payload={
                "jobId": request_id,
                "requestId": request_id,
                "uid": uid,
                "engine": "PRIME",
                "status": "running",
                "createdAtMs": now_ms,
                "updatedAtMs": now_ms,
                "liveState": {
                    "enabled": True,
                    "chunks": [{"index": 0, "textChars": 10}],
                    "playableChunks": 1,
                    "playableDurationMs": 1200,
                    "chunkCursorNext": 1,
                },
            },
        )
        assert str(queued.get("jobId") or "") == request_id
        backend_app._reserve_usage(uid, request_id, "PRIME", 100)
    
>       backend_app._mark_job_cancelled_abandoned(
        ^^^^^^^^^^^^^^^^^^^^^^^^^^^^^^^^^^^^^^^^^
            job_id=request_id,
            uid=uid,
            request_id=request_id,
            engine="PRIME",
            trace_id=request_id,
            processed_chars=10,
        )
E       AttributeError: module 'app' has no attribute '_mark_job_cancelled_abandoned'

tests\test_tts_refresh_billing_v2.py:164: AttributeError
______ test_process_worker_marks_cancelled_abandoned_when_lease_expired _______

    def test_process_worker_marks_cancelled_abandoned_when_lease_expired() -> None:
        uid = "abandon_worker_user"
        request_id = "abandon_worker_req_01"
        now_ms = int(time.time() * 1000)
        backend_app._TTS_JOB_QUEUE.submit(
            lane="free",
            payload={
                "jobId": request_id,
                "requestId": request_id,
                "traceId": request_id,
                "uid": uid,
                "engine": "VECTOR",
                "status": "queued",
                "createdAtMs": now_ms - 100_000,
                "updatedAtMs": now_ms - 95_000,
                "lastClientSeenAtMs": now_ms - 95_000,
                "disconnectGraceMs": 90_000,
                "leaseExpiresAtMs": now_ms - 5_000,
                "liveState": {
                    "enabled": True,
                    "chunks": [{"index": 0, "textChars": 14}],
                    "playableChunks": 1,
                    "playableDurationMs": 1000,
                    "chunkCursorNext": 1,
                },
            },
        )
        backend_app._reserve_usage(uid, request_id, "VECTOR", 100)
    
        record = backend_app._TTS_JOB_QUEUE.reserve_next(worker_id="lease-expired-worker")
        assert isinstance(record, dict)
        backend_app._process_tts_job(record, worker_id="lease-expired-worker")
    
        job = backend_app._TTS_JOB_QUEUE.get(request_id) or {}
        event = backend_app._INMEMORY_USAGE_EVENTS.get(f"{uid}_{request_id}") or {}
>       assert str(job.get("status") or "") == "cancelled"
E       AssertionError: assert 'failed' == 'cancelled'
E         
E         - cancelled
E         + failed

tests\test_tts_refresh_billing_v2.py:217: AssertionError
__________ test_usage_events_settlement_migration_dry_run_and_apply ___________

monkeypatch = <_pytest.monkeypatch.MonkeyPatch object at 0x000002703ED6FB90>

    def test_usage_events_settlement_migration_dry_run_and_apply(monkeypatch: pytest.MonkeyPatch) -> None:
        backend_app._INMEMORY_USAGE_EVENTS["legacy_u_legacy_req"] = {
            "uid": "legacy_u",
            "requestId": "legacy_req",
            "status": "committed",
            "engine": "PRIME",
            "chars": 80,
            "vfCost": 4.0,
            "chargeBreakdown": {"vff": 4.0, "monthlyVf": 0.0, "paidVf": 0.0, "paidVfLots": []},
            "updatedAt": "2026-03-01T00:00:00+00:00",
        }
        monkeypatch.setattr(backend_app, "VF_AUTH_ENFORCE", False)
        monkeypatch.setattr(
            backend_app,
            "_require_permission",
            lambda request, perm: ("admin_test", {"role": "super_admin"}),
        )
        monkeypatch.setattr(
            backend_app,
            "_require_admin_mutation_unlock",
            lambda request, expected_uid=None: "unlock",
        )
        monkeypatch.setattr(backend_app, "_audit_append_event", lambda **kwargs: None)
    
        dry_run_response = client.post(
            "/admin/billing/usage-events/settlement-migration",
            headers={"x-dev-uid": "admin_test"},
            json={"dryRun": True, "limit": 100},
        )
>       assert dry_run_response.status_code == 200
E       assert 404 == 200
E        +  where 404 = <Response [404 Not Found]>.status_code

tests\test_tts_refresh_billing_v2.py:252: AssertionError
_______ test_tts_job_status_payload_exposes_lease_and_settlement_fields _______

    def test_tts_job_status_payload_exposes_lease_and_settlement_fields() -> None:
        now_ms = int(time.time() * 1000)
        payload = backend_app._tts_job_status_payload(
            {
                "jobId": "lease_job_01",
                "requestId": "lease_job_01",
                "traceId": "lease_job_01",
                "status": "running",
                "statusReason": "client_poll",
                "engine": "PRIME",
                "lane": "free",
                "createdAtMs": now_ms - 1000,
                "updatedAtMs": now_ms,
                "leaseExpiresAtMs": now_ms + 90_000,
                "disconnectGraceMs": 90_000,
                "lastClientSeenAtMs": now_ms,
                "reservedChars": 100,
                "reservedVfCost": 5.0,
                "processedChars": 20,
                "billedChars": 20,
                "billedVfCost": 1.0,
                "refundedVfCost": 4.0,
                "settlementKind": "partial",
                "terminalReason": "cancelled_abandoned",
            },
            include_chunks=False,
            include_result=False,
            include_chunk_audio=False,
        )
>       assert str(payload.get("statusReason") or "") == "client_poll"
E       AssertionError: assert '' == 'client_poll'
E         
E         - client_poll

tests\test_tts_refresh_billing_v2.py:309: AssertionError
___________ test_tts_v2_status_forces_chunk_audio_off_for_non_admin ___________

monkeypatch = <_pytest.monkeypatch.MonkeyPatch object at 0x00000270460BC190>

    def test_tts_v2_status_forces_chunk_audio_off_for_non_admin(monkeypatch) -> None:
        monkeypatch.setattr(backend_app, "VF_AUTH_ENFORCE", False)
        captured: dict[str, object] = {}
    
        monkeypatch.setattr(
            backend_app._TTS_V2_ENGINE,
            "get_job",
            lambda *, uid, is_admin, job_id: {
                "jobId": job_id,
                "requestId": job_id,
                "uid": uid,
                "status": "completed",
                "engine": "VECTOR",
            },
        )
    
        def _status_payload(**kwargs):
            captured["include_chunk_audio"] = kwargs.get("include_chunk_audio")
            return {
                "ok": True,
                "jobId": str((kwargs.get("job") or {}).get("jobId") or ""),
                "requestId": str((kwargs.get("job") or {}).get("requestId") or ""),
                "status": "completed",
            }
    
        monkeypatch.setattr(backend_app._TTS_V2_ENGINE, "status_payload", _status_payload)
    
        response = client.get(
            "/tts/v2/jobs/chunk_audio_user",
            headers={"x-dev-uid": "chunk_audio_user"},
            params={"includeChunkAudio": True},
        )
        assert response.status_code == 200
>       assert captured["include_chunk_audio"] is False
E       assert None is False

tests\test_tts_v2_app_hardening.py:169: AssertionError
________ test_reserve_usage_retries_firestore_contention_and_succeeds _________

monkeypatch = <_pytest.monkeypatch.MonkeyPatch object at 0x000002704515E290>

    def test_reserve_usage_retries_firestore_contention_and_succeeds(monkeypatch: pytest.MonkeyPatch) -> None:
        uid = "reservation_retry_user"
        request_id = "reservation_retry_req_01"
        fake_db = _FakeFirestoreDb(
            {
                "entitlements": {
                    uid: _seed_entitlement(uid),
                }
            }
        )
>       _configure_firestore_usage_path(monkeypatch, fake_db)

tests\test_usage_reservation_contention.py:85: 
_ _ _ _ _ _ _ _ _ _ _ _ _ _ _ _ _ _ _ _ _ _ _ _ _ _ _ _ _ _ _ _ _ _ _ _ _ _ _ _

monkeypatch = <_pytest.monkeypatch.MonkeyPatch object at 0x000002704515E290>
fake_db = <test_usage_reservation_contention._FakeFirestoreDb object at 0x0000027045939FD0>

    def _configure_firestore_usage_path(monkeypatch: pytest.MonkeyPatch, fake_db: _FakeFirestoreDb) -> None:
        monkeypatch.setattr(backend_app, "_FIRESTORE_DB", fake_db)
>       monkeypatch.setattr(backend_app, "_prefer_inmemory_entitlement_store", lambda: False)
E       AttributeError: <module 'app' from 'C:\\Users\\1wasi\\OneDrive\\Desktop\\voice-Flow\\backend\\app.py'> has no attribute '_prefer_inmemory_entitlement_store'

tests\test_usage_reservation_contention.py:63: AttributeError
_______ test_reserve_usage_contention_exhaustion_returns_503_retryable ________

monkeypatch = <_pytest.monkeypatch.MonkeyPatch object at 0x000002702DCEF190>

    def test_reserve_usage_contention_exhaustion_returns_503_retryable(monkeypatch: pytest.MonkeyPatch) -> None:
        uid = "reservation_contention_user"
        request_id = "reservation_contention_req_01"
        fake_db = _FakeFirestoreDb(
            {
                "entitlements": {
                    uid: _seed_entitlement(uid),
                }
            }
        )
>       _configure_firestore_usage_path(monkeypatch, fake_db)

tests\test_usage_reservation_contention.py:118: 
_ _ _ _ _ _ _ _ _ _ _ _ _ _ _ _ _ _ _ _ _ _ _ _ _ _ _ _ _ _ _ _ _ _ _ _ _ _ _ _

monkeypatch = <_pytest.monkeypatch.MonkeyPatch object at 0x000002702DCEF190>
fake_db = <test_usage_reservation_contention._FakeFirestoreDb object at 0x0000027045E7E350>

    def _configure_firestore_usage_path(monkeypatch: pytest.MonkeyPatch, fake_db: _FakeFirestoreDb) -> None:
        monkeypatch.setattr(backend_app, "_FIRESTORE_DB", fake_db)
>       monkeypatch.setattr(backend_app, "_prefer_inmemory_entitlement_store", lambda: False)
E       AttributeError: <module 'app' from 'C:\\Users\\1wasi\\OneDrive\\Desktop\\voice-Flow\\backend\\app.py'> has no attribute '_prefer_inmemory_entitlement_store'

tests\test_usage_reservation_contention.py:63: AttributeError
___ test_reserve_usage_precheck_returns_existing_event_without_transaction ____

monkeypatch = <_pytest.monkeypatch.MonkeyPatch object at 0x0000027045ED6890>

    def test_reserve_usage_precheck_returns_existing_event_without_transaction(monkeypatch: pytest.MonkeyPatch) -> None:
        uid = "reservation_precheck_user"
        request_id = "reservation_precheck_req_01"
        event_doc_id = f"{uid}_{request_id}"
        now = backend_app._utc_now()
        month_doc_id = backend_app._inmemory_usage_month_doc_id(uid, now)
        day_doc_id = backend_app._inmemory_usage_day_doc_id(uid, now)
        default_monthly, default_daily = backend_app._usage_defaults(uid, now)
        fake_db = _FakeFirestoreDb(
            {
                "entitlements": {
                    uid: _seed_entitlement(uid),
                },
                "usage_monthly": {
                    month_doc_id: default_monthly,
                },
                "usage_daily": {
                    day_doc_id: default_daily,
                },
                "usage_events": {
                    event_doc_id: {
                        "uid": uid,
                        "requestId": request_id,
                        "status": "reserved",
                        "engine": "PRIME",
                        "chars": 10,
                        "vfCost": 1.0,
                        "monthDocId": month_doc_id,
                        "dayDocId": day_doc_id,
                    }
                },
            }
        )
>       _configure_firestore_usage_path(monkeypatch, fake_db)

tests\test_usage_reservation_contention.py:174: 
_ _ _ _ _ _ _ _ _ _ _ _ _ _ _ _ _ _ _ _ _ _ _ _ _ _ _ _ _ _ _ _ _ _ _ _ _ _ _ _

monkeypatch = <_pytest.monkeypatch.MonkeyPatch object at 0x0000027045ED6890>
fake_db = <test_usage_reservation_contention._FakeFirestoreDb object at 0x000002704515F0D0>

    def _configure_firestore_usage_path(monkeypatch: pytest.MonkeyPatch, fake_db: _FakeFirestoreDb) -> None:
        monkeypatch.setattr(backend_app, "_FIRESTORE_DB", fake_db)
>       monkeypatch.setattr(backend_app, "_prefer_inmemory_entitlement_store", lambda: False)
E       AttributeError: <module 'app' from 'C:\\Users\\1wasi\\OneDrive\\Desktop\\voice-Flow\\backend\\app.py'> has no attribute '_prefer_inmemory_entitlement_store'

tests\test_usage_reservation_contention.py:63: AttributeError
____ test_voice_clone_paid_access_requires_active_paid_plan_and_vc_balance ____

    def test_voice_clone_paid_access_requires_active_paid_plan_and_vc_balance() -> None:
        _reset_inmemory_state()
    
        with pytest.raises(HTTPException) as free_exc:
>           backend_app._voice_clone_require_paid_access("free_user")
            ^^^^^^^^^^^^^^^^^^^^^^^^^^^^^^^^^^^^^^^^^^^^
E           AttributeError: module 'app' has no attribute '_voice_clone_require_paid_access'

tests\test_voice_clone_paid_access_and_vc_grants.py:27: AttributeError
_____ test_voice_clone_paid_access_allows_admin_bypass_without_vc_balance _____

    def test_voice_clone_paid_access_allows_admin_bypass_without_vc_balance() -> None:
        _reset_inmemory_state()
>       entitlement, is_admin, plan_key = backend_app._voice_clone_require_paid_access("admin_voice_clone_user", is_admin=True)
                                          ^^^^^^^^^^^^^^^^^^^^^^^^^^^^^^^^^^^^^^^^^^^^
E       AttributeError: module 'app' has no attribute '_voice_clone_require_paid_access'

tests\test_voice_clone_paid_access_and_vc_grants.py:64: AttributeError
____ test_admin_vc_grant_requires_super_admin_and_updates_granted_balance _____

monkeypatch = <_pytest.monkeypatch.MonkeyPatch object at 0x000002702DCA99D0>

    def test_admin_vc_grant_requires_super_admin_and_updates_granted_balance(monkeypatch: pytest.MonkeyPatch) -> None:
        _reset_inmemory_state()
        monkeypatch.setattr(backend_app, "VF_AUTH_ENFORCE", False)
        monkeypatch.setattr(backend_app, "VF_RBAC_ENABLED", True)
        monkeypatch.setattr(backend_app, "VF_RBAC_ENFORCE", True)
        monkeypatch.setattr(
            backend_app,
            "_require_admin_mutation_unlock",
            lambda _request, expected_uid=None: str(expected_uid or "billing_admin_user"),
        )
        monkeypatch.setattr(backend_app, "_audit_append_event", lambda **kwargs: None)
    
        backend_app._rbac_write_assignment(
            "billing_actor_user",
            {
                "role": backend_app.RBAC_ROLE_BILLING_OPS,
                "allowOverrides": [],
                "denyOverrides": [],
                "status": "active",
                "updatedBy": "seed",
            },
        )
        backend_app._rbac_write_assignment(
            "billing_admin_user",
            {
                "role": backend_app.RBAC_ROLE_SUPER_ADMIN,
                "allowOverrides": [],
                "denyOverrides": [],
                "status": "active",
                "updatedBy": "seed",
            },
        )
        backend_app._write_entitlement(
            "target_wallet_user",
            {
                "plan": "Starter",
                "status": "active",
                "vcFreeBalance": 1,
                "vcGrantedBalance": 0,
                "vcPaidBalance": 2,
            },
        )
    
        client = TestClient(backend_app.app)
    
        denied = client.post(
            "/admin/billing/users/target_wallet_user/vc-grants",
            headers={"x-dev-uid": "billing_actor_user"},
            json={"amount": 5, "note": "bonus grant"},
        )
>       assert denied.status_code == 403
E       assert 404 == 403
E        +  where 404 = <Response [404 Not Found]>.status_code

tests\test_voice_clone_paid_access_and_vc_grants.py:120: AssertionError
__________ test_resolve_gem_runtime_voice_name_supports_alias_tokens __________

    def test_resolve_gem_runtime_voice_name_supports_alias_tokens() -> None:
        assert backend_app._resolve_gem_runtime_voice_name("fenrir") == "Fenrir"
>       assert backend_app._resolve_gem_runtime_voice_name("fenir") == "Fenrir"
E       AssertionError: assert 'fenir' == 'Fenrir'
E         
E         - Fenrir
E         + fenir

tests\test_voice_mapping_resolution.py:16: AssertionError
___________ test_resolve_mapped_profile_supports_normalized_tokens ____________

    def test_resolve_mapped_profile_supports_normalized_tokens() -> None:
        profile_a = backend_app._resolve_mapped_profile("PRIME", "\"v1\"", voice_name="\"Fenrir\"")
        profile_b = backend_app._resolve_mapped_profile("VECTOR", "v1", voice_name="fenrir")
        profile_c = backend_app._resolve_mapped_profile("PRIME", "fenir", voice_name="fenir")
        assert isinstance(profile_a, dict)
        assert isinstance(profile_b, dict)
>       assert isinstance(profile_c, dict)
E       assert False
E        +  where False = isinstance(None, dict)

tests\test_voice_mapping_resolution.py:28: AssertionError
____ test_resolve_history_voice_fields_uses_canonical_id_and_human_display ____

    def test_resolve_history_voice_fields_uses_canonical_id_and_human_display() -> None:
>       voice_id, voice_name = backend_app._resolve_history_voice_fields(
                               ^^^^^^^^^^^^^^^^^^^^^^^^^^^^^^^^^^^^^^^^^
            engine="PRIME",
            voice_id="",
            voice_name="fenir",
        )
E       AttributeError: module 'app' has no attribute '_resolve_history_voice_fields'

tests\test_voice_mapping_resolution.py:35: AttributeError
_________ test_apply_mapped_voice_fields_prefers_public_display_name __________

    def test_apply_mapped_voice_fields_prefers_public_display_name() -> None:
        mapped = backend_app._apply_mapped_voice_fields(
            "PRIME",
            "Fenrir",
            {
                "voice_id": "Fenrir",
                "voice": "Fenrir",
                "name": "Rohan",
            },
        )
    
        assert mapped["name"] == "Arjun India Male"
>       assert mapped["displayName"] == "Arjun India Male"
               ^^^^^^^^^^^^^^^^^^^^^
E       KeyError: 'displayName'

tests\test_voice_mapping_resolution.py:64: KeyError
_______________ test_history_sanitize_item_exposes_display_name _______________

    def test_history_sanitize_item_exposes_display_name() -> None:
        sanitized = backend_app._history_sanitize_item(
            {
                "engine": "PRIME",
                "voiceName": "Rohan",
                "voiceId": "v1",
                "textPreview": "hello",
            }
        )
    
>       assert sanitized["voiceName"] == "Arjun India Male"
E       AssertionError: assert 'Rohan' == 'Arjun India Male'
E         
E         - Arjun India Male
E         + Rohan

tests\test_voice_mapping_resolution.py:95: AssertionError
_____ test_resolve_llvc_model_name_for_runtime_aliases_legacy_profile_ids _____

monkeypatch = <_pytest.monkeypatch.MonkeyPatch object at 0x000002702DCB3B50>

    def test_resolve_llvc_model_name_for_runtime_aliases_legacy_profile_ids(monkeypatch) -> None:
        monkeypatch.setattr(
            backend_app,
            "_llvc_runtime_model_snapshot",
            lambda force_refresh=False: ({"voice_transfer_hq_cpu"}, False),
        )
>       assert backend_app._resolve_llvc_model_name_for_runtime("p17_india_boy") == "voice_transfer_hq_cpu"
E       AssertionError: assert '' == 'voice_transfer_hq_cpu'
E         
E         - voice_transfer_hq_cpu

tests\test_voice_mapping_resolution.py:106: AssertionError
______________ test_speaker_display_label_preserves_human_labels ______________

    def test_speaker_display_label_preserves_human_labels() -> None:
>       assert backend_app._speaker_display_label("Speaker 1") == "Speaker 1"
E       AssertionError: assert 'Speaker 2' == 'Speaker 1'
E         
E         - Speaker 1
E         ?         ^
E         + Speaker 2
E         ?         ^

tests\test_voice_mapping_resolution.py:110: AssertionError
_____ test_build_preferred_voice_map_for_segments_matches_display_labels ______

    def test_build_preferred_voice_map_for_segments_matches_display_labels() -> None:
>       resolved = backend_app._build_preferred_voice_map_for_segments(
                   ^^^^^^^^^^^^^^^^^^^^^^^^^^^^^^^^^^^^^^^^^^^^^^^^^^^
            {
                " [Speaker 1] ": "voice_a",
                "**Speaker 2**": "voice_b",
                "default": "voice_default",
            },
            [
                {"speaker": "SPEAKER_00", "speaker_raw": "Speaker 1"},
                {"speaker": "SPEAKER_01", "speaker_raw": "Speaker 2"},
            ],
        )
E       AttributeError: module 'app' has no attribute '_build_preferred_voice_map_for_segments'

tests\test_voice_mapping_resolution.py:117: AttributeError
_______ test_gem_runtime_voice_catalog_fallback_genders_are_consistent ________

monkeypatch = <_pytest.monkeypatch.MonkeyPatch object at 0x0000027045967E10>

    def test_gem_runtime_voice_catalog_fallback_genders_are_consistent(monkeypatch) -> None:
        monkeypatch.setattr(backend_app, "_load_voice_id_map", lambda: {"version": "0", "engines": {}})
>       catalog = backend_app._gem_runtime_voice_catalog()
                  ^^^^^^^^^^^^^^^^^^^^^^^^^^^^^^^^^^^^^^
E       AttributeError: module 'app' has no attribute '_gem_runtime_voice_catalog'

tests\test_voice_mapping_resolution.py:171: AttributeError
============================== warnings summary ===============================
app.py:25119
app.py:25119
  C:\Users\1wasi\OneDrive\Desktop\voice-Flow\backend\app.py:25119: DeprecationWarning: 
          on_event is deprecated, use lifespan event handlers instead.
  
          Read more about it in the
          [FastAPI docs for Lifespan Events](https://fastapi.tiangolo.com/advanced/events/).
          
    @app.on_event("startup")

..\..\..\..\AppData\Local\Programs\Python\Python311\Lib\site-packages\fastapi\applications.py:4495
..\..\..\..\AppData\Local\Programs\Python\Python311\Lib\site-packages\fastapi\applications.py:4495
..\..\..\..\AppData\Local\Programs\Python\Python311\Lib\site-packages\fastapi\applications.py:4495
..\..\..\..\AppData\Local\Programs\Python\Python311\Lib\site-packages\fastapi\applications.py:4495
  C:\Users\1wasi\AppData\Local\Programs\Python\Python311\Lib\site-packages\fastapi\applications.py:4495: DeprecationWarning: 
          on_event is deprecated, use lifespan event handlers instead.
  
          Read more about it in the
          [FastAPI docs for Lifespan Events](https://fastapi.tiangolo.com/advanced/events/).
          
    return self.router.on_event(event_type)

app.py:25132
app.py:25132
  C:\Users\1wasi\OneDrive\Desktop\voice-Flow\backend\app.py:25132: DeprecationWarning: 
          on_event is deprecated, use lifespan event handlers instead.
  
          Read more about it in the
          [FastAPI docs for Lifespan Events](https://fastapi.tiangolo.com/advanced/events/).
          
    @app.on_event("shutdown")

-- Docs: https://docs.pytest.org/en/stable/how-to/capture-warnings.html
=========================== short test summary info ===========================
FAILED tests/test_account_delete_contract.py::test_account_delete_accepts_backend_confirmation_phrase
FAILED tests/test_account_delete_contract.py::test_account_delete_rejects_spaced_confirmation_phrase
FAILED tests/test_account_delete_contract.py::test_delete_user_account_cleanup_returns_per_collection_summary
FAILED tests/test_admin_accounting.py::test_admin_accounting_read_endpoints_require_billing_read
FAILED tests/test_admin_accounting.py::test_admin_accounting_monitor_run_requires_billing_write_and_unlock
FAILED tests/test_admin_accounting.py::test_runtime_usage_header_parsing_and_usage_event_attachment
FAILED tests/test_admin_accounting.py::test_accounting_usage_events_skip_fallback_token_estimates_without_provider_usage
FAILED tests/test_admin_accounting.py::test_scheduler_executes_accounting_monitor_task
FAILED tests/test_admin_accounting.py::test_scheduler_executes_billing_reconciliation_task
FAILED tests/test_admin_accounting.py::test_billing_usage_reconciliation_uses_finalize_helper_for_stale_reserved_events
FAILED tests/test_admin_accounting.py::test_accounting_summary_exposes_cloud_run_source_warning_when_bigquery_unconfigured
FAILED tests/test_admin_authz.py::test_admin_endpoint_requires_bearer_when_auth_enforced
FAILED tests/test_admin_authz.py::test_admin_endpoint_rejects_non_admin_bearer
FAILED tests/test_admin_authz.py::test_admin_endpoint_accepts_admin_claim_bearer
FAILED tests/test_admin_authz.py::test_admin_endpoint_accepts_firestore_admin_without_claim
FAILED tests/test_admin_authz.py::test_admin_endpoint_requires_allowlisted_uid_in_dev_mode
FAILED tests/test_admin_authz.py::test_admin_allowlist_env_helper_ignores_public_fallbacks
FAILED tests/test_admin_authz.py::test_admin_actor_requires_ops_read_permission
FAILED tests/test_admin_authz.py::test_auth_token_without_uid_is_rejected - A...
FAILED tests/test_admin_authz.py::test_admin_queue_metrics_permission_path_does_not_trigger_profile_writes
FAILED tests/test_admin_authz.py::test_admin_gemini_pools_permission_path_does_not_trigger_profile_writes
FAILED tests/test_admin_authz.py::test_admin_db_mutation_routes_reject_non_super_admin_role
FAILED tests/test_admin_authz.py::test_admin_db_mutation_routes_allow_super_admin_role
FAILED tests/test_admin_authz.py::test_user_profile_upsert_falls_back_on_firestore_transaction_id_failure
FAILED tests/test_admin_authz.py::test_user_profile_upsert_fallback_preserves_user_id_collision_409
FAILED tests/test_admin_authz.py::test_user_profile_upsert_service_disabled_error_is_sanitized
FAILED tests/test_admin_authz.py::test_account_profile_routes_allow_userid_when_firestore_service_disabled
FAILED tests/test_admin_authz.py::test_admin_users_endpoint_repairs_colliding_backfill_user_ids
FAILED tests/test_admin_authz.py::test_admin_users_endpoint_does_not_create_default_entitlement_or_usage_docs
FAILED tests/test_admin_authz.py::test_admin_users_search_handles_missing_profiles_from_firebase_listing
FAILED tests/test_admin_authz.py::test_account_profile_admin_does_not_require_userid
FAILED tests/test_admin_authz.py::test_account_profile_upsert_rejects_admin
FAILED tests/test_admin_authz.py::test_admin_can_submit_tts_without_userid_profile
FAILED tests/test_admin_phase2_control_plane.py::test_rbac_assignment_resolution_and_override_precedence
FAILED tests/test_admin_phase2_control_plane.py::test_rbac_bootstrap_fallback_for_legacy_admin_uid
FAILED tests/test_admin_phase2_control_plane.py::test_rbac_endpoint_gating_with_read_only_role
FAILED tests/test_admin_phase2_control_plane.py::test_audit_chain_append_and_tamper_detection
FAILED tests/test_admin_phase2_control_plane.py::test_alert_evaluator_respects_cooldown
FAILED tests/test_admin_phase2_control_plane.py::test_scheduler_manual_run_records_runs_and_idempotency_key
FAILED tests/test_admin_phase2_control_plane.py::test_audio_metadata_admin_endpoints_require_audit_read_and_log_exports
FAILED tests/test_admin_phase2_control_plane.py::test_audio_metadata_repair_migration_dry_run_apply_verify_logs_audit_events
FAILED tests/test_admin_phase2_control_plane.py::test_audio_metadata_retention_cleanup_removes_only_expired_records
FAILED tests/test_admin_phase2_control_plane.py::test_subscription_coupon_plan_specific_discount_checkout_selection
FAILED tests/test_admin_unlock_and_security.py::test_billing_webhook_security_enforced_in_production
FAILED tests/test_admin_unlock_and_security.py::test_billing_webhook_unsigned_requires_explicit_local_dev_mode
FAILED tests/test_admin_unlock_and_security.py::test_tts_engine_status_paths_require_auth
FAILED tests/test_ai_ops_guardian.py::test_guardian_scan_auto_fixes_single_offline_runtime
FAILED tests/test_audio_compat.py::test_normalize_wav_for_stitch_rewrites_channel_count_and_rate
FAILED tests/test_billing_db_hardening.py::test_firestore_collection_retries_init_when_app_exists_and_db_missing
FAILED tests/test_billing_db_hardening.py::test_user_profile_read_does_not_resurrect_local_fallback_when_firestore_missing
FAILED tests/test_billing_db_hardening.py::test_user_profile_upsert_failfast_on_firestore_unavailable
FAILED tests/test_billing_db_hardening.py::test_checkout_returns_502_when_stripe_customer_create_fails
FAILED tests/test_billing_db_hardening.py::test_stripe_checkout_session_honors_idempotency_key
FAILED tests/test_billing_db_hardening.py::test_token_pack_checkout_session_honors_idempotency_key
FAILED tests/test_billing_db_hardening.py::test_razorpay_subscription_checkout_reuses_idempotent_result
FAILED tests/test_billing_db_hardening.py::test_razorpay_subscription_checkout_reuses_result_when_entitlement_write_fails
FAILED tests/test_billing_db_hardening.py::test_razorpay_checkout_fails_closed_when_idempotency_storage_unavailable
FAILED tests/test_billing_db_hardening.py::test_vc_token_pack_checkout_reuses_idempotent_result
FAILED tests/test_billing_db_hardening.py::test_vc_token_pack_checkout_accepts_all_catalog_keys[starter-55-110]
FAILED tests/test_billing_db_hardening.py::test_vc_token_pack_checkout_accepts_all_catalog_keys[standard-200-400]
FAILED tests/test_billing_db_hardening.py::test_vc_token_pack_checkout_accepts_all_catalog_keys[growth-500-1000]
FAILED tests/test_billing_db_hardening.py::test_vc_token_pack_checkout_accepts_all_catalog_keys[pro-1500-3000]
FAILED tests/test_billing_db_hardening.py::test_vc_token_pack_checkout_accepts_all_catalog_keys[scale-2600-5000]
FAILED tests/test_billing_db_hardening.py::test_checkout_scopes_same_client_idempotency_key_per_user
FAILED tests/test_billing_db_hardening.py::test_checkout_scopes_same_client_idempotency_key_per_subject
FAILED tests/test_billing_db_hardening.py::test_billing_portal_session_returns_razorpay_short_url_when_stripe_unavailable
FAILED tests/test_billing_db_hardening.py::test_billing_subscription_cancel_supports_razorpay_when_stripe_unavailable
FAILED tests/test_billing_db_hardening.py::test_billing_subscription_resume_supports_razorpay_when_stripe_unavailable
FAILED tests/test_billing_db_hardening.py::test_billing_subscription_cancel_updates_stripe_and_syncs_entitlement
FAILED tests/test_billing_db_hardening.py::test_billing_subscription_resume_updates_stripe_and_syncs_entitlement
FAILED tests/test_billing_db_hardening.py::test_billing_webhook_idempotent_by_event_id
FAILED tests/test_billing_db_hardening.py::test_billing_webhook_retries_after_failed_processing
FAILED tests/test_billing_db_hardening.py::test_unknown_price_id_preserves_existing_plan
FAILED tests/test_billing_db_hardening.py::test_token_pack_expiry_recalculation_migration
FAILED tests/test_firebase_auth_and_quota.py::test_auth_enforcement_accepts_valid_token
FAILED tests/test_firebase_auth_and_quota.py::test_auth_enforcement_blocks_unverified_email_token
FAILED tests/test_firebase_auth_and_quota.py::test_auth_enforcement_allows_unverified_admin_email_allowlist
FAILED tests/test_firebase_auth_and_quota.py::test_auth_enforcement_allows_phone_only_token_without_email_claim
FAILED tests/test_firebase_auth_and_quota.py::test_verify_firebase_id_token_checks_revocation
FAILED tests/test_firebase_auth_and_quota.py::test_runtime_status_endpoint_requires_auth_when_enforced
FAILED tests/test_firebase_auth_and_quota.py::test_protected_preflight_returns_cors_success[http://127.0.0.1:43123]
FAILED tests/test_firebase_auth_and_quota.py::test_auth_401_response_includes_cors_headers[http://127.0.0.1:43123]
FAILED tests/test_firebase_auth_and_quota.py::test_tts_synthesize_does_not_enforce_daily_limit
FAILED tests/test_firebase_auth_and_quota.py::test_prime_is_allowed_for_paid_wallet_balance
FAILED tests/test_firebase_auth_and_quota.py::test_prime_is_allowed_for_paid_plan_with_zero_balance
FAILED tests/test_firebase_auth_and_quota.py::test_default_entitlement_uses_free_wallet_policy
FAILED tests/test_firebase_auth_and_quota.py::test_normalize_entitlement_wallet_migrates_free_vff_grant_and_cap
FAILED tests/test_firebase_auth_and_quota.py::test_tts_synthesize_reverts_usage_on_runtime_failure
FAILED tests/test_firebase_auth_and_quota.py::test_admin_reconcile_allowed_engines_dry_run_and_apply
FAILED tests/test_firebase_auth_and_quota.py::test_admin_tts_synthesize_bypasses_daily_and_balance_limits
FAILED tests/test_firebase_auth_and_quota.py::test_billing_webhook_updates_entitlement
FAILED tests/test_firebase_auth_and_quota.py::test_tts_v2_create_prechecks_success_quota_before_reserving_usage
FAILED tests/test_firebase_auth_and_quota.py::test_reserve_tts_success_quota_fails_closed_when_redis_is_required
FAILED tests/test_firebase_auth_and_quota.py::test_reserve_tts_success_quota_records_idempotent_reuse_metric
FAILED tests/test_firebase_auth_and_quota.py::test_tts_v2_create_attaches_success_quota_reservation_payload
FAILED tests/test_firebase_auth_and_quota.py::test_billing_account_summary_returns_subscription_and_invoices
FAILED tests/test_firebase_auth_and_quota.py::test_token_pack_webhook_is_idempotent
FAILED tests/test_firebase_auth_and_quota.py::test_token_pack_webhook_uses_amount_fallback_when_final_amount_missing
FAILED tests/test_firebase_auth_and_quota.py::test_vc_token_pack_webhook_credits_vc_wallet
FAILED tests/test_firebase_auth_and_quota.py::test_wallet_vc_convert_requires_config
FAILED tests/test_firebase_auth_and_quota.py::test_wallet_vc_convert_debits_paid_vf_and_credits_vc
FAILED tests/test_firebase_auth_and_quota.py::test_wallet_vc_convert_returns_429_when_paid_vf_is_insufficient
FAILED tests/test_firebase_auth_and_quota.py::test_vc_token_pack_checkout_requires_config
FAILED tests/test_firebase_auth_and_quota.py::test_vc_token_pack_checkout_session_returns_razorpay_payload
FAILED tests/test_firebase_auth_and_quota.py::test_vc_token_pack_checkout_applies_plan_discount[Pro-growth-500-1000-950]
FAILED tests/test_firebase_auth_and_quota.py::test_vc_token_pack_checkout_applies_plan_discount[Scale-scale-2600-5000-4750]
FAILED tests/test_firebase_auth_and_quota.py::test_vc_monthly_grants_normalized_for_pro_and_scale
FAILED tests/test_firebase_auth_and_quota.py::test_billing_webhook_rejects_oversized_payload
FAILED tests/test_firebase_auth_and_quota.py::test_process_tts_job_finalizes_cancelled_usage
FAILED tests/test_firebase_auth_and_quota.py::test_process_tts_job_finalizes_after_mark_completed
FAILED tests/test_firebase_auth_and_quota.py::test_process_tts_job_uses_payload_when_upstream_payload_missing
FAILED tests/test_firebase_auth_and_quota.py::test_process_tts_job_updates_audio_audit_lifecycle_and_terminal_fields
FAILED tests/test_firebase_auth_and_quota.py::test_process_tts_job_commits_success_quota_reservation_on_success
FAILED tests/test_firebase_auth_and_quota.py::test_process_tts_job_releases_success_quota_reservation_on_cancel
FAILED tests/test_firebase_auth_and_quota.py::test_process_tts_job_falls_back_to_direct_success_commit_when_reservation_commit_is_none
FAILED tests/test_firebase_auth_and_quota.py::test_token_pack_lot_has_6_month_expiry_window
FAILED tests/test_firebase_auth_and_quota.py::test_token_pack_lots_expire_independently_per_purchase
FAILED tests/test_firebase_auth_and_quota.py::test_paid_vf_lot_spend_and_restore_is_lossless
FAILED tests/test_firebase_auth_and_quota.py::test_usage_reserve_revert_restores_paid_vf_lot_debits
FAILED tests/test_firebase_auth_and_quota.py::test_legacy_paid_vf_balance_is_preserved_as_non_expiring_lot
FAILED tests/test_gateway_endpoint_contracts.py::test_tts_engines_status_force_refresh_bypasses_cache
FAILED tests/test_gateway_endpoint_contracts.py::test_routing_regions_is_public_when_auth_enforcement_is_on
FAILED tests/test_gateway_endpoint_contracts.py::test_legacy_tts_routes_return_410
FAILED tests/test_gateway_endpoint_contracts.py::test_phase2_startup_does_not_start_legacy_tts_workers
FAILED tests/test_gateway_endpoint_contracts.py::test_probe_runtime_health_treats_explicit_unhealthy_payload_as_offline
FAILED tests/test_gateway_endpoint_contracts.py::test_runtime_health_probe_timeout_prefers_remote_budget
FAILED tests/test_gateway_endpoint_contracts.py::test_tts_engines_voices_contract_gem_fallback
FAILED tests/test_gateway_endpoint_contracts.py::test_build_tts_upstream_payload_preserves_explicit_model_fields
FAILED tests/test_gemini_runtime_single_speaker_segmentation.py::test_single_speaker_long_text_uses_segmented_windows
FAILED tests/test_media_health_readiness.py::test_media_health_ready_is_ffmpeg_driven_after_vc_removal
FAILED tests/test_notifications_inbox.py::test_notifications_list_get_is_read_only
FAILED tests/test_notifications_inbox.py::test_notifications_list_get_can_sync_when_flag_enabled
FAILED tests/test_notifications_inbox.py::test_notifications_preserve_channel_audience_and_copy_fields
FAILED tests/test_openvoice_artifact_security.py::test_openvoice_artifact_endpoint_enforces_uid_scope
FAILED tests/test_openvoice_artifact_security.py::test_openvoice_artifact_endpoint_rejects_expired_signature
FAILED tests/test_openvoice_artifact_security.py::test_openvoice_artifact_endpoint_allows_signed_link_without_auth_header_in_dev_mode
FAILED tests/test_openvoice_artifact_security.py::test_openvoice_artifact_endpoint_rejects_signature_replay
FAILED tests/test_openvoice_artifact_security.py::test_openvoice_artifact_endpoint_requires_auth_when_auth_enforced
FAILED tests/test_openvoice_artifact_security.py::test_openvoice_artifact_signature_rejects_uid_mismatch
FAILED tests/test_openvoice_artifact_security.py::test_voice_clone_openvoice_separate_returns_503_when_artifact_signing_is_missing
FAILED tests/test_openvoice_benchmark_modal_split.py::test_openvoice_benchmark_uses_cloud_tts_and_openvoice_vc
FAILED tests/test_openvoice_benchmark_modal_split.py::test_openvoice_benchmark_extracts_source_vocals_with_demucs_fast_cpu
FAILED tests/test_openvoice_benchmark_modal_split.py::test_voice_clone_alias_forces_vc_and_warm
FAILED tests/test_openvoice_benchmark_modal_split.py::test_voice_clone_openvoice_route_reuses_idempotent_response
FAILED tests/test_openvoice_benchmark_modal_split.py::test_voice_clone_openvoice_separate_reuses_idempotent_response
FAILED tests/test_openvoice_benchmark_modal_split.py::test_voice_clone_openvoice_separate_returns_demucs_artifacts
FAILED tests/test_openvoice_benchmark_modal_split.py::test_voice_clone_openvoice_separate_prefers_modal_runtime_and_reports_vc_billing
FAILED tests/test_openvoice_benchmark_modal_split.py::test_voice_clone_openvoice_separate_falls_back_to_local_when_modal_errors
FAILED tests/test_openvoice_benchmark_modal_split.py::test_voice_clone_openvoice_separate_rejects_oversized_source_payload
FAILED tests/test_openvoice_benchmark_modal_split.py::test_voice_clone_openvoice_separate_applies_trim_server_side
FAILED tests/test_openvoice_benchmark_modal_split.py::test_voice_clone_openvoice_separate_rejects_invalid_trim_window
FAILED tests/test_openvoice_benchmark_modal_split.py::test_source_separation_cache_key_includes_trim_window
FAILED tests/test_openvoice_benchmark_modal_split.py::test_voice_clone_separation_vc_billing_quote_uses_per_minute_rates
FAILED tests/test_public_watermark_and_publisher_contracts.py::test_extract_watermark_returns_authenticity_only
FAILED tests/test_public_watermark_and_publisher_contracts.py::test_extract_watermark_rejects_unsupported_formats
FAILED tests/test_runtime_contracts_script.py::test_runtime_contract_script_classifies_backend_unreachable
FAILED tests/test_runtime_contracts_script.py::test_runtime_contract_script_allows_auth_challenge_preflight
FAILED tests/test_runtime_contracts_script.py::test_runtime_contract_script_retries_timeout_and_recovers
FAILED tests/test_runtime_contracts_script.py::test_runtime_contract_script_reports_schema_violation
FAILED tests/test_source_separation_runtime.py::test_source_separation_runtime_falls_back_from_quantized_model
FAILED tests/test_support_ai_autoreply.py::test_support_ai_critical_tag_escalates_without_ai_reply
FAILED tests/test_support_ai_autoreply.py::test_support_ai_non_critical_reply_uses_deterministic_limited_context
FAILED tests/test_support_ai_autoreply.py::test_support_ai_context_scope_is_limited_to_allowed_account_fields
FAILED tests/test_tts_cloud_tasks_drain.py::test_runtime_auth_headers_include_gemini_id_token_and_admin_token
FAILED tests/test_tts_refresh_billing_v2.py::test_usage_settlement_prorates_partial_processed_chars
FAILED tests/test_tts_refresh_billing_v2.py::test_refresh_replay_same_request_id_keeps_single_usage_reservation
FAILED tests/test_tts_refresh_billing_v2.py::test_usage_settlement_zero_processed_reverts_generation_count
FAILED tests/test_tts_refresh_billing_v2.py::test_mark_job_cancelled_abandoned_updates_queue_and_usage
FAILED tests/test_tts_refresh_billing_v2.py::test_process_worker_marks_cancelled_abandoned_when_lease_expired
FAILED tests/test_tts_refresh_billing_v2.py::test_usage_events_settlement_migration_dry_run_and_apply
FAILED tests/test_tts_refresh_billing_v2.py::test_tts_job_status_payload_exposes_lease_and_settlement_fields
FAILED tests/test_tts_v2_app_hardening.py::test_tts_v2_status_forces_chunk_audio_off_for_non_admin
FAILED tests/test_usage_reservation_contention.py::test_reserve_usage_retries_firestore_contention_and_succeeds
FAILED tests/test_usage_reservation_contention.py::test_reserve_usage_contention_exhaustion_returns_503_retryable
FAILED tests/test_usage_reservation_contention.py::test_reserve_usage_precheck_returns_existing_event_without_transaction
FAILED tests/test_voice_clone_paid_access_and_vc_grants.py::test_voice_clone_paid_access_requires_active_paid_plan_and_vc_balance
FAILED tests/test_voice_clone_paid_access_and_vc_grants.py::test_voice_clone_paid_access_allows_admin_bypass_without_vc_balance
FAILED tests/test_voice_clone_paid_access_and_vc_grants.py::test_admin_vc_grant_requires_super_admin_and_updates_granted_balance
FAILED tests/test_voice_mapping_resolution.py::test_resolve_gem_runtime_voice_name_supports_alias_tokens
FAILED tests/test_voice_mapping_resolution.py::test_resolve_mapped_profile_supports_normalized_tokens
FAILED tests/test_voice_mapping_resolution.py::test_resolve_history_voice_fields_uses_canonical_id_and_human_display
FAILED tests/test_voice_mapping_resolution.py::test_apply_mapped_voice_fields_prefers_public_display_name
FAILED tests/test_voice_mapping_resolution.py::test_history_sanitize_item_exposes_display_name
FAILED tests/test_voice_mapping_resolution.py::test_resolve_llvc_model_name_for_runtime_aliases_legacy_profile_ids
FAILED tests/test_voice_mapping_resolution.py::test_speaker_display_label_preserves_human_labels
FAILED tests/test_voice_mapping_resolution.py::test_build_preferred_voice_map_for_segments_matches_display_labels
FAILED tests/test_voice_mapping_resolution.py::test_gem_runtime_voice_catalog_fallback_genders_are_consistent
ERROR tests/test_ai_director_billing.py::test_ai_generate_text_bills_platform_usage_from_gemini_tokens
ERROR tests/test_ai_director_billing.py::test_ai_generate_text_marks_user_key_requests_unbilled
ERROR tests/test_ai_director_billing.py::test_ai_generate_text_settles_zero_and_alerts_when_usage_and_recount_are_missing
ERROR tests/test_voice_clone_async_jobs.py::test_openvoice_async_job_is_deduped_and_hides_audio_base64
ERROR tests/test_voice_clone_async_jobs.py::test_openvoice_async_job_registry_survives_restart_and_dedupes_via_redis
ERROR tests/test_voice_clone_async_jobs.py::test_voice_clone_cancel_endpoint_wins_over_inflight_success
ERROR tests/test_voice_clone_provider_switch_api.py::test_provider_get_requires_ops_read_and_returns_modal_only_status
ERROR tests/test_voice_clone_provider_switch_api.py::test_provider_patch_requires_unlock_and_is_terminally_unsupported
ERROR tests/test_voice_clone_stress_api.py::test_voice_clone_stress_admin_routes_require_ops_mutate
ERROR tests/test_voice_clone_stress_api.py::test_voice_clone_stress_start_and_cancel_enforce_admin_unlock
ERROR tests/test_voice_clone_stress_api.py::test_voice_clone_stress_start_rejects_invalid_ramp_bounds
ERROR tests/test_voice_clone_stress_api.py::test_voice_clone_stress_v1_admin_route_aliases_work
ERROR tests/test_voice_clone_stress_api.py::test_voice_clone_stress_defaults_use_two_way_concurrency
ERROR tests/test_voice_clone_stress_api.py::test_voice_clone_stress_voice_clone_ramp_stops_on_failure_and_stays_no_billing
ERROR tests/test_voice_clone_stress_api.py::test_voice_clone_stress_cancel_transitions_to_cancelled_and_halts_dispatch
ERROR tests/test_voice_clone_stress_api.py::test_voice_clone_stress_gemini_flash_pins_prime_and_reports_throughput
= 187 failed, 201 passed, 8 skipped, 8 warnings, 16 errors in 69.58s (0:01:09) =
